Component: ARM Compiler 5.06 update 7 (build 960) Tool: armlink [4d3601]

==============================================================================

Section Cross References

    startup_stm32f103xb.o(STACK) refers (Special) to heapauxi.o(.text) for __use_two_region_memory
    startup_stm32f103xb.o(HEAP) refers (Special) to heapauxi.o(.text) for __use_two_region_memory
    startup_stm32f103xb.o(RESET) refers (Special) to heapauxi.o(.text) for __use_two_region_memory
    startup_stm32f103xb.o(RESET) refers to startup_stm32f103xb.o(STACK) for __initial_sp
    startup_stm32f103xb.o(RESET) refers to startup_stm32f103xb.o(.text) for Reset_Handler
    startup_stm32f103xb.o(RESET) refers to stm32f1xx_it.o(i.NMI_Handler) for NMI_Handler
    startup_stm32f103xb.o(RESET) refers to stm32f1xx_it.o(i.HardFault_Handler) for HardFault_Handler
    startup_stm32f103xb.o(RESET) refers to stm32f1xx_it.o(i.MemManage_Handler) for MemManage_Handler
    startup_stm32f103xb.o(RESET) refers to stm32f1xx_it.o(i.BusFault_Handler) for BusFault_Handler
    startup_stm32f103xb.o(RESET) refers to stm32f1xx_it.o(i.UsageFault_Handler) for UsageFault_Handler
    startup_stm32f103xb.o(RESET) refers to stm32f1xx_it.o(i.SVC_Handler) for SVC_Handler
    startup_stm32f103xb.o(RESET) refers to stm32f1xx_it.o(i.DebugMon_Handler) for DebugMon_Handler
    startup_stm32f103xb.o(RESET) refers to stm32f1xx_it.o(i.PendSV_Handler) for PendSV_Handler
    startup_stm32f103xb.o(RESET) refers to stm32f1xx_it.o(i.SysTick_Handler) for SysTick_Handler
    startup_stm32f103xb.o(RESET) refers to stm32f1xx_it.o(i.USART1_IRQHandler) for USART1_IRQHandler
    startup_stm32f103xb.o(.text) refers (Special) to heapauxi.o(.text) for __use_two_region_memory
    startup_stm32f103xb.o(.text) refers to system_stm32f1xx.o(i.SystemInit) for SystemInit
    startup_stm32f103xb.o(.text) refers to __main.o(!!!main) for __main
    startup_stm32f103xb.o(.text) refers to startup_stm32f103xb.o(HEAP) for Heap_Mem
    startup_stm32f103xb.o(.text) refers to startup_stm32f103xb.o(STACK) for Stack_Mem
    main.o(i.SystemClock_Config) refers to rt_memclr_w.o(.text) for __aeabi_memclr4
    main.o(i.SystemClock_Config) refers to stm32f1xx_hal_rcc.o(i.HAL_RCC_OscConfig) for HAL_RCC_OscConfig
    main.o(i.SystemClock_Config) refers to stm32f1xx_hal_rcc.o(i.HAL_RCC_ClockConfig) for HAL_RCC_ClockConfig
    main.o(i.main) refers to stm32f1xx_hal.o(i.HAL_Init) for HAL_Init
    main.o(i.main) refers to main.o(i.SystemClock_Config) for SystemClock_Config
    main.o(i.main) refers to gpio.o(i.MX_GPIO_Init) for MX_GPIO_Init
    main.o(i.main) refers to spi.o(i.MX_SPI1_Init) for MX_SPI1_Init
    main.o(i.main) refers to usart.o(i.MX_USART1_UART_Init) for MX_USART1_UART_Init
    main.o(i.main) refers to oled_hal.o(i.OLED_HAL_Init) for OLED_HAL_Init
    main.o(i.main) refers to oled_hal.o(i.OLED_HAL_Clear) for OLED_HAL_Clear
    main.o(i.main) refers to delay.o(i.delay_init) for delay_init
    main.o(i.main) refers to mpu6050.o(i.MPU6050_initialize) for MPU6050_initialize
    main.o(i.main) refers to mpu6050.o(i.DMP_Init) for DMP_Init
    main.o(i.main) refers to mpu6050.o(i.Get_Angle) for Get_Angle
    main.o(i.main) refers to main.o(.data) for .data
    gpio.o(i.MX_GPIO_Init) refers to stm32f1xx_hal_gpio.o(i.HAL_GPIO_WritePin) for HAL_GPIO_WritePin
    gpio.o(i.MX_GPIO_Init) refers to stm32f1xx_hal_gpio.o(i.HAL_GPIO_Init) for HAL_GPIO_Init
    spi.o(i.HAL_SPI_MspDeInit) refers to stm32f1xx_hal_gpio.o(i.HAL_GPIO_DeInit) for HAL_GPIO_DeInit
    spi.o(i.HAL_SPI_MspInit) refers to stm32f1xx_hal_gpio.o(i.HAL_GPIO_Init) for HAL_GPIO_Init
    spi.o(i.MX_SPI1_Init) refers to stm32f1xx_hal_spi.o(i.HAL_SPI_Init) for HAL_SPI_Init
    spi.o(i.MX_SPI1_Init) refers to main.o(i.Error_Handler) for Error_Handler
    spi.o(i.MX_SPI1_Init) refers to spi.o(.bss) for .bss
    usart.o(i.HAL_UART_MspDeInit) refers to stm32f1xx_hal_gpio.o(i.HAL_GPIO_DeInit) for HAL_GPIO_DeInit
    usart.o(i.HAL_UART_MspDeInit) refers to stm32f1xx_hal_cortex.o(i.HAL_NVIC_DisableIRQ) for HAL_NVIC_DisableIRQ
    usart.o(i.HAL_UART_MspInit) refers to stm32f1xx_hal_gpio.o(i.HAL_GPIO_Init) for HAL_GPIO_Init
    usart.o(i.HAL_UART_MspInit) refers to stm32f1xx_hal_cortex.o(i.HAL_NVIC_SetPriority) for HAL_NVIC_SetPriority
    usart.o(i.HAL_UART_MspInit) refers to stm32f1xx_hal_cortex.o(i.HAL_NVIC_EnableIRQ) for HAL_NVIC_EnableIRQ
    usart.o(i.MX_USART1_UART_Init) refers to stm32f1xx_hal_uart.o(i.HAL_UART_Init) for HAL_UART_Init
    usart.o(i.MX_USART1_UART_Init) refers to main.o(i.Error_Handler) for Error_Handler
    usart.o(i.MX_USART1_UART_Init) refers to usart.o(.bss) for .bss
    usart.o(i.fputc) refers to stm32f1xx_hal_uart.o(i.HAL_UART_Transmit) for HAL_UART_Transmit
    usart.o(i.fputc) refers to usart.o(.bss) for .bss
    stm32f1xx_it.o(i.SysTick_Handler) refers to stm32f1xx_hal.o(i.HAL_IncTick) for HAL_IncTick
    stm32f1xx_it.o(i.USART1_IRQHandler) refers to stm32f1xx_hal_uart.o(i.HAL_UART_IRQHandler) for HAL_UART_IRQHandler
[...]
    __lcnum_c_start                          0x08007fc8   Data           0  lc_numeric_c.o(locale$$data)
    __lcnum_c_point                          0x08007fd4   Data           0  lc_numeric_c.o(locale$$data)
    __lcnum_c_thousands                      0x08007fd6   Data           0  lc_numeric_c.o(locale$$data)
    __lcnum_c_grouping                       0x08007fd7   Data           0  lc_numeric_c.o(locale$$data)
    __lcnum_c_end                            0x08007fd8   Data           0  lc_numeric_c.o(locale$$data)
    .data                                    0x20000000   Section        1  main.o(.data)
    .data                                    0x20000001   Section        1  main.o(.data)
    .data                                    0x20000004   Section        4  main.o(.data)
    .data                                    0x20000008   Section        4  main.o(.data)
    .data                                    0x2000000c   Section        4  main.o(.data)
    .data                                    0x20000010   Section        4  main.o(.data)
    .data                                    0x20000014   Section        4  main.o(.data)
    .data                                    0x20000018   Section        4  usart.o(.data)
    .data                                    0x2000001c   Section       12  stm32f1xx_hal.o(.data)
    .data                                    0x20000028   Section        4  system_stm32f1xx.o(.data)
    .data                                    0x2000002c   Section        4  delay.o(.data)
    fac_us                                   0x2000002c   Data           1  delay.o(.data)
    fac_ms                                   0x2000002e   Data           2  delay.o(.data)
    .data                                    0x20000030   Section      124  filter.o(.data)
    angle                                    0x20000034   Data           4  filter.o(.data)
    Q_bias                                   0x20000038   Data           4  filter.o(.data)
    Angle_err                                0x2000003c   Data           4  filter.o(.data)
    PCt_0                                    0x20000040   Data           4  filter.o(.data)
    PCt_1                                    0x20000044   Data           4  filter.o(.data)
    E                                        0x20000048   Data           4  filter.o(.data)
    K_0                                      0x2000004c   Data           4  filter.o(.data)
    K_1                                      0x20000050   Data           4  filter.o(.data)
    t_0                                      0x20000054   Data           4  filter.o(.data)
    t_1                                      0x20000058   Data           4  filter.o(.data)
    angle                                    0x2000005c   Data           4  filter.o(.data)
    angle                                    0x20000060   Data           4  filter.o(.data)
    Q_bias                                   0x20000064   Data           4  filter.o(.data)
    Angle_err                                0x20000068   Data           4  filter.o(.data)
    PCt_0                                    0x2000006c   Data           4  filter.o(.data)
    PCt_1                                    0x20000070   Data           4  filter.o(.data)
    E                                        0x20000074   Data           4  filter.o(.data)
    K_0                                      0x20000078   Data           4  filter.o(.data)
    K_1                                      0x2000007c   Data           4  filter.o(.data)
    t_0                                      0x20000080   Data           4  filter.o(.data)
    t_1                                      0x20000084   Data           4  filter.o(.data)
    angle                                    0x20000088   Data           4  filter.o(.data)
    PP                                       0x2000008c   Data          16  filter.o(.data)
    PP                                       0x2000009c   Data          16  filter.o(.data)
    .data                                    0x200000ac   Section       44  inv_mpu.o(.data)
    st                                       0x200000ac   Data          44  inv_mpu.o(.data)
    .data                                    0x200000d8   Section       53  mpu6050.o(.data)
    gyro_orientation                         0x20000104   Data           9  mpu6050.o(.data)
    .bss                                     0x20000110   Section       88  spi.o(.bss)
    .bss                                     0x20000168   Section       72  usart.o(.bss)
    .bss                                     0x200001b0   Section     1152  oled_hal.o(.bss)
    .bss                                     0x20000630   Section       32  filter.o(.bss)
    Pdot                                     0x20000630   Data          16  filter.o(.bss)
    Pdot                                     0x20000640   Data          16  filter.o(.bss)
    .bss                                     0x20000650   Section       16  inv_mpu_dmp_motion_driver.o(.bss)
    dmp                                      0x20000650   Data          16  inv_mpu_dmp_motion_driver.o(.bss)
    .bss                                     0x20000660   Section       96  libspace.o(.bss)
    HEAP                                     0x200006c0   Section      512  startup_stm32f103xb.o(HEAP)
    Heap_Mem                                 0x200006c0   Data         512  startup_stm32f103xb.o(HEAP)
    STACK                                    0x200008c0   Section     1024  startup_stm32f103xb.o(STACK)
    Stack_Mem                                0x200008c0   Data        1024  startup_stm32f103xb.o(STACK)
    __initial_sp                             0x20000cc0   Data           0  startup_stm32f103xb.o(STACK)

    Global Symbols

    Symbol Name                              Value     Ov Type        Size  Object(Section)

    BuildAttributes$$THM_ISAv4$P$D$K$B$S$PE$A:L22UL41UL21$X:L11$S22US41US21$IEEE1$IW$USESV6$~STKCKD$USESV7$~SHL$OTIME$ROPI$IEEEX$EBA8$UX$STANDARDLIB$REQ8$PRES8$EABIv2 0x00000000   Number         0  anon$$obj.o ABSOLUTE
    __ARM_use_no_argv                        0x00000000   Number         0  main.o ABSOLUTE
    _printf_flags                            0x00000000   Number         0  printf_stubs.o ABSOLUTE
    _printf_return_value                     0x00000000   Number         0  printf_stubs.o ABSOLUTE
    _printf_sizespec                         0x00000000   Number         0  printf_stubs.o ABSOLUTE
    _printf_widthprec                        0x00000000   Number         0  printf_stubs.o ABSOLUTE
    __ARM_exceptions_init                     - Undefined Weak Reference
    __alloca_initialize                       - Undefined Weak Reference
    __arm_fini_                               - Undefined Weak Reference
    __arm_preinit_                            - Undefined Weak Reference
    __cpp_initialize__aeabi_                  - Undefined Weak Reference
    __cxa_finalize                            - Undefined Weak Reference
    __sigvec_lookup                           - Undefined Weak Reference
    _atexit_init                              - Undefined Weak Reference
    _call_atexit_fns                          - Undefined Weak Reference
    _clock_init                               - Undefined Weak Reference
    _fp_trap_init                             - Undefined Weak Reference
    _fp_trap_shutdown                         - Undefined Weak Reference
    _get_lc_collate                           - Undefined Weak Reference
    _get_lc_ctype                             - Undefined Weak Reference
    _get_lc_monetary                          - Undefined Weak Reference
    _get_lc_time                              - Undefined Weak Reference
    _getenv_init                              - Undefined Weak Reference
    _handle_redirection                       - Undefined Weak Reference
    _init_alloc                               - Undefined Weak Reference
    _init_user_alloc                          - Undefined Weak Reference
    _initio                                   - Undefined Weak Reference
    _mutex_acquire                            - Undefined Weak Reference
    _mutex_release                            - Undefined Weak Reference
    _printf_post_padding                      - Undefined Weak Reference
    _printf_pre_padding                       - Undefined Weak Reference
    _printf_truncate_signed                   - Undefined Weak Reference
    _printf_truncate_unsigned                 - Undefined Weak Reference
    _rand_init                                - Undefined Weak Reference
    _signal_finish                            - Undefined Weak Reference
    _signal_init                              - Undefined Weak Reference
    _terminate_alloc                          - Undefined Weak Reference
    _terminate_user_alloc                     - Undefined Weak Reference
    _terminateio                              - Undefined Weak Reference
    __Vectors_Size                           0x000000ec   Number         0  startup_stm32f103xb.o ABSOLUTE
    __Vectors                                0x08000000   Data           4  startup_stm32f103xb.o(RESET)
    __Vectors_End                            0x080000ec   Data           0  startup_stm32f103xb.o(RESET)
    __main                                   0x080000ed   Thumb Code     8  __main.o(!!!main)
    __scatterload                            0x080000f5   Thumb Code     0  __scatter.o(!!!scatter)
    __scatterload_rt2                        0x080000f5   Thumb Code    44  __scatter.o(!!!scatter)
    __scatterload_rt2_thumb_only             0x080000f5   Thumb Code     0  __scatter.o(!!!scatter)
    __scatterload_null                       0x08000103   Thumb Code     0  __scatter.o(!!!scatter)
    __scatterload_copy                       0x08000129   Thumb Code    26  __scatter_copy.o(!!handler_copy)
    __scatterload_zeroinit                   0x08000145   Thumb Code    28  __scatter_zi.o(!!handler_zi)
    _printf_f                                0x08000161   Thumb Code     0  _printf_f.o(.ARM.Collect$$_printf_percent$$00000003)
    _printf_percent                          0x08000161   Thumb Code     0  _printf_percent.o(.ARM.Collect$$_printf_percent$$00000000)
    _printf_d                                0x08000167   Thumb Code     0  _printf_d.o(.ARM.Collect$$_printf_percent$$00000009)
    _printf_percent_end                      0x0800016d   Thumb Code     0  _printf_percent_end.o(.ARM.Collect$$_printf_percent$$00000017)
    __rt_lib_init                            0x08000171   Thumb Code     0  libinit.o(.ARM.Collect$$libinit$$00000000)
    __rt_lib_init_fp_1                       0x08000173   Thumb Code     0  libinit2.o(.ARM.Collect$$libinit$$00000002)
    __rt_lib_init_heap_1                     0x08000173   Thumb Code     0  libinit2.o(.ARM.Collect$$libinit$$0000000A)
    __rt_lib_init_lc_common                  0x08000173   Thumb Code     0  libinit2.o(.ARM.Collect$$libinit$$0000000F)
    __rt_lib_init_preinit_1                  0x08000173   Thumb Code     0  libinit2.o(.ARM.Collect$$libinit$$00000004)
    __rt_lib_init_rand_1                     0x08000173   Thumb Code     0  libinit2.o(.ARM.Collect$$libinit$$0000000E)
    __rt_lib_init_user_alloc_1               0x08000173   Thumb Code     0  libinit2.o(.ARM.Collect$$libinit$$0000000C)
    __rt_lib_init_lc_collate_1               0x08000179   Thumb Code     0  libinit2.o(.ARM.Collect$$libinit$$00000011)
    __rt_lib_init_lc_ctype_1                 0x08000179   Thumb Code     0  libinit2.o(.ARM.Collect$$libinit$$00000013)
    __rt_lib_init_lc_monetary_1              0x08000179   Thumb Code     0  libinit2.o(.ARM.Collect$$libinit$$00000015)
    __rt_lib_init_lc_numeric_2               0x08000179   Thumb Code     0  libinit2.o(.ARM.Collect$$libinit$$00000016)
    __rt_lib_init_alloca_1                   0x08000183   Thumb Code     0  libinit2.o(.ARM.Collect$$libinit$$0000002E)
    __rt_lib_init_argv_1                     0x08000183   Thumb Code     0  libinit2.o(.ARM.Collect$$libinit$$0000002C)
    __rt_lib_init_atexit_1                   0x08000183   Thumb Code     0  libinit2.o(.ARM.Collect$$libinit$$0000001B)
    __rt_lib_init_clock_1                    0x08000183   Thumb Code     0  libinit2.o(.ARM.Collect$$libinit$$00000021)
    __rt_lib_init_cpp_1                      0x08000183   Thumb Code     0  libinit2.o(.ARM.Collect$$libinit$$00000032)
    __rt_lib_init_exceptions_1               0x08000183   Thumb Code     0  libinit2.o(.ARM.Collect$$libinit$$00000030)
    __rt_lib_init_fp_trap_1                  0x08000183   Thumb Code     0  libinit2.o(.ARM.Collect$$libinit$$0000001F)
    __rt_lib_init_getenv_1                   0x08000183   Thumb Code     0  libinit2.o(.ARM.Collect$$libinit$$00000023)
    __rt_lib_init_lc_numeric_1               0x08000183   Thumb Code     0  libinit2.o(.ARM.Collect$$libinit$$00000017)
    __rt_lib_init_lc_time_1                  0x08000183   Thumb Code     0  libinit2.o(.ARM.Collect$$libinit$$00000019)
    __rt_lib_init_return                     0x08000183   Thumb Code     0  libinit2.o(.ARM.Collect$$libinit$$00000033)
    __rt_lib_init_signal_1                   0x08000183   Thumb Code     0  libinit2.o(.ARM.Collect$$libinit$$0000001D)
    __rt_lib_init_stdio_1                    0x08000183   Thumb Code     0  libinit2.o(.ARM.Collect$$libinit$$00000025)
    __rt_lib_shutdown                        0x08000185   Thumb Code     0  libshutdown.o(.ARM.Collect$$libshutdown$$00000000)
    __rt_lib_shutdown_cpp_1                  0x08000187   Thumb Code     0  libshutdown2.o(.ARM.Collect$$libshutdown$$00000004)
    __rt_lib_shutdown_fini_1                 0x08000187   Thumb Code     0  libshutdown2.o(.ARM.Collect$$libshutdown$$00000002)
    __rt_lib_shutdown_fp_trap_1              0x08000187   Thumb Code     0  libshutdown2.o(.ARM.Collect$$libshutdown$$00000009)
    __rt_lib_shutdown_heap_1                 0x08000187   Thumb Code     0  libshutdown2.o(.ARM.Collect$$libshutdown$$00000011)
    __rt_lib_shutdown_return                 0x08000187   Thumb Code     0  libshutdown2.o(.ARM.Collect$$libshutdown$$00000012)
    __rt_lib_shutdown_signal_1               0x08000187   Thumb Code     0  libshutdown2.o(.ARM.Collect$$libshutdown$$0000000C)
    __rt_lib_shutdown_stdio_1                0x08000187   Thumb Code     0  libshutdown2.o(.ARM.Collect$$libshutdown$$00000006)
    __rt_lib_shutdown_user_alloc_1           0x08000187   Thumb Code     0  libshutdown2.o(.ARM.Collect$$libshutdown$$0000000E)
    __rt_entry                               0x08000189   Thumb Code     0  __rtentry.o(.ARM.Collect$$rtentry$$00000000)
    __rt_entry_presh_1                       0x08000189   Thumb Code     0  __rtentry2.o(.ARM.Collect$$rtentry$$00000002)
    __rt_entry_sh                            0x08000189   Thumb Code     0  __rtentry4.o(.ARM.Collect$$rtentry$$00000004)
    __rt_entry_li                            0x0800018f   Thumb Code     0  __rtentry2.o(.ARM.Collect$$rtentry$$0000000A)
    __rt_entry_postsh_1                      0x0800018f   Thumb Code     0  __rtentry2.o(.ARM.Collect$$rtentry$$00000009)
    __rt_entry_main                          0x08000193   Thumb Code     0  __rtentry2.o(.ARM.Collect$$rtentry$$0000000D)
    __rt_entry_postli_1                      0x08000193   Thumb Code     0  __rtentry2.o(.ARM.Collect$$rtentry$$0000000C)
    __rt_exit                                0x0800019b   Thumb Code     0  rtexit.o(.ARM.Collect$$rtexit$$00000000)
    __rt_exit_ls                             0x0800019d   Thumb Code     0  rtexit2.o(.ARM.Collect$$rtexit$$00000003)
    __rt_exit_prels_1                        0x0800019d   Thumb Code     0  rtexit2.o(.ARM.Collect$$rtexit$$00000002)
    __rt_exit_exit                           0x080001a1   Thumb Code     0  rtexit2.o(.ARM.Collect$$rtexit$$00000004)
    Reset_Handler                            0x080001a9   Thumb Code     8  startup_stm32f103xb.o(.text)
    ADC1_2_IRQHandler                        0x080001c3   Thumb Code     0  startup_stm32f103xb.o(.text)
    CAN1_RX1_IRQHandler                      0x080001c3   Thumb Code     0  startup_stm32f103xb.o(.text)
    CAN1_SCE_IRQHandler                      0x080001c3   Thumb Code     0  startup_stm32f103xb.o(.text)
    DMA1_Channel1_IRQHandler                 0x080001c3   Thumb Code     0  startup_stm32f103xb.o(.text)
    DMA1_Channel2_IRQHandler                 0x080001c3   Thumb Code     0  startup_stm32f103xb.o(.text)
    DMA1_Channel3_IRQHandler                 0x080001c3   Thumb Code     0  startup_stm32f103xb.o(.text)
    DMA1_Channel4_IRQHandler                 0x080001c3   Thumb Code     0  startup_stm32f103xb.o(.text)
    DMA1_Channel5_IRQHandler                 0x080001c3   Thumb Code     0  startup_stm32f103xb.o(.text)
    DMA1_Channel6_IRQHandler                 0x080001c3   Thumb Code     0  startup_stm32f103xb.o(.text)
    DMA1_Channel7_IRQHandler                 0x080001c3   Thumb Code     0  startup_stm32f103xb.o(.text)
    EXTI0_IRQHandler                         0x080001c3   Thumb Code     0  startup_stm32f103xb.o(.text)
    EXTI15_10_IRQHandler                     0x080001c3   Thumb Code     0  startup_stm32f103xb.o(.text)
    EXTI1_IRQHandler                         0x080001c3   Thumb Code     0  startup_stm32f103xb.o(.text)
    EXTI2_IRQHandler                         0x080001c3   Thumb Code     0  startup_stm32f103xb.o(.text)
    EXTI3_IRQHandler                         0x080001c3   Thumb Code     0  startup_stm32f103xb.o(.text)
    EXTI4_IRQHandler                         0x080001c3   Thumb Code     0  startup_stm32f103xb.o(.text)
    EXTI9_5_IRQHandler                       0x080001c3   Thumb Code     0  startup_stm32f103xb.o(.text)
    FLASH_IRQHandler                         0x080001c3   Thumb Code     0  startup_stm32f103xb.o(.text)
    I2C1_ER_IRQHandler                       0x080001c3   Thumb Code     0  startup_stm32f103xb.o(.text)
    I2C1_EV_IRQHandler                       0x080001c3   Thumb Code     0  startup_stm32f103xb.o(.text)
    I2C2_ER_IRQHandler                       0x080001c3   Thumb Code     0  startup_stm32f103xb.o(.text)
    I2C2_EV_IRQHandler                       0x080001c3   Thumb Code     0  startup_stm32f103xb.o(.text)
    PVD_IRQHandler                           0x080001c3   Thumb Code     0  startup_stm32f103xb.o(.text)
    RCC_IRQHandler                           0x080001c3   Thumb Code     0  startup_stm32f103xb.o(.text)
    RTC_Alarm_IRQHandler                     0x080001c3   Thumb Code     0  startup_stm32f103xb.o(.text)
    RTC_IRQHandler                           0x080001c3   Thumb Code     0  startup_stm32f103xb.o(.text)
    SPI1_IRQHandler                          0x080001c3   Thumb Code     0  startup_stm32f103xb.o(.text)
    SPI2_IRQHandler                          0x080001c3   Thumb Code     0  startup_stm32f103xb.o(.text)
    TAMPER_IRQHandler                        0x080001c3   Thumb Code     0  startup_stm32f103xb.o(.text)
    TIM1_BRK_IRQHandler                      0x080001c3   Thumb Code     0  startup_stm32f103xb.o(.text)
    TIM1_CC_IRQHandler                       0x080001c3   Thumb Code     0  startup_stm32f103xb.o(.text)
    TIM1_TRG_COM_IRQHandler                  0x080001c3   Thumb Code     0  startup_stm32f103xb.o(.text)
    TIM1_UP_IRQHandler                       0x080001c3   Thumb Code     0  startup_stm32f103xb.o(.text)
    TIM2_IRQHandler                          0x080001c3   Thumb Code     0  startup_stm32f103xb.o(.text)
    TIM3_IRQHandler                          0x080001c3   Thumb Code     0  startup_stm32f103xb.o(.text)
    TIM4_IRQHandler                          0x080001c3   Thumb Code     0  startup_stm32f103xb.o(.text)
    USART2_IRQHandler                        0x080001c3   Thumb Code     0  startup_stm32f103xb.o(.text)
    USART3_IRQHandler                        0x080001c3   Thumb Code     0  startup_stm32f103xb.o(.text)
    USBWakeUp_IRQHandler                     0x080001c3   Thumb Code     0  startup_stm32f103xb.o(.text)
    USB_HP_CAN1_TX_IRQHandler                0x080001c3   Thumb Code     0  startup_stm32f103xb.o(.text)
    USB_LP_CAN1_RX0_IRQHandler               0x080001c3   Thumb Code     0  startup_stm32f103xb.o(.text)
    WWDG_IRQHandler                          0x080001c3   Thumb Code     0  startup_stm32f103xb.o(.text)
    __user_initial_stackheap                 0x080001c5   Thumb Code     0  startup_stm32f103xb.o(.text)
    __aeabi_ldivmod                          0x080001e9   Thumb Code     0  llsdiv.o(.text)
    _ll_sdiv                                 0x080001e9   Thumb Code    72  llsdiv.o(.text)
    __2printf                                0x08000231   Thumb Code    20  noretval__2printf.o(.text)
    _printf_int_dec                          0x08000249   Thumb Code   104  _printf_dec.o(.text)
    __printf                                 0x080002c1   Thumb Code   270  __printf_wp.o(.text)
    memcmp                                   0x080003cf   Thumb Code    88  memcmp.o(.text)
    __aeabi_memset                           0x08000427   Thumb Code    16  aeabi_memset.o(.text)
    __aeabi_memclr4                          0x08000437   Thumb Code     0  rt_memclr_w.o(.text)
    __aeabi_memclr8                          0x08000437   Thumb Code     0  rt_memclr_w.o(.text)
    __rt_memclr_w                            0x08000437   Thumb Code    78  rt_memclr_w.o(.text)
    _memset_w                                0x0800043b   Thumb Code     0  rt_memclr_w.o(.text)
    __use_two_region_memory                  0x08000485   Thumb Code     2  heapauxi.o(.text)
    __rt_heap_escrow$2region                 0x08000487   Thumb Code     2  heapauxi.o(.text)
    __rt_heap_expand$2region                 0x08000489   Thumb Code     2  heapauxi.o(.text)
    __aeabi_uldivmod                         0x0800048b   Thumb Code     0  lludivv7m.o(.text)
    _ll_udiv                                 0x0800048b   Thumb Code   238  lludivv7m.o(.text)
    __read_errno                             0x08000579   Thumb Code    10  _rserrno.o(.text)
    __set_errno                              0x08000583   Thumb Code    12  _rserrno.o(.text)
    _printf_int_common                       0x0800058f   Thumb Code   178  _printf_intcommon.o(.text)
    __lib_sel_fp_printf                      0x08000641   Thumb Code     2  _printf_fp_dec.o(.text)
    _printf_fp_dec_real                      0x080007f3   Thumb Code   620  _printf_fp_dec.o(.text)
    _printf_char_file                        0x08000a61   Thumb Code    32  _printf_char_file.o(.text)
    __aeabi_memclr                           0x08000a85   Thumb Code     0  rt_memclr.o(.text)
    __rt_memclr                              0x08000a85   Thumb Code    68  rt_memclr.o(.text)
    _memset                                  0x08000a89   Thumb Code     0  rt_memclr.o(.text)
    __rt_locale                              0x08000ac9   Thumb Code     8  rt_locale_intlibspace.o(.text)
    __aeabi_errno_addr                       0x08000ad1   Thumb Code     8  rt_errno_addr_intlibspace.o(.text)
    __errno$intlibspace                      0x08000ad1   Thumb Code     0  rt_errno_addr_intlibspace.o(.text)
    __rt_errno_addr$intlibspace              0x08000ad1   Thumb Code     0  rt_errno_addr_intlibspace.o(.text)
    _ll_udiv10                               0x08000ad9   Thumb Code   138  lludiv10.o(.text)
    _printf_char_common                      0x08000b6f   Thumb Code    32  _printf_char_common.o(.text)
    _printf_fp_infnan                        0x08000b95   Thumb Code   112  _printf_fp_infnan.o(.text)
    _btod_etento                             0x08000c15   Thumb Code   224  bigflt0.o(.text)
    ferror                                   0x08000cf9   Thumb Code     8  ferror.o(.text)
    __user_libspace                          0x08000d01   Thumb Code     8  libspace.o(.text)
    __user_perproc_libspace                  0x08000d01   Thumb Code     0  libspace.o(.text)
    __user_perthread_libspace                0x08000d01   Thumb Code     0  libspace.o(.text)
    __user_setup_stackheap                   0x08000d09   Thumb Code    74  sys_stackheap_outer.o(.text)
    exit                                     0x08000d53   Thumb Code    18  exit.o(.text)
    strcmp                                   0x08000d65   Thumb Code   128  strcmpv7m.o(.text)
    _btod_d2e                                0x08000de5   Thumb Code    62  btod.o(CL$$btod_d2e)
    _d2e_denorm_low                          0x08000e23   Thumb Code    70  btod.o(CL$$btod_d2e_denorm_low)
    _d2e_norm_op1                            0x08000e69   Thumb Code    96  btod.o(CL$$btod_d2e_norm_op1)
    __btod_div_common                        0x08000ec9   Thumb Code   696  btod.o(CL$$btod_div_common)
    _e2e                                     0x08001201   Thumb Code   220  btod.o(CL$$btod_e2e)
    _btod_ediv                               0x080012dd   Thumb Code    42  btod.o(CL$$btod_ediv)
    _btod_emul                               0x08001307   Thumb Code    42  btod.o(CL$$btod_emul)
    __btod_mult_common                       0x08001331   Thumb Code   580  btod.o(CL$$btod_mult_common)
    BusFault_Handler                         0x08001575   Thumb Code     2  stm32f1xx_it.o(i.BusFault_Handler)
    Complementary_Filter_x                   0x08001579   Thumb Code    56  filter.o(i.Complementary_Filter_x)
    Complementary_Filter_y                   0x080015bd   Thumb Code    56  filter.o(i.Complementary_Filter_y)
    DMP_Init                                 0x08001601   Thumb Code   222  mpu6050.o(i.DMP_Init)
    DebugMon_Handler                         0x08001831   Thumb Code     2  stm32f1xx_it.o(i.DebugMon_Handler)
    Error_Handler                            0x08001833   Thumb Code     4  main.o(i.Error_Handler)
    Get_Angle                                0x08001839   Thumb Code   664  mpu6050.o(i.Get_Angle)
    HAL_DMA_Abort                            0x08001b01   Thumb Code    70  stm32f1xx_hal_dma.o(i.HAL_DMA_Abort)
    HAL_DMA_Abort_IT                         0x08001b49   Thumb Code   148  stm32f1xx_hal_dma.o(i.HAL_DMA_Abort_IT)
    HAL_Delay                                0x08001be1   Thumb Code    32  stm32f1xx_hal.o(i.HAL_Delay)
    HAL_GPIO_Init                            0x08001c05   Thumb Code   446  stm32f1xx_hal_gpio.o(i.HAL_GPIO_Init)
    HAL_GPIO_WritePin                        0x08001de5   Thumb Code    10  stm32f1xx_hal_gpio.o(i.HAL_GPIO_WritePin)
    HAL_GetTick                              0x08001df1   Thumb Code     6  stm32f1xx_hal.o(i.HAL_GetTick)
    HAL_IncTick                              0x08001dfd   Thumb Code    12  stm32f1xx_hal.o(i.HAL_IncTick)
    HAL_Init                                 0x08001e0d   Thumb Code    32  stm32f1xx_hal.o(i.HAL_Init)
    HAL_InitTick                             0x08001e31   Thumb Code    54  stm32f1xx_hal.o(i.HAL_InitTick)
    HAL_MspInit                              0x08001e71   Thumb Code    52  stm32f1xx_hal_msp.o(i.HAL_MspInit)
    HAL_NVIC_EnableIRQ                       0x08001ead   Thumb Code    26  stm32f1xx_hal_cortex.o(i.HAL_NVIC_EnableIRQ)
    HAL_NVIC_SetPriority                     0x08001ec9   Thumb Code    60  stm32f1xx_hal_cortex.o(i.HAL_NVIC_SetPriority)
    HAL_NVIC_SetPriorityGrouping             0x08001f09   Thumb Code    26  stm32f1xx_hal_cortex.o(i.HAL_NVIC_SetPriorityGrouping)
    HAL_RCC_ClockConfig                      0x08001f2d   Thumb Code   280  stm32f1xx_hal_rcc.o(i.HAL_RCC_ClockConfig)
    HAL_RCC_GetPCLK1Freq                     0x08002059   Thumb Code    20  stm32f1xx_hal_rcc.o(i.HAL_RCC_GetPCLK1Freq)
    HAL_RCC_GetPCLK2Freq                     0x08002079   Thumb Code    20  stm32f1xx_hal_rcc.o(i.HAL_RCC_GetPCLK2Freq)
    HAL_RCC_GetSysClockFreq                  0x08002099   Thumb Code    58  stm32f1xx_hal_rcc.o(i.HAL_RCC_GetSysClockFreq)
    HAL_RCC_OscConfig                        0x080020e5   Thumb Code   778  stm32f1xx_hal_rcc.o(i.HAL_RCC_OscConfig)
    HAL_SPI_Init                             0x08002405   Thumb Code   178  stm32f1xx_hal_spi.o(i.HAL_SPI_Init)
    HAL_SPI_MspInit                          0x080024b9   Thumb Code    80  spi.o(i.HAL_SPI_MspInit)
    HAL_SPI_Transmit                         0x08002515   Thumb Code   358  stm32f1xx_hal_spi.o(i.HAL_SPI_Transmit)
    HAL_SYSTICK_Config                       0x0800267b   Thumb Code    40  stm32f1xx_hal_cortex.o(i.HAL_SYSTICK_Config)
    HAL_UARTEx_RxEventCallback               0x080026a3   Thumb Code     2  stm32f1xx_hal_uart.o(i.HAL_UARTEx_RxEventCallback)
    HAL_UART_ErrorCallback                   0x080026a5   Thumb Code     2  stm32f1xx_hal_uart.o(i.HAL_UART_ErrorCallback)
    HAL_UART_IRQHandler                      0x080026a9   Thumb Code   616  stm32f1xx_hal_uart.o(i.HAL_UART_IRQHandler)
    HAL_UART_Init                            0x08002915   Thumb Code   100  stm32f1xx_hal_uart.o(i.HAL_UART_Init)
    HAL_UART_MspInit                         0x08002979   Thumb Code   116  usart.o(i.HAL_UART_MspInit)
    HAL_UART_RxCpltCallback                  0x080029f9   Thumb Code     2  stm32f1xx_hal_uart.o(i.HAL_UART_RxCpltCallback)
    HAL_UART_Transmit                        0x080029fb   Thumb Code   160  stm32f1xx_hal_uart.o(i.HAL_UART_Transmit)
    HAL_UART_TxCpltCallback                  0x08002a9b   Thumb Code     2  stm32f1xx_hal_uart.o(i.HAL_UART_TxCpltCallback)
    HardFault_Handler                        0x08002a9d   Thumb Code     2  stm32f1xx_it.o(i.HardFault_Handler)
    I2C_ReadOneByte                          0x08002a9f   Thumb Code    62  ioi2c.o(i.I2C_ReadOneByte)
    IIC_Ack                                  0x08002add   Thumb Code    54  ioi2c.o(i.IIC_Ack)
    IIC_NAck                                 0x08002b1d   Thumb Code    56  ioi2c.o(i.IIC_NAck)
    IIC_Read_Byte                            0x08002b5d   Thumb Code   100  ioi2c.o(i.IIC_Read_Byte)
    IIC_Send_Byte                            0x08002bc9   Thumb Code    86  ioi2c.o(i.IIC_Send_Byte)
    IIC_Start                                0x08002c29   Thumb Code    72  ioi2c.o(i.IIC_Start)
    IIC_Stop                                 0x08002c79   Thumb Code    56  ioi2c.o(i.IIC_Stop)
    IIC_Wait_Ack                             0x08002cb9   Thumb Code    80  ioi2c.o(i.IIC_Wait_Ack)
    IICreadByte                              0x08002d11   Thumb Code    14  ioi2c.o(i.IICreadByte)
    IICwriteBit                              0x08002d1f   Thumb Code    50  ioi2c.o(i.IICwriteBit)
    IICwriteBits                             0x08002d51   Thumb Code    84  ioi2c.o(i.IICwriteBits)
    IICwriteByte                             0x08002da5   Thumb Code    12  ioi2c.o(i.IICwriteByte)
    IICwriteBytes                            0x08002db1   Thumb Code    68  ioi2c.o(i.IICwriteBytes)
    Kalman_Filter_x                          0x08002df5   Thumb Code   330  filter.o(i.Kalman_Filter_x)
    Kalman_Filter_y                          0x08002f51   Thumb Code   330  filter.o(i.Kalman_Filter_y)
    MPU6050_initialize                       0x080030ad   Thumb Code    42  mpu6050.o(i.MPU6050_initialize)
    MPU6050_setClockSource                   0x080030d7   Thumb Code    18  mpu6050.o(i.MPU6050_setClockSource)
    MPU6050_setFullScaleAccelRange           0x080030e9   Thumb Code    18  mpu6050.o(i.MPU6050_setFullScaleAccelRange)
    MPU6050_setFullScaleGyroRange            0x080030fb   Thumb Code    18  mpu6050.o(i.MPU6050_setFullScaleGyroRange)
    MPU6050_setI2CBypassEnabled              0x0800310d   Thumb Code    12  mpu6050.o(i.MPU6050_setI2CBypassEnabled)
    MPU6050_setI2CMasterModeEnabled          0x08003119   Thumb Code    12  mpu6050.o(i.MPU6050_setI2CMasterModeEnabled)
    MPU6050_setSleepEnabled                  0x08003125   Thumb Code    12  mpu6050.o(i.MPU6050_setSleepEnabled)
    MX_GPIO_Init                             0x08003131   Thumb Code   160  gpio.o(i.MX_GPIO_Init)
    MX_SPI1_Init                             0x080031e1   Thumb Code    68  spi.o(i.MX_SPI1_Init)
    MX_USART1_UART_Init                      0x0800322d   Thumb Code    48  usart.o(i.MX_USART1_UART_Init)
    MemManage_Handler                        0x08003265   Thumb Code     2  stm32f1xx_it.o(i.MemManage_Handler)
    NMI_Handler                              0x08003267   Thumb Code     2  stm32f1xx_it.o(i.NMI_Handler)
    OLED_HAL_Clear                           0x08003269   Thumb Code    40  oled_hal.o(i.OLED_HAL_Clear)
    OLED_HAL_Init                            0x08003295   Thumb Code   262  oled_hal.o(i.OLED_HAL_Init)
    OLED_HAL_Refresh                         0x080033a1   Thumb Code    70  oled_hal.o(i.OLED_HAL_Refresh)
    OLED_HAL_WR_Byte                         0x080033ed   Thumb Code    64  oled_hal.o(i.OLED_HAL_WR_Byte)
    PendSV_Handler                           0x08003435   Thumb Code     2  stm32f1xx_it.o(i.PendSV_Handler)
    Read_DMP                                 0x08003439   Thumb Code   424  mpu6050.o(i.Read_DMP)
    Read_Temperature                         0x080035e9   Thumb Code    68  mpu6050.o(i.Read_Temperature)
    SVC_Handler                              0x08003725   Thumb Code     2  stm32f1xx_it.o(i.SVC_Handler)
    SysTick_Handler                          0x08003727   Thumb Code     4  stm32f1xx_it.o(i.SysTick_Handler)
    SystemClock_Config                       0x0800372b   Thumb Code    94  main.o(i.SystemClock_Config)
    SystemInit                               0x08003789   Thumb Code     2  system_stm32f1xx.o(i.SystemInit)
    USART1_IRQHandler                        0x080039d9   Thumb Code     6  stm32f1xx_it.o(i.USART1_IRQHandler)
    UsageFault_Handler                       0x080039e5   Thumb Code     2  stm32f1xx_it.o(i.UsageFault_Handler)
    __ARM_fpclassify                         0x080039e7   Thumb Code    40  fpclassify.o(i.__ARM_fpclassify)
    __kernel_poly                            0x08003a2f   Thumb Code   170  poly.o(i.__kernel_poly)
    __mathlib_dbl_infnan                     0x08003ad9   Thumb Code     6  dunder.o(i.__mathlib_dbl_infnan)
    __mathlib_dbl_infnan2                    0x08003adf   Thumb Code     4  dunder.o(i.__mathlib_dbl_infnan2)
    __mathlib_dbl_invalid                    0x08003ae3   Thumb Code    12  dunder.o(i.__mathlib_dbl_invalid)
    __mathlib_dbl_underflow                  0x08003af1   Thumb Code    10  dunder.o(i.__mathlib_dbl_underflow)
    _is_digit                                0x08003b01   Thumb Code    14  __printf_wp.o(i._is_digit)
    _sys_exit                                0x08003b0f   Thumb Code     2  usart.o(i._sys_exit)
    asin                                     0x08003b91   Thumb Code   572  asin.o(i.asin)
    atan                                     0x08003e01   Thumb Code   474  atan.o(i.atan)
    atan2                                    0x08004021   Thumb Code   374  atan2.o(i.atan2)
    delay_init                               0x080041bd   Thumb Code    26  delay.o(i.delay_init)
    delay_ms                                 0x080041dd   Thumb Code    46  delay.o(i.delay_ms)
    delay_us                                 0x08004211   Thumb Code    46  delay.o(i.delay_us)
    dmp_enable_6x_lp_quat                    0x08004245   Thumb Code    58  inv_mpu_dmp_motion_driver.o(i.dmp_enable_6x_lp_quat)
    dmp_enable_feature                       0x08004281   Thumb Code   464  inv_mpu_dmp_motion_driver.o(i.dmp_enable_feature)
    dmp_enable_gyro_cal                      0x08004459   Thumb Code    34  inv_mpu_dmp_motion_driver.o(i.dmp_enable_gyro_cal)
    dmp_enable_lp_quat                       0x08004495   Thumb Code    58  inv_mpu_dmp_motion_driver.o(i.dmp_enable_lp_quat)
    dmp_load_motion_driver_firmware          0x080044d1   Thumb Code    16  inv_mpu_dmp_motion_driver.o(i.dmp_load_motion_driver_firmware)
    dmp_read_fifo                            0x080044e5   Thumb Code   352  inv_mpu_dmp_motion_driver.o(i.dmp_read_fifo)
    dmp_set_accel_bias                       0x08004649   Thumb Code   210  inv_mpu_dmp_motion_driver.o(i.dmp_set_accel_bias)
    dmp_set_fifo_rate                        0x08004721   Thumb Code    82  inv_mpu_dmp_motion_driver.o(i.dmp_set_fifo_rate)
    dmp_set_gyro_bias                        0x08004785   Thumb Code   196  inv_mpu_dmp_motion_driver.o(i.dmp_set_gyro_bias)
    dmp_set_orientation                      0x08004851   Thumb Code   246  inv_mpu_dmp_motion_driver.o(i.dmp_set_orientation)
    dmp_set_shake_reject_thresh              0x0800495d   Thumb Code    48  inv_mpu_dmp_motion_driver.o(i.dmp_set_shake_reject_thresh)
    dmp_set_shake_reject_time                0x0800498d   Thumb Code    32  inv_mpu_dmp_motion_driver.o(i.dmp_set_shake_reject_time)
    dmp_set_shake_reject_timeout             0x080049ad   Thumb Code    32  inv_mpu_dmp_motion_driver.o(i.dmp_set_shake_reject_timeout)
    dmp_set_tap_axes                         0x080049cd   Thumb Code    64  inv_mpu_dmp_motion_driver.o(i.dmp_set_tap_axes)
    dmp_set_tap_count                        0x08004a0d   Thumb Code    34  inv_mpu_dmp_motion_driver.o(i.dmp_set_tap_count)
    dmp_set_tap_thresh                       0x08004a31   Thumb Code   274  inv_mpu_dmp_motion_driver.o(i.dmp_set_tap_thresh)
    dmp_set_tap_time                         0x08004b59   Thumb Code    32  inv_mpu_dmp_motion_driver.o(i.dmp_set_tap_time)
    dmp_set_tap_time_multi                   0x08004b79   Thumb Code    32  inv_mpu_dmp_motion_driver.o(i.dmp_set_tap_time_multi)
    fputc                                    0x08004b99   Thumb Code    20  usart.o(i.fputc)
    i2cRead                                  0x08005045   Thumb Code   112  ioi2c.o(i.i2cRead)
    i2cWrite                                 0x080050b5   Thumb Code    84  ioi2c.o(i.i2cWrite)
    main                                     0x08005151   Thumb Code    50  main.o(i.main)
    mpu_configure_fifo                       0x08005189   Thumb Code    78  inv_mpu.o(i.mpu_configure_fifo)
    mpu_get_accel_fsr                        0x080051dd   Thumb Code    54  inv_mpu.o(i.mpu_get_accel_fsr)
    mpu_get_accel_sens                       0x08005219   Thumb Code    62  inv_mpu.o(i.mpu_get_accel_sens)
    mpu_get_gyro_fsr                         0x0800525d   Thumb Code    48  inv_mpu.o(i.mpu_get_gyro_fsr)
    mpu_get_gyro_sens                        0x08005291   Thumb Code    44  inv_mpu.o(i.mpu_get_gyro_sens)
    mpu_get_lpf                              0x080052d1   Thumb Code    52  inv_mpu.o(i.mpu_get_lpf)
    mpu_get_sample_rate                      0x08005309   Thumb Code    22  inv_mpu.o(i.mpu_get_sample_rate)
    mpu_init                                 0x08005325   Thumb Code   310  inv_mpu.o(i.mpu_init)
    mpu_load_firmware                        0x080054ad   Thumb Code   154  inv_mpu.o(i.mpu_load_firmware)
    mpu_lp_accel_mode                        0x0800554d   Thumb Code   178  inv_mpu.o(i.mpu_lp_accel_mode)
    mpu_read_fifo_stream                     0x08005605   Thumb Code   140  inv_mpu.o(i.mpu_read_fifo_stream)
    mpu_read_mem                             0x08005695   Thumb Code    80  inv_mpu.o(i.mpu_read_mem)
    mpu_reset_fifo                           0x080056e9   Thumb Code   330  inv_mpu.o(i.mpu_reset_fifo)
    mpu_run_self_test                        0x08005839   Thumb Code   234  inv_mpu.o(i.mpu_run_self_test)
    mpu_set_accel_fsr                        0x08005929   Thumb Code    98  inv_mpu.o(i.mpu_set_accel_fsr)
    mpu_set_bypass                           0x08005991   Thumb Code   214  inv_mpu.o(i.mpu_set_bypass)
    mpu_set_dmp_state                        0x08005a6d   Thumb Code   114  inv_mpu.o(i.mpu_set_dmp_state)
    mpu_set_gyro_fsr                         0x08005ae5   Thumb Code   104  inv_mpu.o(i.mpu_set_gyro_fsr)
    mpu_set_int_latched                      0x08005b51   Thumb Code    94  inv_mpu.o(i.mpu_set_int_latched)
    mpu_set_lpf                              0x08005bb5   Thumb Code   102  inv_mpu.o(i.mpu_set_lpf)
    mpu_set_sample_rate                      0x08005c21   Thumb Code   124  inv_mpu.o(i.mpu_set_sample_rate)
    mpu_set_sensors                          0x08005ca1   Thumb Code   178  inv_mpu.o(i.mpu_set_sensors)
    mpu_write_mem                            0x08005d59   Thumb Code    80  inv_mpu.o(i.mpu_write_mem)
    myget_ms                                 0x08005dad   Thumb Code     2  inv_mpu.o(i.myget_ms)
    sqrt                                     0x08005e81   Thumb Code    76  sqrt.o(i.sqrt)
    _get_lc_numeric                          0x08005ecd   Thumb Code    44  lc_numeric_c.o(locale$$code)
    __aeabi_d2f                              0x08005ef9   Thumb Code     0  d2f.o(x$fpl$d2f)
    _d2f                                     0x08005ef9   Thumb Code    98  d2f.o(x$fpl$d2f)
    __aeabi_dadd                             0x08005f5d   Thumb Code     0  daddsub_clz.o(x$fpl$dadd)
    _dadd                                    0x08005f5d   Thumb Code   332  daddsub_clz.o(x$fpl$dadd)
    __fpl_dcheck_NaN1                        0x080060ad   Thumb Code    10  dcheck1.o(x$fpl$dcheck1)
    __fpl_dcmp_Inf                           0x080060bd   Thumb Code    24  dcmpi.o(x$fpl$dcmpinf)
    __aeabi_ddiv                             0x080060d5   Thumb Code     0  ddiv.o(x$fpl$ddiv)
    _ddiv                                    0x080060d5   Thumb Code   552  ddiv.o(x$fpl$ddiv)
    __aeabi_cdcmpeq                          0x08006385   Thumb Code     0  deqf.o(x$fpl$deqf)
    _dcmpeq                                  0x08006385   Thumb Code   120  deqf.o(x$fpl$deqf)
    __aeabi_dmul                             0x080063fd   Thumb Code     0  dmul.o(x$fpl$dmul)
    _dmul                                    0x080063fd   Thumb Code   332  dmul.o(x$fpl$dmul)
    __fpl_dnaninf                            0x08006551   Thumb Code   156  dnaninf.o(x$fpl$dnaninf)
    __fpl_dretinf                            0x080065ed   Thumb Code    12  dretinf.o(x$fpl$dretinf)
    __aeabi_drsub                            0x080065f9   Thumb Code     0  daddsub_clz.o(x$fpl$drsb)
    _drsb                                    0x080065f9   Thumb Code    22  daddsub_clz.o(x$fpl$drsb)
    _dsqrt                                   0x08006611   Thumb Code   456  dsqrt_noumaal.o(x$fpl$dsqrt)
    __aeabi_dsub                             0x080067dd   Thumb Code     0  daddsub_clz.o(x$fpl$dsub)
    _dsub                                    0x080067dd   Thumb Code   464  daddsub_clz.o(x$fpl$dsub)
    __aeabi_f2d                              0x080069b1   Thumb Code     0  f2d.o(x$fpl$f2d)
    _f2d                                     0x080069b1   Thumb Code    86  f2d.o(x$fpl$f2d)
    __aeabi_fadd                             0x08006a09   Thumb Code     0  faddsub_clz.o(x$fpl$fadd)
    _fadd                                    0x08006a09   Thumb Code   196  faddsub_clz.o(x$fpl$fadd)
    __fpl_fcheck_NaN1                        0x08006acd   Thumb Code     6  fcheck1.o(x$fpl$fcheck1)
    __aeabi_fdiv                             0x08006ad9   Thumb Code     0  fdiv.o(x$fpl$fdiv)
    _fdiv                                    0x08006ad9   Thumb Code   384  fdiv.o(x$fpl$fdiv)
    __aeabi_f2iz                             0x08006c5d   Thumb Code     0  ffix.o(x$fpl$ffix)
    _ffix                                    0x08006c5d   Thumb Code    54  ffix.o(x$fpl$ffix)
    __aeabi_f2uiz                            0x08006c95   Thumb Code     0  ffixu.o(x$fpl$ffixu)
    _ffixu                                   0x08006c95   Thumb Code    62  ffixu.o(x$fpl$ffixu)
    __aeabi_i2f                              0x08006cd5   Thumb Code     0  fflt_clz.o(x$fpl$fflt)
    _fflt                                    0x08006cd5   Thumb Code    48  fflt_clz.o(x$fpl$fflt)
    __aeabi_ui2f                             0x08006d05   Thumb Code     0  fflt_clz.o(x$fpl$ffltu)
    _ffltu                                   0x08006d05   Thumb Code    38  fflt_clz.o(x$fpl$ffltu)
    __aeabi_fmul                             0x08006d2d   Thumb Code     0  fmul.o(x$fpl$fmul)
    _fmul                                    0x08006d2d   Thumb Code   258  fmul.o(x$fpl$fmul)
    __fpl_fnaninf                            0x08006e2f   Thumb Code   140  fnaninf.o(x$fpl$fnaninf)
    __fpl_fretinf                            0x08006ebb   Thumb Code    10  fretinf.o(x$fpl$fretinf)
    __aeabi_frsub                            0x08006ec5   Thumb Code     0  faddsub_clz.o(x$fpl$frsb)
    _frsb                                    0x08006ec5   Thumb Code    20  faddsub_clz.o(x$fpl$frsb)
    __aeabi_fsub                             0x08006ed9   Thumb Code     0  faddsub_clz.o(x$fpl$fsub)
    _fsub                                    0x08006ed9   Thumb Code   234  faddsub_clz.o(x$fpl$fsub)
    _printf_fp_dec                           0x08006fc3   Thumb Code     4  printf1.o(x$fpl$printf1)
    __fpl_return_NaN                         0x08006fc7   Thumb Code   100  retnan.o(x$fpl$retnan)
    __ARM_scalbn                             0x0800702b   Thumb Code    92  scalbn.o(x$fpl$scalbn)
    __ARM_scalbnf                            0x08007087   Thumb Code    76  scalbnf.o(x$fpl$scalbnf)
    __fpl_cmpreturn                          0x080070d3   Thumb Code    48  trapv.o(x$fpl$trapveneer)
    __I$use$fp                               0x08007102   Number         0  usenofp.o(x$fpl$usenofp)
    AHBPrescTable                            0x08007114   Data          16  system_stm32f1xx.o(.constdata)
    APBPrescTable                            0x08007124   Data           8  system_stm32f1xx.o(.constdata)
    hw                                       0x0800712c   Data          12  inv_mpu.o(.constdata)
    reg                                      0x08007138   Data          27  inv_mpu.o(.constdata)
    test                                     0x08007154   Data          40  inv_mpu.o(.constdata)
    __mathlib_zero                           0x08007e60   Data           8  qnan.o(.constdata)
    Region$$Table$$Base                      0x08007f9c   Number         0  anon$$obj.o(Region$$Table)
    Region$$Table$$Limit                     0x08007fbc   Number         0  anon$$obj.o(Region$$Table)
    Way_Angle                                0x20000000   Data           1  main.o(.data)
    Flag_Show                                0x20000001   Data           1  main.o(.data)
    Temperature                              0x20000004   Data           4  main.o(.data)
    Angle_Balance                            0x20000008   Data           4  main.o(.data)
    Gyro_Balance                             0x2000000c   Data           4  main.o(.data)
    Gyro_Turn                                0x20000010   Data           4  main.o(.data)
    Acceleration_Z                           0x20000014   Data           4  main.o(.data)
    __stdout                                 0x20000018   Data           4  usart.o(.data)
    uwTickFreq                               0x2000001c   Data           1  stm32f1xx_hal.o(.data)
    uwTickPrio                               0x20000020   Data           4  stm32f1xx_hal.o(.data)
    uwTick                                   0x20000024   Data           4  stm32f1xx_hal.o(.data)
    SystemCoreClock                          0x20000028   Data           4  system_stm32f1xx.o(.data)
    dt                                       0x20000030   Data           4  filter.o(.data)
    sensors                                  0x200000d8   Data           2  mpu6050.o(.data)
    q0                                       0x200000dc   Data           4  mpu6050.o(.data)
    q1                                       0x200000e0   Data           4  mpu6050.o(.data)
    q2                                       0x200000e4   Data           4  mpu6050.o(.data)
    q3                                       0x200000e8   Data           4  mpu6050.o(.data)
    Roll                                     0x200000ec   Data           4  mpu6050.o(.data)
    Pitch                                    0x200000f0   Data           4  mpu6050.o(.data)
    Yaw                                      0x200000f4   Data           4  mpu6050.o(.data)
    gyro                                     0x200000f8   Data           6  mpu6050.o(.data)
    accel                                    0x200000fe   Data           6  mpu6050.o(.data)
    hspi1                                    0x20000110   Data          88  spi.o(.bss)
    huart1                                   0x20000168   Data          72  usart.o(.bss)
    OLED_GRAM                                0x200001b0   Data        1152  oled_hal.o(.bss)
    __libspace_start                         0x20000660   Data          96  libspace.o(.bss)
    __temporary_stack_top$libspace           0x200006c0   Data           0  libspace.o(.bss)



==============================================================================

Memory Map of the image

  Image Entry point : 0x080000ed

  Load Region LR_IROM1 (Base: 0x08000000, Size: 0x000080e8, Max: 0x00010000, ABSOLUTE)

    Execution Region ER_IROM1 (Exec base: 0x08000000, Load base: 0x08000000, Size: 0x00007fd8, Max: 0x00010000, ABSOLUTE)

    Exec Addr    Load Addr    Size         Type   Attr      Idx    E Section Name        Object

    0x08000000   0x08000000   0x000000ec   Data   RO            3    RESET               startup_stm32f103xb.o
    0x080000ec   0x080000ec   0x00000008   Code   RO         3180  * !!!main             c_w.l(__main.o)
    0x080000f4   0x080000f4   0x00000034   Code   RO         3542    !!!scatter          c_w.l(__scatter.o)
    0x08000128   0x08000128   0x0000001a   Code   RO         3544    !!handler_copy      c_w.l(__scatter_copy.o)
    0x08000142   0x08000142   0x00000002   PAD
    0x08000144   0x08000144   0x0000001c   Code   RO         3546    !!handler_zi        c_w.l(__scatter_zi.o)
    0x08000160   0x08000160   0x00000000   Code   RO         3171    .ARM.Collect$$_printf_percent$$00000000  c_w.l(_printf_percent.o)
    0x08000160   0x08000160   0x00000006   Code   RO         3170    .ARM.Collect$$_printf_percent$$00000003  c_w.l(_printf_f.o)
    0x08000166   0x08000166   0x00000006   Code   RO         3169    .ARM.Collect$$_printf_percent$$00000009  c_w.l(_printf_d.o)
    0x0800016c   0x0800016c   0x00000004   Code   RO         3257    .ARM.Collect$$_printf_percent$$00000017  c_w.l(_printf_percent_end.o)
    0x08000170   0x08000170   0x00000002   Code   RO         3409    .ARM.Collect$$libinit$$00000000  c_w.l(libinit.o)
    0x08000172   0x08000172   0x00000000   Code   RO         3411    .ARM.Collect$$libinit$$00000002  c_w.l(libinit2.o)
    0x08000172   0x08000172   0x00000000   Code   RO         3413    .ARM.Collect$$libinit$$00000004  c_w.l(libinit2.o)
    0x08000172   0x08000172   0x00000000   Code   RO         3416    .ARM.Collect$$libinit$$0000000A  c_w.l(libinit2.o)
    0x08000172   0x08000172   0x00000000   Code   RO         3418    .ARM.Collect$$libinit$$0000000C  c_w.l(libinit2.o)
    0x08000172   0x08000172   0x00000000   Code   RO         3420    .ARM.Collect$$libinit$$0000000E  c_w.l(libinit2.o)
    0x08000172   0x08000172   0x00000006   Code   RO         3421    .ARM.Collect$$libinit$$0000000F  c_w.l(libinit2.o)
    0x08000178   0x08000178   0x00000000   Code   RO         3423    .ARM.Collect$$libinit$$00000011  c_w.l(libinit2.o)
    0x08000178   0x08000178   0x00000000   Code   RO         3425    .ARM.Collect$$libinit$$00000013  c_w.l(libinit2.o)
    0x08000178   0x08000178   0x00000000   Code   RO         3427    .ARM.Collect$$libinit$$00000015  c_w.l(libinit2.o)
    0x08000178   0x08000178   0x0000000a   Code   RO         3428    .ARM.Collect$$libinit$$00000016  c_w.l(libinit2.o)
    0x08000182   0x08000182   0x00000000   Code   RO         3429    .ARM.Collect$$libinit$$00000017  c_w.l(libinit2.o)
    0x08000182   0x08000182   0x00000000   Code   RO         3431    .ARM.Collect$$libinit$$00000019  c_w.l(libinit2.o)
    0x08000182   0x08000182   0x00000000   Code   RO         3433    .ARM.Collect$$libinit$$0000001B  c_w.l(libinit2.o)
    0x08000182   0x08000182   0x00000000   Code   RO         3435    .ARM.Collect$$libinit$$0000001D  c_w.l(libinit2.o)
    0x08000182   0x08000182   0x00000000   Code   RO         3437    .ARM.Collect$$libinit$$0000001F  c_w.l(libinit2.o)
    0x08000182   0x08000182   0x00000000   Code   RO         3439    .ARM.Collect$$libinit$$00000021  c_w.l(libinit2.o)
    0x08000182   0x08000182   0x00000000   Code   RO         3441    .ARM.Collect$$libinit$$00000023  c_w.l(libinit2.o)
    0x08000182   0x08000182   0x00000000   Code   RO         3443    .ARM.Collect$$libinit$$00000025  c_w.l(libinit2.o)
    0x08000182   0x08000182   0x00000000   Code   RO         3447    .ARM.Collect$$libinit$$0000002C  c_w.l(libinit2.o)
    0x08000182   0x08000182   0x00000000   Code   RO         3449    .ARM.Collect$$libinit$$0000002E  c_w.l(libinit2.o)
    0x08000182   0x08000182   0x00000000   Code   RO         3451    .ARM.Collect$$libinit$$00000030  c_w.l(libinit2.o)
    0x08000182   0x08000182   0x00000000   Code   RO         3453    .ARM.Collect$$libinit$$00000032  c_w.l(libinit2.o)
    0x08000182   0x08000182   0x00000002   Code   RO         3454    .ARM.Collect$$libinit$$00000033  c_w.l(libinit2.o)
    0x08000184   0x08000184   0x00000002   Code   RO         3498    .ARM.Collect$$libshutdown$$00000000  c_w.l(libshutdown.o)
    0x08000186   0x08000186   0x00000000   Code   RO         3509    .ARM.Collect$$libshutdown$$00000002  c_w.l(libshutdown2.o)
    0x08000186   0x08000186   0x00000000   Code   RO         3511    .ARM.Collect$$libshutdown$$00000004  c_w.l(libshutdown2.o)
    0x08000186   0x08000186   0x00000000   Code   RO         3513    .ARM.Collect$$libshutdown$$00000006  c_w.l(libshutdown2.o)
    0x08000186   0x08000186   0x00000000   Code   RO         3516    .ARM.Collect$$libshutdown$$00000009  c_w.l(libshutdown2.o)
    0x08000186   0x08000186   0x00000000   Code   RO         3519    .ARM.Collect$$libshutdown$$0000000C  c_w.l(libshutdown2.o)
    0x08000186   0x08000186   0x00000000   Code   RO         3521    .ARM.Collect$$libshutdown$$0000000E  c_w.l(libshutdown2.o)
    0x08000186   0x08000186   0x00000000   Code   RO         3524    .ARM.Collect$$libshutdown$$00000011  c_w.l(libshutdown2.o)
    0x08000186   0x08000186   0x00000002   Code   RO         3525    .ARM.Collect$$libshutdown$$00000012  c_w.l(libshutdown2.o)
    0x08000188   0x08000188   0x00000000   Code   RO         3246    .ARM.Collect$$rtentry$$00000000  c_w.l(__rtentry.o)
    0x08000188   0x08000188   0x00000000   Code   RO         3313    .ARM.Collect$$rtentry$$00000002  c_w.l(__rtentry2.o)
    0x08000188   0x08000188   0x00000006   Code   RO         3325    .ARM.Collect$$rtentry$$00000004  c_w.l(__rtentry4.o)
    0x0800018e   0x0800018e   0x00000000   Code   RO         3315    .ARM.Collect$$rtentry$$00000009  c_w.l(__rtentry2.o)
    0x0800018e   0x0800018e   0x00000004   Code   RO         3316    .ARM.Collect$$rtentry$$0000000A  c_w.l(__rtentry2.o)
    0x08000192   0x08000192   0x00000000   Code   RO         3318    .ARM.Collect$$rtentry$$0000000C  c_w.l(__rtentry2.o)
    0x08000192   0x08000192   0x00000008   Code   RO         3319    .ARM.Collect$$rtentry$$0000000D  c_w.l(__rtentry2.o)
    0x0800019a   0x0800019a   0x00000002   Code   RO         3457    .ARM.Collect$$rtexit$$00000000  c_w.l(rtexit.o)
    0x0800019c   0x0800019c   0x00000000   Code   RO         3468    .ARM.Collect$$rtexit$$00000002  c_w.l(rtexit2.o)
    0x0800019c   0x0800019c   0x00000004   Code   RO         3469    .ARM.Collect$$rtexit$$00000003  c_w.l(rtexit2.o)
    0x080001a0   0x080001a0   0x00000006   Code   RO         3470    .ARM.Collect$$rtexit$$00000004  c_w.l(rtexit2.o)
    0x080001a6   0x080001a6   0x00000002   PAD
    0x080001a8   0x080001a8   0x00000040   Code   RO            4    .text               startup_stm32f103xb.o
    0x080001e8   0x080001e8   0x00000048   Code   RO         3139    .text               c_w.l(llsdiv.o)
    0x08000230   0x08000230   0x00000018   Code   RO         3143    .text               c_w.l(noretval__2printf.o)
    0x08000248   0x08000248   0x00000078   Code   RO         3147    .text               c_w.l(_printf_dec.o)
    0x080002c0   0x080002c0   0x0000010e   Code   RO         3157    .text               c_w.l(__printf_wp.o)
    0x080003ce   0x080003ce   0x00000058   Code   RO         3172    .text               c_w.l(memcmp.o)
    0x08000426   0x08000426   0x00000010   Code   RO         3174    .text               c_w.l(aeabi_memset.o)
    0x08000436   0x08000436   0x0000004e   Code   RO         3176    .text               c_w.l(rt_memclr_w.o)
    0x08000484   0x08000484   0x00000006   Code   RO         3178    .text               c_w.l(heapauxi.o)
    0x0800048a   0x0800048a   0x000000ee   Code   RO         3247    .text               c_w.l(lludivv7m.o)
    0x08000578   0x08000578   0x00000016   Code   RO         3249    .text               c_w.l(_rserrno.o)
    0x0800058e   0x0800058e   0x000000b2   Code   RO         3251    .text               c_w.l(_printf_intcommon.o)
    0x08000640   0x08000640   0x0000041e   Code   RO         3253    .text               c_w.l(_printf_fp_dec.o)
    0x08000a5e   0x08000a5e   0x00000002   PAD
    0x08000a60   0x08000a60   0x00000024   Code   RO         3255    .text               c_w.l(_printf_char_file.o)
    0x08000a84   0x08000a84   0x00000044   Code   RO         3258    .text               c_w.l(rt_memclr.o)
    0x08000ac8   0x08000ac8   0x00000008   Code   RO         3334    .text               c_w.l(rt_locale_intlibspace.o)
    0x08000ad0   0x08000ad0   0x00000008   Code   RO         3339    .text               c_w.l(rt_errno_addr_intlibspace.o)
    0x08000ad8   0x08000ad8   0x0000008a   Code   RO         3341    .text               c_w.l(lludiv10.o)
    0x08000b62   0x08000b62   0x00000002   PAD
    0x08000b64   0x08000b64   0x00000030   Code   RO         3343    .text               c_w.l(_printf_char_common.o)
    0x08000b94   0x08000b94   0x00000080   Code   RO         3345    .text               c_w.l(_printf_fp_infnan.o)
    0x08000c14   0x08000c14   0x000000e4   Code   RO         3347    .text               c_w.l(bigflt0.o)
    0x08000cf8   0x08000cf8   0x00000008   Code   RO         3372    .text               c_w.l(ferror.o)
    0x08000d00   0x08000d00   0x00000008   Code   RO         3391    .text               c_w.l(libspace.o)
    0x08000d08   0x08000d08   0x0000004a   Code   RO         3394    .text               c_w.l(sys_stackheap_outer.o)
    0x08000d52   0x08000d52   0x00000012   Code   RO         3400    .text               c_w.l(exit.o)
    0x08000d64   0x08000d64   0x00000080   Code   RO         3402    .text               c_w.l(strcmpv7m.o)
    0x08000de4   0x08000de4   0x0000003e   Code   RO         3350    CL$$btod_d2e        c_w.l(btod.o)
    0x08000e22   0x08000e22   0x00000046   Code   RO         3352    CL$$btod_d2e_denorm_low  c_w.l(btod.o)
    0x08000e68   0x08000e68   0x00000060   Code   RO         3351    CL$$btod_d2e_norm_op1  c_w.l(btod.o)
    0x08000ec8   0x08000ec8   0x00000338   Code   RO         3360    CL$$btod_div_common  c_w.l(btod.o)
    0x08001200   0x08001200   0x000000dc   Code   RO         3357    CL$$btod_e2e        c_w.l(btod.o)
    0x080012dc   0x080012dc   0x0000002a   Code   RO         3354    CL$$btod_ediv       c_w.l(btod.o)
    0x08001306   0x08001306   0x0000002a   Code   RO         3353    CL$$btod_emul       c_w.l(btod.o)
    0x08001330   0x08001330   0x00000244   Code   RO         3359    CL$$btod_mult_common  c_w.l(btod.o)
    0x08001574   0x08001574   0x00000002   Code   RO          359    i.BusFault_Handler  stm32f1xx_it.o
    0x08001576   0x08001576   0x00000002   PAD
    0x08001578   0x08001578   0x00000044   Code   RO         2499    i.Complementary_Filter_x  filter.o
    0x080015bc   0x080015bc   0x00000044   Code   RO         2500    i.Complementary_Filter_y  filter.o
    0x08001600   0x08001600   0x00000230   Code   RO         3016    i.DMP_Init          mpu6050.o
    0x08001830   0x08001830   0x00000002   Code   RO          360    i.DebugMon_Handler  stm32f1xx_it.o
    0x08001832   0x08001832   0x00000004   Code   RO           13    i.Error_Handler     main.o
    0x08001836   0x08001836   0x00000002   PAD
    0x08001838   0x08001838   0x000002c8   Code   RO         3017    i.Get_Angle         mpu6050.o
    0x08001b00   0x08001b00   0x00000046   Code   RO         1204    i.HAL_DMA_Abort     stm32f1xx_hal_dma.o
    0x08001b46   0x08001b46   0x00000002   PAD
    0x08001b48   0x08001b48   0x00000098   Code   RO         1205    i.HAL_DMA_Abort_IT  stm32f1xx_hal_dma.o
    0x08001be0   0x08001be0   0x00000024   Code   RO          830    i.HAL_Delay         stm32f1xx_hal.o
    0x08001c04   0x08001c04   0x000001e0   Code   RO         1140    i.HAL_GPIO_Init     stm32f1xx_hal_gpio.o
    0x08001de4   0x08001de4   0x0000000a   Code   RO         1144    i.HAL_GPIO_WritePin  stm32f1xx_hal_gpio.o
    0x08001dee   0x08001dee   0x00000002   PAD
    0x08001df0   0x08001df0   0x0000000c   Code   RO          834    i.HAL_GetTick       stm32f1xx_hal.o
    0x08001dfc   0x08001dfc   0x00000010   Code   RO          840    i.HAL_IncTick       stm32f1xx_hal.o
    0x08001e0c   0x08001e0c   0x00000024   Code   RO          841    i.HAL_Init          stm32f1xx_hal.o
    0x08001e30   0x08001e30   0x00000040   Code   RO          842    i.HAL_InitTick      stm32f1xx_hal.o
    0x08001e70   0x08001e70   0x0000003c   Code   RO          441    i.HAL_MspInit       stm32f1xx_hal_msp.o
    0x08001eac   0x08001eac   0x0000001a   Code   RO         1300    i.HAL_NVIC_EnableIRQ  stm32f1xx_hal_cortex.o
    0x08001ec6   0x08001ec6   0x00000002   PAD
    0x08001ec8   0x08001ec8   0x00000040   Code   RO         1306    i.HAL_NVIC_SetPriority  stm32f1xx_hal_cortex.o
    0x08001f08   0x08001f08   0x00000024   Code   RO         1307    i.HAL_NVIC_SetPriorityGrouping  stm32f1xx_hal_cortex.o
    0x08001f2c   0x08001f2c   0x0000012c   Code   RO          998    i.HAL_RCC_ClockConfig  stm32f1xx_hal_rcc.o
    0x08002058   0x08002058   0x00000020   Code   RO         1005    i.HAL_RCC_GetPCLK1Freq  stm32f1xx_hal_rcc.o
    0x08002078   0x08002078   0x00000020   Code   RO         1006    i.HAL_RCC_GetPCLK2Freq  stm32f1xx_hal_rcc.o
    0x08002098   0x08002098   0x0000004c   Code   RO         1007    i.HAL_RCC_GetSysClockFreq  stm32f1xx_hal_rcc.o
    0x080020e4   0x080020e4   0x00000320   Code   RO         1010    i.HAL_RCC_OscConfig  stm32f1xx_hal_rcc.o
    0x08002404   0x08002404   0x000000b2   Code   RO          512    i.HAL_SPI_Init      stm32f1xx_hal_spi.o
    0x080024b6   0x080024b6   0x00000002   PAD
    0x080024b8   0x080024b8   0x0000005c   Code   RO          259    i.HAL_SPI_MspInit   spi.o
    0x08002514   0x08002514   0x00000166   Code   RO          520    i.HAL_SPI_Transmit  stm32f1xx_hal_spi.o
    0x0800267a   0x0800267a   0x00000028   Code   RO         1311    i.HAL_SYSTICK_Config  stm32f1xx_hal_cortex.o
    0x080026a2   0x080026a2   0x00000002   Code   RO         1812    i.HAL_UARTEx_RxEventCallback  stm32f1xx_hal_uart.o
    0x080026a4   0x080026a4   0x00000002   Code   RO         1826    i.HAL_UART_ErrorCallback  stm32f1xx_hal_uart.o
    0x080026a6   0x080026a6   0x00000002   PAD
    0x080026a8   0x080026a8   0x0000026c   Code   RO         1829    i.HAL_UART_IRQHandler  stm32f1xx_hal_uart.o
    0x08002914   0x08002914   0x00000064   Code   RO         1830    i.HAL_UART_Init     stm32f1xx_hal_uart.o
    0x08002978   0x08002978   0x00000080   Code   RO          301    i.HAL_UART_MspInit  usart.o
    0x080029f8   0x080029f8   0x00000002   Code   RO         1836    i.HAL_UART_RxCpltCallback  stm32f1xx_hal_uart.o
    0x080029fa   0x080029fa   0x000000a0   Code   RO         1838    i.HAL_UART_Transmit  stm32f1xx_hal_uart.o
    0x08002a9a   0x08002a9a   0x00000002   Code   RO         1841    i.HAL_UART_TxCpltCallback  stm32f1xx_hal_uart.o
    0x08002a9c   0x08002a9c   0x00000002   Code   RO          361    i.HardFault_Handler  stm32f1xx_it.o
    0x08002a9e   0x08002a9e   0x0000003e   Code   RO         2288    i.I2C_ReadOneByte   ioi2c.o
    0x08002adc   0x08002adc   0x00000040   Code   RO         2289    i.IIC_Ack           ioi2c.o
    0x08002b1c   0x08002b1c   0x00000040   Code   RO         2290    i.IIC_NAck          ioi2c.o
    0x08002b5c   0x08002b5c   0x0000006c   Code   RO         2291    i.IIC_Read_Byte     ioi2c.o
    0x08002bc8   0x08002bc8   0x00000060   Code   RO         2292    i.IIC_Send_Byte     ioi2c.o
    0x08002c28   0x08002c28   0x00000050   Code   RO         2293    i.IIC_Start         ioi2c.o
    0x08002c78   0x08002c78   0x00000040   Code   RO         2294    i.IIC_Stop          ioi2c.o
    0x08002cb8   0x08002cb8   0x00000058   Code   RO         2295    i.IIC_Wait_Ack      ioi2c.o
    0x08002d10   0x08002d10   0x0000000e   Code   RO         2296    i.IICreadByte       ioi2c.o
    0x08002d1e   0x08002d1e   0x00000032   Code   RO         2298    i.IICwriteBit       ioi2c.o
    0x08002d50   0x08002d50   0x00000054   Code   RO         2299    i.IICwriteBits      ioi2c.o
    0x08002da4   0x08002da4   0x0000000c   Code   RO         2300    i.IICwriteByte      ioi2c.o
    0x08002db0   0x08002db0   0x00000044   Code   RO         2301    i.IICwriteBytes     ioi2c.o
    0x08002df4   0x08002df4   0x0000015c   Code   RO         2501    i.Kalman_Filter_x   filter.o
    0x08002f50   0x08002f50   0x0000015c   Code   RO         2502    i.Kalman_Filter_y   filter.o
    0x080030ac   0x080030ac   0x0000002a   Code   RO         3019    i.MPU6050_initialize  mpu6050.o
    0x080030d6   0x080030d6   0x00000012   Code   RO         3021    i.MPU6050_setClockSource  mpu6050.o
    0x080030e8   0x080030e8   0x00000012   Code   RO         3022    i.MPU6050_setFullScaleAccelRange  mpu6050.o
    0x080030fa   0x080030fa   0x00000012   Code   RO         3023    i.MPU6050_setFullScaleGyroRange  mpu6050.o
    0x0800310c   0x0800310c   0x0000000c   Code   RO         3024    i.MPU6050_setI2CBypassEnabled  mpu6050.o
    0x08003118   0x08003118   0x0000000c   Code   RO         3025    i.MPU6050_setI2CMasterModeEnabled  mpu6050.o
    0x08003124   0x08003124   0x0000000c   Code   RO         3026    i.MPU6050_setSleepEnabled  mpu6050.o
    0x08003130   0x08003130   0x000000b0   Code   RO          234    i.MX_GPIO_Init      gpio.o
    0x080031e0   0x080031e0   0x0000004c   Code   RO          260    i.MX_SPI1_Init      spi.o
    0x0800322c   0x0800322c   0x00000038   Code   RO          302    i.MX_USART1_UART_Init  usart.o
    0x08003264   0x08003264   0x00000002   Code   RO          362    i.MemManage_Handler  stm32f1xx_it.o
    0x08003266   0x08003266   0x00000002   Code   RO          363    i.NMI_Handler       stm32f1xx_it.o
    0x08003268   0x08003268   0x0000002c   Code   RO         2201    i.OLED_HAL_Clear    oled_hal.o
    0x08003294   0x08003294   0x0000010c   Code   RO         2205    i.OLED_HAL_Init     oled_hal.o
    0x080033a0   0x080033a0   0x0000004c   Code   RO         2206    i.OLED_HAL_Refresh  oled_hal.o
    0x080033ec   0x080033ec   0x00000048   Code   RO         2209    i.OLED_HAL_WR_Byte  oled_hal.o
    0x08003434   0x08003434   0x00000002   Code   RO          364    i.PendSV_Handler    stm32f1xx_it.o
    0x08003436   0x08003436   0x00000002   PAD
    0x08003438   0x08003438   0x000001b0   Code   RO         3028    i.Read_DMP          mpu6050.o
    0x080035e8   0x080035e8   0x00000050   Code   RO         3029    i.Read_Temperature  mpu6050.o
    0x08003638   0x08003638   0x00000034   Code   RO          550    i.SPI_EndRxTxTransaction  stm32f1xx_hal_spi.o
    0x0800366c   0x0800366c   0x000000b8   Code   RO          555    i.SPI_WaitFlagStateUntilTimeout  stm32f1xx_hal_spi.o
    0x08003724   0x08003724   0x00000002   Code   RO          365    i.SVC_Handler       stm32f1xx_it.o
    0x08003726   0x08003726   0x00000004   Code   RO          366    i.SysTick_Handler   stm32f1xx_it.o
    0x0800372a   0x0800372a   0x0000005e   Code   RO           14    i.SystemClock_Config  main.o
    0x08003788   0x08003788   0x00000002   Code   RO         2164    i.SystemInit        system_stm32f1xx.o
    0x0800378a   0x0800378a   0x00000010   Code   RO         1843    i.UART_DMAAbortOnError  stm32f1xx_hal_uart.o
    0x0800379a   0x0800379a   0x0000004e   Code   RO         1853    i.UART_EndRxTransfer  stm32f1xx_hal_uart.o
    0x080037e8   0x080037e8   0x000000c2   Code   RO         1855    i.UART_Receive_IT   stm32f1xx_hal_uart.o
    0x080038aa   0x080038aa   0x00000002   PAD
    0x080038ac   0x080038ac   0x000000b8   Code   RO         1856    i.UART_SetConfig    stm32f1xx_hal_uart.o
    0x08003964   0x08003964   0x00000072   Code   RO         1859    i.UART_WaitOnFlagUntilTimeout  stm32f1xx_hal_uart.o
    0x080039d6   0x080039d6   0x00000002   PAD
    0x080039d8   0x080039d8   0x0000000c   Code   RO          367    i.USART1_IRQHandler  stm32f1xx_it.o
    0x080039e4   0x080039e4   0x00000002   Code   RO          368    i.UsageFault_Handler  stm32f1xx_it.o
    0x080039e6   0x080039e6   0x00000028   Code   RO         3299    i.__ARM_fpclassify  m_ws.l(fpclassify.o)
    0x08003a0e   0x08003a0e   0x00000020   Code   RO         1313    i.__NVIC_SetPriority  stm32f1xx_hal_cortex.o
    0x08003a2e   0x08003a2e   0x000000aa   Code   RO         3301    i.__kernel_poly     m_ws.l(poly.o)
    0x08003ad8   0x08003ad8   0x00000006   Code   RO         3286    i.__mathlib_dbl_infnan  m_ws.l(dunder.o)
    0x08003ade   0x08003ade   0x00000004   Code   RO         3287    i.__mathlib_dbl_infnan2  m_ws.l(dunder.o)
    0x08003ae2   0x08003ae2   0x0000000c   Code   RO         3288    i.__mathlib_dbl_invalid  m_ws.l(dunder.o)
    0x08003aee   0x08003aee   0x00000002   PAD
    0x08003af0   0x08003af0   0x00000010   Code   RO         3291    i.__mathlib_dbl_underflow  m_ws.l(dunder.o)
    0x08003b00   0x08003b00   0x0000000e   Code   RO         3159    i._is_digit         c_w.l(__printf_wp.o)
    0x08003b0e   0x08003b0e   0x00000002   Code   RO          303    i._sys_exit         usart.o
    0x08003b10   0x08003b10   0x00000080   Code   RO         2536    i.accel_self_test   inv_mpu.o
    0x08003b90   0x08003b90   0x00000270   Code   RO         3229    i.asin              m_ws.l(asin.o)
    0x08003e00   0x08003e00   0x00000220   Code   RO         3276    i.atan              m_ws.l(atan.o)
    0x08004020   0x08004020   0x0000019c   Code   RO         3239    i.atan2             m_ws.l(atan2.o)
    0x080041bc   0x080041bc   0x00000020   Code   RO         2434    i.delay_init        delay.o
    0x080041dc   0x080041dc   0x00000034   Code   RO         2435    i.delay_ms          delay.o
    0x08004210   0x08004210   0x00000034   Code   RO         2436    i.delay_us          delay.o
    0x08004244   0x08004244   0x0000003a   Code   RO         2837    i.dmp_enable_6x_lp_quat  inv_mpu_dmp_motion_driver.o
    0x0800427e   0x0800427e   0x00000002   PAD
    0x08004280   0x08004280   0x000001d8   Code   RO         2838    i.dmp_enable_feature  inv_mpu_dmp_motion_driver.o
    0x08004458   0x08004458   0x0000003c   Code   RO         2839    i.dmp_enable_gyro_cal  inv_mpu_dmp_motion_driver.o
    0x08004494   0x08004494   0x0000003a   Code   RO         2840    i.dmp_enable_lp_quat  inv_mpu_dmp_motion_driver.o
    0x080044ce   0x080044ce   0x00000002   PAD
    0x080044d0   0x080044d0   0x00000014   Code   RO         2845    i.dmp_load_motion_driver_firmware  inv_mpu_dmp_motion_driver.o
    0x080044e4   0x080044e4   0x00000164   Code   RO         2846    i.dmp_read_fifo     inv_mpu_dmp_motion_driver.o
    0x08004648   0x08004648   0x000000d8   Code   RO         2849    i.dmp_set_accel_bias  inv_mpu_dmp_motion_driver.o
    0x08004720   0x08004720   0x00000064   Code   RO         2850    i.dmp_set_fifo_rate  inv_mpu_dmp_motion_driver.o
    0x08004784   0x08004784   0x000000cc   Code   RO         2851    i.dmp_set_gyro_bias  inv_mpu_dmp_motion_driver.o
    0x08004850   0x08004850   0x0000010c   Code   RO         2853    i.dmp_set_orientation  inv_mpu_dmp_motion_driver.o
    0x0800495c   0x0800495c   0x00000030   Code   RO         2856    i.dmp_set_shake_reject_thresh  inv_mpu_dmp_motion_driver.o
    0x0800498c   0x0800498c   0x00000020   Code   RO         2857    i.dmp_set_shake_reject_time  inv_mpu_dmp_motion_driver.o
    0x080049ac   0x080049ac   0x00000020   Code   RO         2858    i.dmp_set_shake_reject_timeout  inv_mpu_dmp_motion_driver.o
    0x080049cc   0x080049cc   0x00000040   Code   RO         2859    i.dmp_set_tap_axes  inv_mpu_dmp_motion_driver.o
    0x08004a0c   0x08004a0c   0x00000022   Code   RO         2860    i.dmp_set_tap_count  inv_mpu_dmp_motion_driver.o
    0x08004a2e   0x08004a2e   0x00000002   PAD
    0x08004a30   0x08004a30   0x00000128   Code   RO         2861    i.dmp_set_tap_thresh  inv_mpu_dmp_motion_driver.o
    0x08004b58   0x08004b58   0x00000020   Code   RO         2862    i.dmp_set_tap_time  inv_mpu_dmp_motion_driver.o
    0x08004b78   0x08004b78   0x00000020   Code   RO         2863    i.dmp_set_tap_time_multi  inv_mpu_dmp_motion_driver.o
    0x08004b98   0x08004b98   0x00000018   Code   RO          304    i.fputc             usart.o
    0x08004bb0   0x08004bb0   0x000000ac   Code   RO         2537    i.get_accel_prod_shift  inv_mpu.o
    0x08004c5c   0x08004c5c   0x00000314   Code   RO         2538    i.get_st_biases     inv_mpu.o
    0x08004f70   0x08004f70   0x000000d4   Code   RO         2539    i.gyro_self_test    inv_mpu.o
    0x08005044   0x08005044   0x00000070   Code   RO         2302    i.i2cRead           ioi2c.o
    0x080050b4   0x080050b4   0x00000054   Code   RO         2303    i.i2cWrite          ioi2c.o
    0x08005108   0x08005108   0x00000048   Code   RO         3030    i.inv_row_2_scale   mpu6050.o
    0x08005150   0x08005150   0x00000038   Code   RO           15    i.main              main.o
    0x08005188   0x08005188   0x00000054   Code   RO         2540    i.mpu_configure_fifo  inv_mpu.o
    0x080051dc   0x080051dc   0x0000003c   Code   RO         2541    i.mpu_get_accel_fsr  inv_mpu.o
    0x08005218   0x08005218   0x00000044   Code   RO         2543    i.mpu_get_accel_sens  inv_mpu.o
    0x0800525c   0x0800525c   0x00000034   Code   RO         2549    i.mpu_get_gyro_fsr  inv_mpu.o
    0x08005290   0x08005290   0x00000040   Code   RO         2551    i.mpu_get_gyro_sens  inv_mpu.o
    0x080052d0   0x080052d0   0x00000038   Code   RO         2553    i.mpu_get_lpf       inv_mpu.o
    0x08005308   0x08005308   0x0000001c   Code   RO         2555    i.mpu_get_sample_rate  inv_mpu.o
    0x08005324   0x08005324   0x00000188   Code   RO         2557    i.mpu_init          inv_mpu.o
    0x080054ac   0x080054ac   0x000000a0   Code   RO         2558    i.mpu_load_firmware  inv_mpu.o
    0x0800554c   0x0800554c   0x000000b8   Code   RO         2559    i.mpu_lp_accel_mode  inv_mpu.o
    0x08005604   0x08005604   0x00000090   Code   RO         2562    i.mpu_read_fifo_stream  inv_mpu.o
    0x08005694   0x08005694   0x00000054   Code   RO         2563    i.mpu_read_mem      inv_mpu.o
    0x080056e8   0x080056e8   0x00000150   Code   RO         2566    i.mpu_reset_fifo    inv_mpu.o
    0x08005838   0x08005838   0x000000f0   Code   RO         2567    i.mpu_run_self_test  inv_mpu.o
    0x08005928   0x08005928   0x00000068   Code   RO         2569    i.mpu_set_accel_fsr  inv_mpu.o
    0x08005990   0x08005990   0x000000dc   Code   RO         2570    i.mpu_set_bypass    inv_mpu.o
    0x08005a6c   0x08005a6c   0x00000078   Code   RO         2572    i.mpu_set_dmp_state  inv_mpu.o
    0x08005ae4   0x08005ae4   0x0000006c   Code   RO         2573    i.mpu_set_gyro_fsr  inv_mpu.o
    0x08005b50   0x08005b50   0x00000064   Code   RO         2574    i.mpu_set_int_latched  inv_mpu.o
    0x08005bb4   0x08005bb4   0x0000006c   Code   RO         2576    i.mpu_set_lpf       inv_mpu.o
    0x08005c20   0x08005c20   0x00000080   Code   RO         2577    i.mpu_set_sample_rate  inv_mpu.o
    0x08005ca0   0x08005ca0   0x000000b8   Code   RO         2578    i.mpu_set_sensors   inv_mpu.o
    0x08005d58   0x08005d58   0x00000054   Code   RO         2579    i.mpu_write_mem     inv_mpu.o
    0x08005dac   0x08005dac   0x00000002   Code   RO         2580    i.myget_ms          inv_mpu.o
    0x08005dae   0x08005dae   0x0000007a   Code   RO         3031    i.run_self_test     mpu6050.o
    0x08005e28   0x08005e28   0x00000058   Code   RO         2581    i.set_int_enable    inv_mpu.o
    0x08005e80   0x08005e80   0x0000004c   Code   RO         3305    i.sqrt              m_ws.l(sqrt.o)
    0x08005ecc   0x08005ecc   0x0000002c   Code   RO         3377    locale$$code        c_w.l(lc_numeric_c.o)
    0x08005ef8   0x08005ef8   0x00000062   Code   RO         3182    x$fpl$d2f           fz_ws.l(d2f.o)
    0x08005f5a   0x08005f5a   0x00000002   PAD
    0x08005f5c   0x08005f5c   0x00000150   Code   RO         3184    x$fpl$dadd          fz_ws.l(daddsub_clz.o)
    0x080060ac   0x080060ac   0x00000010   Code   RO         3379    x$fpl$dcheck1       fz_ws.l(dcheck1.o)
    0x080060bc   0x080060bc   0x00000018   Code   RO         3381    x$fpl$dcmpinf       fz_ws.l(dcmpi.o)
    0x080060d4   0x080060d4   0x000002b0   Code   RO         3191    x$fpl$ddiv          fz_ws.l(ddiv.o)
    0x08006384   0x08006384   0x00000078   Code   RO         3260    x$fpl$deqf          fz_ws.l(deqf.o)
    0x080063fc   0x080063fc   0x00000154   Code   RO         3194    x$fpl$dmul          fz_ws.l(dmul.o)
    0x08006550   0x08006550   0x0000009c   Code   RO         3262    x$fpl$dnaninf       fz_ws.l(dnaninf.o)
    0x080065ec   0x080065ec   0x0000000c   Code   RO         3264    x$fpl$dretinf       fz_ws.l(dretinf.o)
    0x080065f8   0x080065f8   0x00000016   Code   RO         3185    x$fpl$drsb          fz_ws.l(daddsub_clz.o)
    0x0800660e   0x0800660e   0x00000002   PAD
    0x08006610   0x08006610   0x000001cc   Code   RO         3385    x$fpl$dsqrt         fz_ws.l(dsqrt_noumaal.o)
    0x080067dc   0x080067dc   0x000001d4   Code   RO         3186    x$fpl$dsub          fz_ws.l(daddsub_clz.o)
    0x080069b0   0x080069b0   0x00000056   Code   RO         3196    x$fpl$f2d           fz_ws.l(f2d.o)
    0x08006a06   0x08006a06   0x00000002   PAD
    0x08006a08   0x08006a08   0x000000c4   Code   RO         3198    x$fpl$fadd          fz_ws.l(faddsub_clz.o)
    0x08006acc   0x08006acc   0x0000000c   Code   RO         3266    x$fpl$fcheck1       fz_ws.l(fcheck1.o)
    0x08006ad8   0x08006ad8   0x00000184   Code   RO         3205    x$fpl$fdiv          fz_ws.l(fdiv.o)
    0x08006c5c   0x08006c5c   0x00000036   Code   RO         3208    x$fpl$ffix          fz_ws.l(ffix.o)
    0x08006c92   0x08006c92   0x00000002   PAD
    0x08006c94   0x08006c94   0x0000003e   Code   RO         3212    x$fpl$ffixu         fz_ws.l(ffixu.o)
    0x08006cd2   0x08006cd2   0x00000002   PAD
    0x08006cd4   0x08006cd4   0x00000030   Code   RO         3217    x$fpl$fflt          fz_ws.l(fflt_clz.o)
    0x08006d04   0x08006d04   0x00000026   Code   RO         3216    x$fpl$ffltu         fz_ws.l(fflt_clz.o)
    0x08006d2a   0x08006d2a   0x00000002   PAD
    0x08006d2c   0x08006d2c   0x00000102   Code   RO         3222    x$fpl$fmul          fz_ws.l(fmul.o)
    0x08006e2e   0x08006e2e   0x0000008c   Code   RO         3268    x$fpl$fnaninf       fz_ws.l(fnaninf.o)
    0x08006eba   0x08006eba   0x0000000a   Code   RO         3270    x$fpl$fretinf       fz_ws.l(fretinf.o)
    0x08006ec4   0x08006ec4   0x00000014   Code   RO         3199    x$fpl$frsb          fz_ws.l(faddsub_clz.o)
    0x08006ed8   0x08006ed8   0x000000ea   Code   RO         3200    x$fpl$fsub          fz_ws.l(faddsub_clz.o)
    0x08006fc2   0x08006fc2   0x00000004   Code   RO         3224    x$fpl$printf1       fz_ws.l(printf1.o)
    0x08006fc6   0x08006fc6   0x00000064   Code   RO         3389    x$fpl$retnan        fz_ws.l(retnan.o)
    0x0800702a   0x0800702a   0x0000005c   Code   RO         3272    x$fpl$scalbn        fz_ws.l(scalbn.o)
    0x08007086   0x08007086   0x0000004c   Code   RO         3226    x$fpl$scalbnf       fz_ws.l(scalbnf.o)
    0x080070d2   0x080070d2   0x00000030   Code   RO         3455    x$fpl$trapveneer    fz_ws.l(trapv.o)
    0x08007102   0x08007102   0x00000000   Code   RO         3274    x$fpl$usenofp       fz_ws.l(usenofp.o)
    0x08007102   0x08007102   0x00000012   Data   RO         1011    .constdata          stm32f1xx_hal_rcc.o
    0x08007114   0x08007114   0x00000010   Data   RO         2165    .constdata          system_stm32f1xx.o
    0x08007124   0x08007124   0x00000008   Data   RO         2166    .constdata          system_stm32f1xx.o
    0x0800712c   0x0800712c   0x0000000c   Data   RO         2582    .constdata          inv_mpu.o
    0x08007138   0x08007138   0x0000001b   Data   RO         2583    .constdata          inv_mpu.o
    0x08007153   0x08007153   0x00000001   PAD
    0x08007154   0x08007154   0x00000028   Data   RO         2584    .constdata          inv_mpu.o
    0x0800717c   0x0800717c   0x00000bf6   Data   RO         2865    .constdata          inv_mpu_dmp_motion_driver.o
    0x08007d72   0x08007d72   0x00000006   PAD
    0x08007d78   0x08007d78   0x00000050   Data   RO         3230    .constdata          m_ws.l(asin.o)
    0x08007dc8   0x08007dc8   0x00000098   Data   RO         3277    .constdata          m_ws.l(atan.o)
    0x08007e60   0x08007e60   0x00000008   Data   RO         3303    .constdata          m_ws.l(qnan.o)
    0x08007e68   0x08007e68   0x00000094   Data   RO         3348    .constdata          c_w.l(bigflt0.o)
    0x08007efc   0x08007efc   0x0000004e   Data   RO         2585    .conststring        inv_mpu.o
    0x08007f4a   0x08007f4a   0x00000002   PAD
    0x08007f4c   0x08007f4c   0x0000004f   Data   RO         3033    .conststring        mpu6050.o
    0x08007f9b   0x08007f9b   0x00000001   PAD
    0x08007f9c   0x08007f9c   0x00000020   Data   RO         3540    Region$$Table       anon$$obj.o
    0x08007fbc   0x08007fbc   0x0000001c   Data   RO         3376    locale$$data        c_w.l(lc_numeric_c.o)


    Execution Region RW_IRAM1 (Exec base: 0x20000000, Load base: 0x08007fd8, Size: 0x00000cc0, Max: 0x00005000, ABSOLUTE)

    Exec Addr    Load Addr    Size         Type   Attr      Idx    E Section Name        Object

    0x20000000   0x08007fd8   0x00000001   Data   RW           17    .data               main.o
    0x20000001   0x08007fd9   0x00000001   Data   RW           20    .data               main.o
    0x20000002   0x08007fda   0x00000002   PAD
    0x20000004   0x08007fdc   0x00000004   Data   RW           36    .data               main.o
    0x20000008   0x08007fe0   0x00000004   Data   RW           39    .data               main.o
    0x2000000c   0x08007fe4   0x00000004   Data   RW           40    .data               main.o
    0x20000010   0x08007fe8   0x00000004   Data   RW           41    .data               main.o
    0x20000014   0x08007fec   0x00000004   Data   RW           50    .data               main.o
    0x20000018   0x08007ff0   0x00000004   Data   RW          306    .data               usart.o
    0x2000001c   0x08007ff4   0x0000000c   Data   RW          848    .data               stm32f1xx_hal.o
    0x20000028   0x08008000   0x00000004   Data   RW         2167    .data               system_stm32f1xx.o
    0x2000002c   0x08008004   0x00000004   Data   RW         2437    .data               delay.o
    0x20000030   0x08008008   0x0000007c   Data   RW         2504    .data               filter.o
    0x200000ac   0x08008084   0x0000002c   Data   RW         2586    .data               inv_mpu.o
    0x200000d8   0x080080b0   0x00000035   Data   RW         3034    .data               mpu6050.o
    0x2000010d   0x080080e5   0x00000003   PAD
    0x20000110        -       0x00000058   Zero   RW          261    .bss                spi.o
    0x20000168        -       0x00000048   Zero   RW          305    .bss                usart.o
    0x200001b0        -       0x00000480   Zero   RW         2210    .bss                oled_hal.o
    0x20000630        -       0x00000020   Zero   RW         2503    .bss                filter.o
    0x20000650        -       0x00000010   Zero   RW         2864    .bss                inv_mpu_dmp_motion_driver.o
    0x20000660        -       0x00000060   Zero   RW         3392    .bss                c_w.l(libspace.o)
    0x200006c0        -       0x00000200   Zero   RW            2    HEAP                startup_stm32f103xb.o
    0x200008c0        -       0x00000400   Zero   RW            1    STACK               startup_stm32f103xb.o


==============================================================================

Image component sizes


      Code (inc. data)   RO Data    RW Data    ZI Data      Debug   Object Name

       136         18          0          4          0       1715   delay.o
       832         60          0        124         32       3587   filter.o
       176         16          0          0          0        983   gpio.o
      4498        280        157         44          0      27018   inv_mpu.o
      2382        118       3062          0         16      19962   inv_mpu_dmp_motion_driver.o
      1050         60          0          0          0      10182   ioi2c.o
       154          6          0         22          0     403826   main.o
      2110        406         79         53          0      35397   mpu6050.o
       460         24          0          0       1152       3691   oled_hal.o
       168         20          0          0         88       1741   spi.o
        64         26        236          0       1536        836   startup_stm32f103xb.o
       164         28          0         12          0       6093   stm32f1xx_hal.o
       198         14          0          0          0      29095   stm32f1xx_hal_cortex.o
       222          4          0          0          0       1843   stm32f1xx_hal_dma.o
       490         34          0          0          0       2964   stm32f1xx_hal_gpio.o
        60          8          0          0          0        922   stm32f1xx_hal_msp.o
      1240         84         18          0          0       5256   stm32f1xx_hal_rcc.o
       772          4          0          0          0       4462   stm32f1xx_hal_spi.o
      1474         10          0          0          0      10404   stm32f1xx_hal_uart.o
        32          6          0          0          0       4542   stm32f1xx_it.o
         2          0         24          4          0       1191   system_stm32f1xx.o
       210         24          0          4         72       4018   usart.o

    ----------------------------------------------------------------------
     16920       1250       3618        272       2896     579728   Object Totals
         0          0         32          0          0          0   (incl. Generated)
        26          0         10          5          0          0   (incl. Padding)

    ----------------------------------------------------------------------

      Code (inc. data)   RO Data    RW Data    ZI Data      Debug   Library Member Name

         8          0          0          0          0         68   __main.o
       284          0          0          0          0        156   __printf_wp.o
         0          0          0          0          0          0   __rtentry.o
        12          0          0          0          0          0   __rtentry2.o
         6          0          0          0          0          0   __rtentry4.o
        52          8          0          0          0          0   __scatter.o
        26          0          0          0          0          0   __scatter_copy.o
        28          0          0          0          0          0   __scatter_zi.o
        48          6          0          0          0         96   _printf_char_common.o
        36          4          0          0          0         80   _printf_char_file.o
         6          0          0          0          0          0   _printf_d.o
       120         16          0          0          0         92   _printf_dec.o
         6          0          0          0          0          0   _printf_f.o
      1054          0          0          0          0        216   _printf_fp_dec.o
       128         16          0          0          0         84   _printf_fp_infnan.o
       178          0          0          0          0         88   _printf_intcommon.o
         0          0          0          0          0          0   _printf_percent.o
         4          0          0          0          0          0   _printf_percent_end.o
        22          0          0          0          0        100   _rserrno.o
        16          0          0          0          0         68   aeabi_memset.o
       228          4        148          0          0         96   bigflt0.o
      1936        128          0          0          0        672   btod.o
        18          0          0          0          0         80   exit.o
         8          0          0          0          0         68   ferror.o
         6          0          0          0          0        152   heapauxi.o
        44         10         28          0          0         76   lc_numeric_c.o
         2          0          0          0          0          0   libinit.o
        18          0          0          0          0          0   libinit2.o
         2          0          0          0          0          0   libshutdown.o
         2          0          0          0          0          0   libshutdown2.o
         8          4          0          0         96         68   libspace.o
        72          0          0          0          0         76   llsdiv.o
       138          0          0          0          0         80   lludiv10.o
       238          0          0          0          0        100   lludivv7m.o
        88          0          0          0          0         76   memcmp.o
        24          4          0          0          0         84   noretval__2printf.o
         8          4          0          0          0         68   rt_errno_addr_intlibspace.o
         8          4          0          0          0         68   rt_locale_intlibspace.o
        68          0          0          0          0         68   rt_memclr.o
        78          0          0          0          0         80   rt_memclr_w.o
         2          0          0          0          0          0   rtexit.o
        10          0          0          0          0          0   rtexit2.o
       128          0          0          0          0         68   strcmpv7m.o
        74          0          0          0          0         80   sys_stackheap_outer.o
        98          4          0          0          0         92   d2f.o
       826         16          0          0          0        348   daddsub_clz.o
        16          4          0          0          0         68   dcheck1.o
        24          0          0          0          0         68   dcmpi.o
       688        140          0          0          0        208   ddiv.o
       120          4          0          0          0         92   deqf.o
       340         12          0          0          0        104   dmul.o
       156          4          0          0          0         92   dnaninf.o
        12          0          0          0          0         68   dretinf.o
       460         56          0          0          0        120   dsqrt_noumaal.o
        86          4          0          0          0         84   f2d.o
       450          8          0          0          0        236   faddsub_clz.o
        12          4          0          0          0         68   fcheck1.o
       388         76          0          0          0         96   fdiv.o
        54          4          0          0          0         84   ffix.o
        62          4          0          0          0         84   ffixu.o
        86          0          0          0          0        136   fflt_clz.o
       258          4          0          0          0         84   fmul.o
       140          4          0          0          0         84   fnaninf.o
        10          0          0          0          0         68   fretinf.o
         4          0          0          0          0         68   printf1.o
       100          0          0          0          0         68   retnan.o
        92          0          0          0          0         68   scalbn.o
        76          0          0          0          0         68   scalbnf.o
        48          0          0          0          0         68   trapv.o
         0          0          0          0          0          0   usenofp.o
       624         52         80          0          0        168   asin.o
       544         70        152          0          0        124   atan.o
       412         38          0          0          0        144   atan2.o
        38          6          0          0          0        272   dunder.o
        40          0          0          0          0         68   fpclassify.o
       170          0          0          0          0         96   poly.o
         0          0          8          0          0          0   qnan.o
        76          0          0          0          0         84   sqrt.o

    ----------------------------------------------------------------------
     11774        722        416          0         96       6688   Library Totals
        22          0          0          0          0          0   (incl. Padding)

    ----------------------------------------------------------------------

      Code (inc. data)   RO Data    RW Data    ZI Data      Debug   Library Name

      5242        208        176          0         96       3108   c_w.l
      4606        348          0          0          0       2624   fz_ws.l
      1904        166        240          0          0        956   m_ws.l

    ----------------------------------------------------------------------
     11774        722        416          0         96       6688   Library Totals

    ----------------------------------------------------------------------

==============================================================================


      Code (inc. data)   RO Data    RW Data    ZI Data      Debug   

     28694       1972       4034        272       2992     575492   Grand Totals
     28694       1972       4034        272       2992     575492   ELF Image Totals
     28694       1972       4034        272          0          0   ROM Totals

==============================================================================

    Total RO  Size (Code + RO Data)                32728 (  31.96kB)
    Total RW  Size (RW Data + ZI Data)              3264 (   3.19kB)
    Total ROM Size (Code + RO Data + RW Data)      33000 (  32.23kB)

==============================================================================

