<html>
<body>
<pre>
<h1>µVision Build Log</h1>
<h2>Tool Versions:</h2>
IDE-Version: ¦ÌVision V5.39.0.0
Copyright (C) 2023 ARM Ltd and ARM Germany GmbH. All rights reserved.
License Information: 1 3125497423@qq.com, 1, LIC=ZB4EI-TT5VM-TGU7T-RKW2R-DMA3Q-69905
 
Tool Versions:
Toolchain:       MDK-ARM Plus  Version: 5.39.0.0
Toolchain Path:  C:\Keil_v5\ARM\ARM_Compiler_5.06u7\Bin
C Compiler:      Armcc.exe V5.06 update 7 (build 960)
Assembler:       Armasm.exe V5.06 update 7 (build 960)
Linker/Locator:  ArmLink.exe V5.06 update 7 (build 960)
Library Manager: ArmAr.exe V5.06 update 7 (build 960)
Hex Converter:   FromElf.exe V5.06 update 7 (build 960)
CPU DLL:         SARMCM3.DLL V5.39.0.0
Dialog DLL:      DCM.DLL V1.17.5.0
Target DLL:      Segger\JL2CM3.dll V2.99.43.0
Dialog DLL:      TCM.DLL V1.56.4.0
 
<h2>Project:</h2>
d:\BaiduNetdiskDownload\STM32F103C8T6_Balance-Car\STM32F103C8T6_Balance-Car\MDK-ARM\STM32F103C8T6_Balance-Car.uvprojx
Project File Date:  10/08/2025

<h2>Output:</h2>
*** Using Compiler 'V5.06 update 7 (build 960)', folder: 'C:\Keil_v5\ARM\ARM_Compiler_5.06u7\Bin'
Rebuild target 'STM32F103C8T6_Balance-Car'
assembling startup_stm32f103xb.s...
compiling stm32f1xx_hal_rcc_ex.c...
compiling stm32f1xx_hal_adc.c...
compiling stm32f1xx_hal_gpio_ex.c...
compiling tim.c...
compiling stm32f1xx_hal_gpio.c...
compiling stm32f1xx_hal_msp.c...
compiling stm32f1xx_hal_rcc.c...
compiling gpio.c...
compiling stm32f1xx_it.c...
compiling stm32f1xx_hal.c...
compiling adc.c...
compiling stm32f1xx_hal_adc_ex.c...
compiling stm32f1xx_hal_dma.c...
compiling spi.c...
compiling main.c...
compiling usart.c...
compiling stm32f1xx_hal_flash_ex.c...
compiling stm32f1xx_hal_cortex.c...
compiling oled_hal.c...
compiling stm32f1xx_hal_spi.c...
compiling stm32f1xx_hal_flash.c...
compiling filter.c...
compiling DataScope_DP.C...
compiling stm32f1xx_hal_exti.c...
compiling encoder.c...
compiling usart3.c...
compiling ioi2c.c...
compiling stm32f1xx_hal_pwr.c...
compiling stm32f1xx_hal_uart.c...
compiling stm32f1xx_hal_tim_ex.c...
compiling stm32f1xx_hal_tim.c...
compiling system_stm32f1xx.c...
compiling led.c...
compiling oled_show.c...
compiling sys.c...
compiling delay.c...
compiling inv_mpu.c...
compiling MPU6050.c...
compiling inv_mpu_dmp_motion_driver.c...
compiling control.c...
..\Balance\CONTROL\control.c(160): warning:  #550-D: variable "Movement"  was set but never used
  	static float velocity, Encoder_Least, Encoder_bias, Movement;
..\Balance\CONTROL\control.c(319): warning:  #550-D: variable "accel_x"  was set but never used
  	float gyro_x, gyro_y, accel_x, accel_y, accel_z;
..\Balance\CONTROL\control.c(319): warning:  #550-D: variable "accel_y"  was set but never used
  	float gyro_x, gyro_y, accel_x, accel_y, accel_z;
..\Balance\CONTROL\control.c(319): warning:  #550-D: variable "accel_z"  was set but never used
  	float gyro_x, gyro_y, accel_x, accel_y, accel_z;
..\Balance\CONTROL\control.c: 4 warnings, 0 errors
linking...
Program Size: Code=37094 RO-data=10562 RW-data=428 ZI-data=3452  
FromELF: creating hex file...
"STM32F103C8T6_Balance-Car\STM32F103C8T6_Balance-Car.axf" - 0 Error(s), 4 Warning(s).

<h2>Software Packages used:</h2>

Package Vendor: ARM
                https://www.keil.com/pack/ARM.CMSIS.6.1.0.pack
                ARM::CMSIS@6.1.0
                CMSIS (Common Microcontroller Software Interface Standard)
   * Component: CORE Version: 6.1.0

Package Vendor: Keil
                https://www.keil.com/pack/Keil.STM32F1xx_DFP.2.4.1.pack
                Keil::STM32F1xx_DFP@2.4.1
                STMicroelectronics STM32F1 Series Device Support, Drivers and Examples

<h2>Collection of Component include folders:</h2>
  ./RTE/_STM32F103C8T6_Balance-Car
  C:/Users/31254/AppData/Local/Arm/Packs/ARM/CMSIS/6.1.0/CMSIS/Core/Include
  C:/Users/31254/AppData/Local/Arm/Packs/Keil/STM32F1xx_DFP/2.4.1/Device/Include

<h2>Collection of Component Files used:</h2>

   * Component: ARM::CMSIS:CORE@6.1.0
      Include file:  CMSIS/Core/Include/tz_context.h
Build Time Elapsed:  00:00:12
</pre>
</body>
</html>
