Component: ARM Compiler 5.06 update 7 (build 960) Tool: armlink [4d3601]

==============================================================================

Section Cross References

    startup_stm32f103xb.o(STACK) refers (Special) to heapauxi.o(.text) for __use_two_region_memory
    startup_stm32f103xb.o(HEAP) refers (Special) to heapauxi.o(.text) for __use_two_region_memory
    startup_stm32f103xb.o(RESET) refers (Special) to heapauxi.o(.text) for __use_two_region_memory
    startup_stm32f103xb.o(RESET) refers to startup_stm32f103xb.o(STACK) for __initial_sp
    startup_stm32f103xb.o(RESET) refers to startup_stm32f103xb.o(.text) for Reset_Handler
    startup_stm32f103xb.o(RESET) refers to stm32f1xx_it.o(i.NMI_Handler) for NMI_Handler
    startup_stm32f103xb.o(RESET) refers to stm32f1xx_it.o(i.HardFault_Handler) for HardFault_Handler
    startup_stm32f103xb.o(RESET) refers to stm32f1xx_it.o(i.MemManage_Handler) for MemManage_Handler
    startup_stm32f103xb.o(RESET) refers to stm32f1xx_it.o(i.BusFault_Handler) for BusFault_Handler
    startup_stm32f103xb.o(RESET) refers to stm32f1xx_it.o(i.UsageFault_Handler) for UsageFault_Handler
    startup_stm32f103xb.o(RESET) refers to stm32f1xx_it.o(i.SVC_Handler) for SVC_Handler
    startup_stm32f103xb.o(RESET) refers to stm32f1xx_it.o(i.DebugMon_Handler) for DebugMon_Handler
    startup_stm32f103xb.o(RESET) refers to stm32f1xx_it.o(i.PendSV_Handler) for PendSV_Handler
    startup_stm32f103xb.o(RESET) refers to stm32f1xx_it.o(i.SysTick_Handler) for SysTick_Handler
    startup_stm32f103xb.o(RESET) refers to stm32f1xx_it.o(i.TIM3_IRQHandler) for TIM3_IRQHandler
    startup_stm32f103xb.o(RESET) refers to stm32f1xx_it.o(i.TIM4_IRQHandler) for TIM4_IRQHandler
    startup_stm32f103xb.o(RESET) refers to stm32f1xx_it.o(i.USART1_IRQHandler) for USART1_IRQHandler
    startup_stm32f103xb.o(RESET) refers to stm32f1xx_it.o(i.USART3_IRQHandler) for USART3_IRQHandler
    startup_stm32f103xb.o(RESET) refers to stm32f1xx_it.o(i.EXTI15_10_IRQHandler) for EXTI15_10_IRQHandler
    startup_stm32f103xb.o(.text) refers (Special) to heapauxi.o(.text) for __use_two_region_memory
    startup_stm32f103xb.o(.text) refers to system_stm32f1xx.o(i.SystemInit) for SystemInit
    startup_stm32f103xb.o(.text) refers to __main.o(!!!main) for __main
    startup_stm32f103xb.o(.text) refers to startup_stm32f103xb.o(HEAP) for Heap_Mem
    startup_stm32f103xb.o(.text) refers to startup_stm32f103xb.o(STACK) for Stack_Mem
    main.o(i.SystemClock_Config) refers to rt_memclr_w.o(.text) for __aeabi_memclr4
    main.o(i.SystemClock_Config) refers to stm32f1xx_hal_rcc.o(i.HAL_RCC_OscConfig) for HAL_RCC_OscConfig
    main.o(i.SystemClock_Config) refers to stm32f1xx_hal_rcc.o(i.HAL_RCC_ClockConfig) for HAL_RCC_ClockConfig
    main.o(i.SystemClock_Config) refers to stm32f1xx_hal_rcc_ex.o(i.HAL_RCCEx_PeriphCLKConfig) for HAL_RCCEx_PeriphCLKConfig
    main.o(i.main) refers to _printf_percent.o(.ARM.Collect$$_printf_percent$$00000000) for _printf_percent
    main.o(i.main) refers to _printf_d.o(.ARM.Collect$$_printf_percent$$00000009) for _printf_d
    main.o(i.main) refers to _printf_dec.o(.text) for _printf_int_dec
    main.o(i.main) refers to stm32f1xx_hal.o(i.HAL_Init) for HAL_Init
    main.o(i.main) refers to main.o(i.SystemClock_Config) for SystemClock_Config
    main.o(i.main) refers to gpio.o(i.MX_GPIO_Init) for MX_GPIO_Init
    main.o(i.main) refers to spi.o(i.MX_SPI1_Init) for MX_SPI1_Init
    main.o(i.main) refers to usart.o(i.MX_USART1_UART_Init) for MX_USART1_UART_Init
    main.o(i.main) refers to tim.o(i.MX_TIM1_Init) for MX_TIM1_Init
    main.o(i.main) refers to tim.o(i.MX_TIM3_Init) for MX_TIM3_Init
    main.o(i.main) refers to tim.o(i.MX_TIM4_Init) for MX_TIM4_Init
    main.o(i.main) refers to usart.o(i.MX_USART3_UART_Init) for MX_USART3_UART_Init
    main.o(i.main) refers to adc.o(i.MX_ADC1_Init) for MX_ADC1_Init
    main.o(i.main) refers to tim.o(i.MX_TIM2_Init) for MX_TIM2_Init
    main.o(i.main) refers to oled_hal.o(i.OLED_HAL_Init) for OLED_HAL_Init
    main.o(i.main) refers to oled_hal.o(i.OLED_HAL_Clear) for OLED_HAL_Clear
    main.o(i.main) refers to delay.o(i.delay_init) for delay_init
    main.o(i.main) refers to stm32f1xx_hal_tim.o(i.HAL_TIM_PWM_Start) for HAL_TIM_PWM_Start
    main.o(i.main) refers to stm32f1xx_hal_tim.o(i.HAL_TIM_Encoder_Start) for HAL_TIM_Encoder_Start
    main.o(i.main) refers to noretval__2printf.o(.text) for __2printf
    main.o(i.main) refers to led.o(i.LED_Toggle) for LED_Toggle
    main.o(i.main) refers to delay.o(i.delay_ms) for delay_ms
    main.o(i.main) refers to tim.o(.bss) for htim1
    gpio.o(i.MX_GPIO_Init) refers to stm32f1xx_hal_gpio.o(i.HAL_GPIO_WritePin) for HAL_GPIO_WritePin
    gpio.o(i.MX_GPIO_Init) refers to stm32f1xx_hal_gpio.o(i.HAL_GPIO_Init) for HAL_GPIO_Init
    gpio.o(i.MX_GPIO_Init) refers to stm32f1xx_hal_cortex.o(i.HAL_NVIC_SetPriority) for HAL_NVIC_SetPriority
[...]
    .data                                    0x20000128   Section       53  mpu6050.o(.data)
    gyro_orientation                         0x20000154   Data           9  mpu6050.o(.data)
    .data                                    0x20000160   Section       60  control.o(.data)
    Flag_Target                              0x20000160   Data           1  control.o(.data)
    flag                                     0x20000162   Data           2  control.o(.data)
    count0                                   0x20000164   Data           2  control.o(.data)
    count1                                   0x20000166   Data           2  control.o(.data)
    count2                                   0x20000168   Data           2  control.o(.data)
    flag                                     0x2000016a   Data           2  control.o(.data)
    count                                    0x2000016c   Data           2  control.o(.data)
    velocity                                 0x20000170   Data           4  control.o(.data)
    Encoder_Least                            0x20000174   Data           4  control.o(.data)
    Encoder_bias                             0x20000178   Data           4  control.o(.data)
    Movement                                 0x2000017c   Data           4  control.o(.data)
    Encoder_Integral                         0x20000180   Data           4  control.o(.data)
    Target_Velocity                          0x20000184   Data           4  control.o(.data)
    Turn_Target                              0x20000188   Data           4  control.o(.data)
    turn                                     0x2000018c   Data           4  control.o(.data)
    Turn_Amplitude                           0x20000190   Data           4  control.o(.data)
    .bss                                     0x2000019c   Section       48  adc.o(.bss)
    .bss                                     0x200001cc   Section       88  spi.o(.bss)
    .bss                                     0x20000224   Section      288  tim.o(.bss)
    .bss                                     0x20000344   Section      144  usart.o(.bss)
    .bss                                     0x200003d4   Section     1152  oled_hal.o(.bss)
    .bss                                     0x20000854   Section       50  usart3.o(.bss)
    Receive                                  0x20000854   Data          50  usart3.o(.bss)
    .bss                                     0x20000888   Section       32  filter.o(.bss)
    Pdot                                     0x20000888   Data          16  filter.o(.bss)
    Pdot                                     0x20000898   Data          16  filter.o(.bss)
    .bss                                     0x200008a8   Section       16  inv_mpu_dmp_motion_driver.o(.bss)
    dmp                                      0x200008a8   Data          16  inv_mpu_dmp_motion_driver.o(.bss)
    .bss                                     0x200008b8   Section       96  libspace.o(.bss)
    HEAP                                     0x20000918   Section      512  startup_stm32f103xb.o(HEAP)
    Heap_Mem                                 0x20000918   Data         512  startup_stm32f103xb.o(HEAP)
    STACK                                    0x20000b18   Section     1024  startup_stm32f103xb.o(STACK)
    Stack_Mem                                0x20000b18   Data        1024  startup_stm32f103xb.o(STACK)
    __initial_sp                             0x20000f18   Data           0  startup_stm32f103xb.o(STACK)

    Global Symbols

    Symbol Name                              Value     Ov Type        Size  Object(Section)

    BuildAttributes$$THM_ISAv4$P$D$K$B$S$PE$A:L22UL41UL21$X:L11$S22US41US21$IEEE1$IW$USESV6$~STKCKD$USESV7$~SHL$OTIME$ROPI$IEEEX$EBA8$UX$STANDARDLIB$REQ8$PRES8$EABIv2 0x00000000   Number         0  anon$$obj.o ABSOLUTE
    __ARM_use_no_argv                        0x00000000   Number         0  main.o ABSOLUTE
    __ARM_exceptions_init                     - Undefined Weak Reference
    __alloca_initialize                       - Undefined Weak Reference
    __arm_fini_                               - Undefined Weak Reference
    __arm_preinit_                            - Undefined Weak Reference
    __cpp_initialize__aeabi_                  - Undefined Weak Reference
    __cxa_finalize                            - Undefined Weak Reference
    __rt_locale                               - Undefined Weak Reference
    __sigvec_lookup                           - Undefined Weak Reference
    _atexit_init                              - Undefined Weak Reference
    _call_atexit_fns                          - Undefined Weak Reference
    _clock_init                               - Undefined Weak Reference
    _fp_trap_init                             - Undefined Weak Reference
    _fp_trap_shutdown                         - Undefined Weak Reference
    _get_lc_collate                           - Undefined Weak Reference
    _get_lc_ctype                             - Undefined Weak Reference
    _get_lc_monetary                          - Undefined Weak Reference
    _get_lc_numeric                           - Undefined Weak Reference
    _get_lc_time                              - Undefined Weak Reference
    _getenv_init                              - Undefined Weak Reference
    _handle_redirection                       - Undefined Weak Reference
    _init_alloc                               - Undefined Weak Reference
    _init_user_alloc                          - Undefined Weak Reference
    _initio                                   - Undefined Weak Reference
    _mutex_acquire                            - Undefined Weak Reference
    _mutex_release                            - Undefined Weak Reference
    _printf_post_padding                      - Undefined Weak Reference
    _printf_pre_padding                       - Undefined Weak Reference
    _printf_truncate_signed                   - Undefined Weak Reference
    _printf_truncate_unsigned                 - Undefined Weak Reference
    _rand_init                                - Undefined Weak Reference
    _signal_finish                            - Undefined Weak Reference
    _signal_init                              - Undefined Weak Reference
    _terminate_alloc                          - Undefined Weak Reference
    _terminate_user_alloc                     - Undefined Weak Reference
    _terminateio                              - Undefined Weak Reference
    __Vectors_Size                           0x000000ec   Number         0  startup_stm32f103xb.o ABSOLUTE
    __Vectors                                0x08000000   Data           4  startup_stm32f103xb.o(RESET)
    __Vectors_End                            0x080000ec   Data           0  startup_stm32f103xb.o(RESET)
    __main                                   0x080000ed   Thumb Code     8  __main.o(!!!main)
    __scatterload                            0x080000f5   Thumb Code     0  __scatter.o(!!!scatter)
    __scatterload_rt2                        0x080000f5   Thumb Code    44  __scatter.o(!!!scatter)
    __scatterload_rt2_thumb_only             0x080000f5   Thumb Code     0  __scatter.o(!!!scatter)
    __scatterload_null                       0x08000103   Thumb Code     0  __scatter.o(!!!scatter)
    __decompress                             0x08000129   Thumb Code    90  __dczerorl2.o(!!dczerorl2)
    __decompress1                            0x08000129   Thumb Code     0  __dczerorl2.o(!!dczerorl2)
    __scatterload_zeroinit                   0x08000185   Thumb Code    28  __scatter_zi.o(!!handler_zi)
    _printf_d                                0x080001a1   Thumb Code     0  _printf_d.o(.ARM.Collect$$_printf_percent$$00000009)
    _printf_percent                          0x080001a1   Thumb Code     0  _printf_percent.o(.ARM.Collect$$_printf_percent$$00000000)
    _printf_percent_end                      0x080001a7   Thumb Code     0  _printf_percent_end.o(.ARM.Collect$$_printf_percent$$00000017)
    __rt_lib_init                            0x080001ab   Thumb Code     0  libinit.o(.ARM.Collect$$libinit$$00000000)
    __rt_lib_init_alloca_1                   0x080001ad   Thumb Code     0  libinit2.o(.ARM.Collect$$libinit$$0000002E)
    __rt_lib_init_argv_1                     0x080001ad   Thumb Code     0  libinit2.o(.ARM.Collect$$libinit$$0000002C)
    __rt_lib_init_atexit_1                   0x080001ad   Thumb Code     0  libinit2.o(.ARM.Collect$$libinit$$0000001B)
    __rt_lib_init_clock_1                    0x080001ad   Thumb Code     0  libinit2.o(.ARM.Collect$$libinit$$00000021)
    __rt_lib_init_cpp_1                      0x080001ad   Thumb Code     0  libinit2.o(.ARM.Collect$$libinit$$00000032)
    __rt_lib_init_exceptions_1               0x080001ad   Thumb Code     0  libinit2.o(.ARM.Collect$$libinit$$00000030)
    __rt_lib_init_fp_1                       0x080001ad   Thumb Code     0  libinit2.o(.ARM.Collect$$libinit$$00000002)
    __rt_lib_init_fp_trap_1                  0x080001ad   Thumb Code     0  libinit2.o(.ARM.Collect$$libinit$$0000001F)
    __rt_lib_init_getenv_1                   0x080001ad   Thumb Code     0  libinit2.o(.ARM.Collect$$libinit$$00000023)
    __rt_lib_init_heap_1                     0x080001ad   Thumb Code     0  libinit2.o(.ARM.Collect$$libinit$$0000000A)
    __rt_lib_init_lc_collate_1               0x080001ad   Thumb Code     0  libinit2.o(.ARM.Collect$$libinit$$00000011)
    __rt_lib_init_lc_ctype_1                 0x080001ad   Thumb Code     0  libinit2.o(.ARM.Collect$$libinit$$00000013)
    __rt_lib_init_lc_monetary_1              0x080001ad   Thumb Code     0  libinit2.o(.ARM.Collect$$libinit$$00000015)
    __rt_lib_init_lc_numeric_1               0x080001ad   Thumb Code     0  libinit2.o(.ARM.Collect$$libinit$$00000017)
    __rt_lib_init_lc_time_1                  0x080001ad   Thumb Code     0  libinit2.o(.ARM.Collect$$libinit$$00000019)
    __rt_lib_init_preinit_1                  0x080001ad   Thumb Code     0  libinit2.o(.ARM.Collect$$libinit$$00000004)
    __rt_lib_init_rand_1                     0x080001ad   Thumb Code     0  libinit2.o(.ARM.Collect$$libinit$$0000000E)
    __rt_lib_init_return                     0x080001ad   Thumb Code     0  libinit2.o(.ARM.Collect$$libinit$$00000033)
    __rt_lib_init_signal_1                   0x080001ad   Thumb Code     0  libinit2.o(.ARM.Collect$$libinit$$0000001D)
    __rt_lib_init_stdio_1                    0x080001ad   Thumb Code     0  libinit2.o(.ARM.Collect$$libinit$$00000025)
    __rt_lib_init_user_alloc_1               0x080001ad   Thumb Code     0  libinit2.o(.ARM.Collect$$libinit$$0000000C)
    __rt_lib_shutdown                        0x080001af   Thumb Code     0  libshutdown.o(.ARM.Collect$$libshutdown$$00000000)
    __rt_lib_shutdown_cpp_1                  0x080001b1   Thumb Code     0  libshutdown2.o(.ARM.Collect$$libshutdown$$00000004)
    __rt_lib_shutdown_fini_1                 0x080001b1   Thumb Code     0  libshutdown2.o(.ARM.Collect$$libshutdown$$00000002)
    __rt_lib_shutdown_fp_trap_1              0x080001b1   Thumb Code     0  libshutdown2.o(.ARM.Collect$$libshutdown$$00000009)
    __rt_lib_shutdown_heap_1                 0x080001b1   Thumb Code     0  libshutdown2.o(.ARM.Collect$$libshutdown$$00000011)
    __rt_lib_shutdown_return                 0x080001b1   Thumb Code     0  libshutdown2.o(.ARM.Collect$$libshutdown$$00000012)
    __rt_lib_shutdown_signal_1               0x080001b1   Thumb Code     0  libshutdown2.o(.ARM.Collect$$libshutdown$$0000000C)
    __rt_lib_shutdown_stdio_1                0x080001b1   Thumb Code     0  libshutdown2.o(.ARM.Collect$$libshutdown$$00000006)
    __rt_lib_shutdown_user_alloc_1           0x080001b1   Thumb Code     0  libshutdown2.o(.ARM.Collect$$libshutdown$$0000000E)
    __rt_entry                               0x080001b3   Thumb Code     0  __rtentry.o(.ARM.Collect$$rtentry$$00000000)
    __rt_entry_presh_1                       0x080001b3   Thumb Code     0  __rtentry2.o(.ARM.Collect$$rtentry$$00000002)
    __rt_entry_sh                            0x080001b3   Thumb Code     0  __rtentry4.o(.ARM.Collect$$rtentry$$00000004)
    __rt_entry_li                            0x080001b9   Thumb Code     0  __rtentry2.o(.ARM.Collect$$rtentry$$0000000A)
    __rt_entry_postsh_1                      0x080001b9   Thumb Code     0  __rtentry2.o(.ARM.Collect$$rtentry$$00000009)
    __rt_entry_main                          0x080001bd   Thumb Code     0  __rtentry2.o(.ARM.Collect$$rtentry$$0000000D)
    __rt_entry_postli_1                      0x080001bd   Thumb Code     0  __rtentry2.o(.ARM.Collect$$rtentry$$0000000C)
    __rt_exit                                0x080001c5   Thumb Code     0  rtexit.o(.ARM.Collect$$rtexit$$00000000)
    __rt_exit_ls                             0x080001c7   Thumb Code     0  rtexit2.o(.ARM.Collect$$rtexit$$00000003)
    __rt_exit_prels_1                        0x080001c7   Thumb Code     0  rtexit2.o(.ARM.Collect$$rtexit$$00000002)
    __rt_exit_exit                           0x080001cb   Thumb Code     0  rtexit2.o(.ARM.Collect$$rtexit$$00000004)
    Reset_Handler                            0x080001d1   Thumb Code     8  startup_stm32f103xb.o(.text)
    ADC1_2_IRQHandler                        0x080001eb   Thumb Code     0  startup_stm32f103xb.o(.text)
    CAN1_RX1_IRQHandler                      0x080001eb   Thumb Code     0  startup_stm32f103xb.o(.text)
    CAN1_SCE_IRQHandler                      0x080001eb   Thumb Code     0  startup_stm32f103xb.o(.text)
    DMA1_Channel1_IRQHandler                 0x080001eb   Thumb Code     0  startup_stm32f103xb.o(.text)
    DMA1_Channel2_IRQHandler                 0x080001eb   Thumb Code     0  startup_stm32f103xb.o(.text)
    DMA1_Channel3_IRQHandler                 0x080001eb   Thumb Code     0  startup_stm32f103xb.o(.text)
    DMA1_Channel4_IRQHandler                 0x080001eb   Thumb Code     0  startup_stm32f103xb.o(.text)
    DMA1_Channel5_IRQHandler                 0x080001eb   Thumb Code     0  startup_stm32f103xb.o(.text)
    DMA1_Channel6_IRQHandler                 0x080001eb   Thumb Code     0  startup_stm32f103xb.o(.text)
    DMA1_Channel7_IRQHandler                 0x080001eb   Thumb Code     0  startup_stm32f103xb.o(.text)
    EXTI0_IRQHandler                         0x080001eb   Thumb Code     0  startup_stm32f103xb.o(.text)
    EXTI1_IRQHandler                         0x080001eb   Thumb Code     0  startup_stm32f103xb.o(.text)
    EXTI2_IRQHandler                         0x080001eb   Thumb Code     0  startup_stm32f103xb.o(.text)
    EXTI3_IRQHandler                         0x080001eb   Thumb Code     0  startup_stm32f103xb.o(.text)
    EXTI4_IRQHandler                         0x080001eb   Thumb Code     0  startup_stm32f103xb.o(.text)
    EXTI9_5_IRQHandler                       0x080001eb   Thumb Code     0  startup_stm32f103xb.o(.text)
    FLASH_IRQHandler                         0x080001eb   Thumb Code     0  startup_stm32f103xb.o(.text)
    I2C1_ER_IRQHandler                       0x080001eb   Thumb Code     0  startup_stm32f103xb.o(.text)
    I2C1_EV_IRQHandler                       0x080001eb   Thumb Code     0  startup_stm32f103xb.o(.text)
    I2C2_ER_IRQHandler                       0x080001eb   Thumb Code     0  startup_stm32f103xb.o(.text)
    I2C2_EV_IRQHandler                       0x080001eb   Thumb Code     0  startup_stm32f103xb.o(.text)
    PVD_IRQHandler                           0x080001eb   Thumb Code     0  startup_stm32f103xb.o(.text)
    RCC_IRQHandler                           0x080001eb   Thumb Code     0  startup_stm32f103xb.o(.text)
    RTC_Alarm_IRQHandler                     0x080001eb   Thumb Code     0  startup_stm32f103xb.o(.text)
    RTC_IRQHandler                           0x080001eb   Thumb Code     0  startup_stm32f103xb.o(.text)
    SPI1_IRQHandler                          0x080001eb   Thumb Code     0  startup_stm32f103xb.o(.text)
    SPI2_IRQHandler                          0x080001eb   Thumb Code     0  startup_stm32f103xb.o(.text)
    TAMPER_IRQHandler                        0x080001eb   Thumb Code     0  startup_stm32f103xb.o(.text)
    TIM1_BRK_IRQHandler                      0x080001eb   Thumb Code     0  startup_stm32f103xb.o(.text)
    TIM1_CC_IRQHandler                       0x080001eb   Thumb Code     0  startup_stm32f103xb.o(.text)
    TIM1_TRG_COM_IRQHandler                  0x080001eb   Thumb Code     0  startup_stm32f103xb.o(.text)
    TIM1_UP_IRQHandler                       0x080001eb   Thumb Code     0  startup_stm32f103xb.o(.text)
    TIM2_IRQHandler                          0x080001eb   Thumb Code     0  startup_stm32f103xb.o(.text)
    USART2_IRQHandler                        0x080001eb   Thumb Code     0  startup_stm32f103xb.o(.text)
    USBWakeUp_IRQHandler                     0x080001eb   Thumb Code     0  startup_stm32f103xb.o(.text)
    USB_HP_CAN1_TX_IRQHandler                0x080001eb   Thumb Code     0  startup_stm32f103xb.o(.text)
    USB_LP_CAN1_RX0_IRQHandler               0x080001eb   Thumb Code     0  startup_stm32f103xb.o(.text)
    WWDG_IRQHandler                          0x080001eb   Thumb Code     0  startup_stm32f103xb.o(.text)
    __user_initial_stackheap                 0x080001ed   Thumb Code     0  startup_stm32f103xb.o(.text)
    __2printf                                0x08000211   Thumb Code    20  noretval__2printf.o(.text)
    __printf                                 0x08000229   Thumb Code   104  __printf.o(.text)
    _printf_int_dec                          0x08000291   Thumb Code   104  _printf_dec.o(.text)
    __aeabi_memclr                           0x08000309   Thumb Code     0  rt_memclr.o(.text)
    __rt_memclr                              0x08000309   Thumb Code    68  rt_memclr.o(.text)
    _memset                                  0x0800030d   Thumb Code     0  rt_memclr.o(.text)
    __aeabi_memclr4                          0x0800034d   Thumb Code     0  rt_memclr_w.o(.text)
    __aeabi_memclr8                          0x0800034d   Thumb Code     0  rt_memclr_w.o(.text)
    __rt_memclr_w                            0x0800034d   Thumb Code    78  rt_memclr_w.o(.text)
    _memset_w                                0x08000351   Thumb Code     0  rt_memclr_w.o(.text)
    __use_two_region_memory                  0x0800039b   Thumb Code     2  heapauxi.o(.text)
    __rt_heap_escrow$2region                 0x0800039d   Thumb Code     2  heapauxi.o(.text)
    __rt_heap_expand$2region                 0x0800039f   Thumb Code     2  heapauxi.o(.text)
    __read_errno                             0x080003a1   Thumb Code    10  _rserrno.o(.text)
    __set_errno                              0x080003ab   Thumb Code    12  _rserrno.o(.text)
    _printf_int_common                       0x080003b7   Thumb Code   178  _printf_intcommon.o(.text)
    _printf_char_file                        0x08000469   Thumb Code    32  _printf_char_file.o(.text)
    __aeabi_errno_addr                       0x0800048d   Thumb Code     8  rt_errno_addr_intlibspace.o(.text)
    __errno$intlibspace                      0x0800048d   Thumb Code     0  rt_errno_addr_intlibspace.o(.text)
    __rt_errno_addr$intlibspace              0x0800048d   Thumb Code     0  rt_errno_addr_intlibspace.o(.text)
    _printf_char_common                      0x0800049f   Thumb Code    32  _printf_char_common.o(.text)
    ferror                                   0x080004c5   Thumb Code     8  ferror.o(.text)
    __user_libspace                          0x080004cd   Thumb Code     8  libspace.o(.text)
    __user_perproc_libspace                  0x080004cd   Thumb Code     0  libspace.o(.text)
    __user_perthread_libspace                0x080004cd   Thumb Code     0  libspace.o(.text)
    __user_setup_stackheap                   0x080004d5   Thumb Code    74  sys_stackheap_outer.o(.text)
    exit                                     0x0800051f   Thumb Code    18  exit.o(.text)
    ADC_ConversionStop_Disable               0x08000531   Thumb Code    86  stm32f1xx_hal_adc.o(i.ADC_ConversionStop_Disable)
    ADC_Enable                               0x08000589   Thumb Code   114  stm32f1xx_hal_adc.o(i.ADC_Enable)
    Balance                                  0x08000605   Thumb Code    72  control.o(i.Balance)
    BusFault_Handler                         0x08000661   Thumb Code     2  stm32f1xx_it.o(i.BusFault_Handler)
    Complementary_Filter_x                   0x08000665   Thumb Code    56  filter.o(i.Complementary_Filter_x)
    Complementary_Filter_y                   0x080006a9   Thumb Code    56  filter.o(i.Complementary_Filter_y)
    DebugMon_Handler                         0x080006ed   Thumb Code     2  stm32f1xx_it.o(i.DebugMon_Handler)
    EXTI15_10_IRQHandler                     0x080006ef   Thumb Code     8  stm32f1xx_it.o(i.EXTI15_10_IRQHandler)
    Error_Handler                            0x080006f7   Thumb Code     4  main.o(i.Error_Handler)
    Get_Angle                                0x080006fd   Thumb Code   580  control.o(i.Get_Angle)
    Get_Velocity_Form_Encoder                0x08000979   Thumb Code   164  control.o(i.Get_Velocity_Form_Encoder)
    HAL_ADCEx_Calibration_Start              0x08000a39   Thumb Code   210  stm32f1xx_hal_adc_ex.o(i.HAL_ADCEx_Calibration_Start)
    HAL_ADC_ConfigChannel                    0x08000b11   Thumb Code   240  stm32f1xx_hal_adc.o(i.HAL_ADC_ConfigChannel)
    HAL_ADC_Init                             0x08000c0d   Thumb Code   272  stm32f1xx_hal_adc.o(i.HAL_ADC_Init)
    HAL_ADC_MspInit                          0x08000d29   Thumb Code    76  adc.o(i.HAL_ADC_MspInit)
    HAL_DMA_Abort                            0x08000d81   Thumb Code    70  stm32f1xx_hal_dma.o(i.HAL_DMA_Abort)
    HAL_DMA_Abort_IT                         0x08000dc9   Thumb Code   148  stm32f1xx_hal_dma.o(i.HAL_DMA_Abort_IT)
    HAL_Delay                                0x08000e61   Thumb Code    32  stm32f1xx_hal.o(i.HAL_Delay)
    HAL_GPIO_EXTI_Callback                   0x08000e85   Thumb Code   146  control.o(i.HAL_GPIO_EXTI_Callback)
    HAL_GPIO_EXTI_IRQHandler                 0x08000f39   Thumb Code    18  stm32f1xx_hal_gpio.o(i.HAL_GPIO_EXTI_IRQHandler)
    HAL_GPIO_Init                            0x08000f51   Thumb Code   446  stm32f1xx_hal_gpio.o(i.HAL_GPIO_Init)
    HAL_GPIO_TogglePin                       0x08001131   Thumb Code    16  stm32f1xx_hal_gpio.o(i.HAL_GPIO_TogglePin)
    HAL_GPIO_WritePin                        0x08001141   Thumb Code    10  stm32f1xx_hal_gpio.o(i.HAL_GPIO_WritePin)
    HAL_GetTick                              0x0800114d   Thumb Code     6  stm32f1xx_hal.o(i.HAL_GetTick)
    HAL_IncTick                              0x08001159   Thumb Code    12  stm32f1xx_hal.o(i.HAL_IncTick)
    HAL_Init                                 0x08001169   Thumb Code    32  stm32f1xx_hal.o(i.HAL_Init)
    HAL_InitTick                             0x0800118d   Thumb Code    54  stm32f1xx_hal.o(i.HAL_InitTick)
    HAL_MspInit                              0x080011cd   Thumb Code    58  stm32f1xx_hal_msp.o(i.HAL_MspInit)
    HAL_NVIC_EnableIRQ                       0x08001211   Thumb Code    26  stm32f1xx_hal_cortex.o(i.HAL_NVIC_EnableIRQ)
    HAL_NVIC_SetPriority                     0x0800122d   Thumb Code    60  stm32f1xx_hal_cortex.o(i.HAL_NVIC_SetPriority)
    HAL_NVIC_SetPriorityGrouping             0x0800126d   Thumb Code    26  stm32f1xx_hal_cortex.o(i.HAL_NVIC_SetPriorityGrouping)
    HAL_RCCEx_GetPeriphCLKFreq               0x08001291   Thumb Code   148  stm32f1xx_hal_rcc_ex.o(i.HAL_RCCEx_GetPeriphCLKFreq)
    HAL_RCCEx_PeriphCLKConfig                0x08001335   Thumb Code   224  stm32f1xx_hal_rcc_ex.o(i.HAL_RCCEx_PeriphCLKConfig)
    HAL_RCC_ClockConfig                      0x08001421   Thumb Code   280  stm32f1xx_hal_rcc.o(i.HAL_RCC_ClockConfig)
    HAL_RCC_GetPCLK1Freq                     0x0800154d   Thumb Code    20  stm32f1xx_hal_rcc.o(i.HAL_RCC_GetPCLK1Freq)
    HAL_RCC_GetPCLK2Freq                     0x0800156d   Thumb Code    20  stm32f1xx_hal_rcc.o(i.HAL_RCC_GetPCLK2Freq)
    HAL_RCC_GetSysClockFreq                  0x0800158d   Thumb Code    58  stm32f1xx_hal_rcc.o(i.HAL_RCC_GetSysClockFreq)
    HAL_RCC_OscConfig                        0x080015d9   Thumb Code   778  stm32f1xx_hal_rcc.o(i.HAL_RCC_OscConfig)
    HAL_SPI_Init                             0x080018f9   Thumb Code   178  stm32f1xx_hal_spi.o(i.HAL_SPI_Init)
    HAL_SPI_MspInit                          0x080019ad   Thumb Code    80  spi.o(i.HAL_SPI_MspInit)
    HAL_SPI_Transmit                         0x08001a09   Thumb Code   358  stm32f1xx_hal_spi.o(i.HAL_SPI_Transmit)
    HAL_SYSTICK_Config                       0x08001b6f   Thumb Code    40  stm32f1xx_hal_cortex.o(i.HAL_SYSTICK_Config)
    HAL_TIMEx_BreakCallback                  0x08001b97   Thumb Code     2  stm32f1xx_hal_tim_ex.o(i.HAL_TIMEx_BreakCallback)
    HAL_TIMEx_CommutCallback                 0x08001b99   Thumb Code     2  stm32f1xx_hal_tim_ex.o(i.HAL_TIMEx_CommutCallback)
    HAL_TIMEx_ConfigBreakDeadTime            0x08001b9b   Thumb Code    84  stm32f1xx_hal_tim_ex.o(i.HAL_TIMEx_ConfigBreakDeadTime)
    HAL_TIMEx_MasterConfigSynchronization    0x08001bf1   Thumb Code    92  stm32f1xx_hal_tim_ex.o(i.HAL_TIMEx_MasterConfigSynchronization)
    HAL_TIM_Base_Init                        0x08001c59   Thumb Code    90  stm32f1xx_hal_tim.o(i.HAL_TIM_Base_Init)
    HAL_TIM_Base_MspInit                     0x08001cb5   Thumb Code    30  tim.o(i.HAL_TIM_Base_MspInit)
    HAL_TIM_ConfigClockSource                0x08001cdd   Thumb Code   220  stm32f1xx_hal_tim.o(i.HAL_TIM_ConfigClockSource)
    HAL_TIM_Encoder_Init                     0x08001db9   Thumb Code   164  stm32f1xx_hal_tim.o(i.HAL_TIM_Encoder_Init)
    HAL_TIM_Encoder_MspInit                  0x08001e5d   Thumb Code   220  tim.o(i.HAL_TIM_Encoder_MspInit)
    HAL_TIM_Encoder_Start                    0x08001f51   Thumb Code   142  stm32f1xx_hal_tim.o(i.HAL_TIM_Encoder_Start)
    HAL_TIM_IC_CaptureCallback               0x08001fdf   Thumb Code     2  stm32f1xx_hal_tim.o(i.HAL_TIM_IC_CaptureCallback)
    HAL_TIM_IRQHandler                       0x08001fe1   Thumb Code   304  stm32f1xx_hal_tim.o(i.HAL_TIM_IRQHandler)
    HAL_TIM_MspPostInit                      0x08002111   Thumb Code    64  tim.o(i.HAL_TIM_MspPostInit)
    HAL_TIM_OC_DelayElapsedCallback          0x0800215d   Thumb Code     2  stm32f1xx_hal_tim.o(i.HAL_TIM_OC_DelayElapsedCallback)
    HAL_TIM_PWM_ConfigChannel                0x0800215f   Thumb Code   204  stm32f1xx_hal_tim.o(i.HAL_TIM_PWM_ConfigChannel)
    HAL_TIM_PWM_Init                         0x0800222b   Thumb Code    90  stm32f1xx_hal_tim.o(i.HAL_TIM_PWM_Init)
    HAL_TIM_PWM_MspInit                      0x08002285   Thumb Code     2  stm32f1xx_hal_tim.o(i.HAL_TIM_PWM_MspInit)
    HAL_TIM_PWM_PulseFinishedCallback        0x08002287   Thumb Code     2  stm32f1xx_hal_tim.o(i.HAL_TIM_PWM_PulseFinishedCallback)
    HAL_TIM_PWM_Start                        0x08002289   Thumb Code   144  stm32f1xx_hal_tim.o(i.HAL_TIM_PWM_Start)
    HAL_TIM_PeriodElapsedCallback            0x08002325   Thumb Code     2  stm32f1xx_hal_tim.o(i.HAL_TIM_PeriodElapsedCallback)
    HAL_TIM_TriggerCallback                  0x08002327   Thumb Code     2  stm32f1xx_hal_tim.o(i.HAL_TIM_TriggerCallback)
    HAL_UARTEx_RxEventCallback               0x08002329   Thumb Code     2  stm32f1xx_hal_uart.o(i.HAL_UARTEx_RxEventCallback)
    HAL_UART_ErrorCallback                   0x0800232b   Thumb Code     2  stm32f1xx_hal_uart.o(i.HAL_UART_ErrorCallback)
    HAL_UART_IRQHandler                      0x0800232d   Thumb Code   616  stm32f1xx_hal_uart.o(i.HAL_UART_IRQHandler)
    HAL_UART_Init                            0x08002599   Thumb Code   100  stm32f1xx_hal_uart.o(i.HAL_UART_Init)
    HAL_UART_MspInit                         0x080025fd   Thumb Code   198  usart.o(i.HAL_UART_MspInit)
    HAL_UART_Receive_IT                      0x080026d9   Thumb Code    28  stm32f1xx_hal_uart.o(i.HAL_UART_Receive_IT)
    HAL_UART_RxCpltCallback                  0x080026f5   Thumb Code   452  usart3.o(i.HAL_UART_RxCpltCallback)
    HAL_UART_Transmit                        0x080028fd   Thumb Code   160  stm32f1xx_hal_uart.o(i.HAL_UART_Transmit)
    HAL_UART_TxCpltCallback                  0x0800299d   Thumb Code     2  stm32f1xx_hal_uart.o(i.HAL_UART_TxCpltCallback)
    HardFault_Handler                        0x0800299f   Thumb Code     2  stm32f1xx_it.o(i.HardFault_Handler)
    I2C_ReadOneByte                          0x080029a1   Thumb Code    62  ioi2c.o(i.I2C_ReadOneByte)
    IIC_Ack                                  0x080029e1   Thumb Code    54  ioi2c.o(i.IIC_Ack)
    IIC_NAck                                 0x08002a21   Thumb Code    56  ioi2c.o(i.IIC_NAck)
    IIC_Read_Byte                            0x08002a61   Thumb Code   100  ioi2c.o(i.IIC_Read_Byte)
    IIC_Send_Byte                            0x08002acd   Thumb Code    86  ioi2c.o(i.IIC_Send_Byte)
    IIC_Start                                0x08002b2d   Thumb Code    72  ioi2c.o(i.IIC_Start)
    IIC_Stop                                 0x08002b7d   Thumb Code    56  ioi2c.o(i.IIC_Stop)
    IIC_Wait_Ack                             0x08002bbd   Thumb Code    80  ioi2c.o(i.IIC_Wait_Ack)
    Kalman_Filter_x                          0x08002c15   Thumb Code   330  filter.o(i.Kalman_Filter_x)
    Kalman_Filter_y                          0x08002d71   Thumb Code   330  filter.o(i.Kalman_Filter_y)
    LED_Toggle                               0x08002ecd   Thumb Code    10  led.o(i.LED_Toggle)
    MX_ADC1_Init                             0x08002edd   Thumb Code    74  adc.o(i.MX_ADC1_Init)
    MX_GPIO_Init                             0x08002f31   Thumb Code   226  gpio.o(i.MX_GPIO_Init)
    MX_SPI1_Init                             0x08003029   Thumb Code    68  spi.o(i.MX_SPI1_Init)
    MX_TIM1_Init                             0x08003075   Thumb Code   208  tim.o(i.MX_TIM1_Init)
    MX_TIM2_Init                             0x0800314d   Thumb Code    94  tim.o(i.MX_TIM2_Init)
    MX_TIM3_Init                             0x080031b1   Thumb Code    98  tim.o(i.MX_TIM3_Init)
    MX_TIM4_Init                             0x0800321d   Thumb Code    98  tim.o(i.MX_TIM4_Init)
    MX_USART1_UART_Init                      0x08003289   Thumb Code    48  usart.o(i.MX_USART1_UART_Init)
    MX_USART3_UART_Init                      0x080032c1   Thumb Code    54  usart.o(i.MX_USART3_UART_Init)
    MemManage_Handler                        0x08003305   Thumb Code     2  stm32f1xx_it.o(i.MemManage_Handler)
    NMI_Handler                              0x08003307   Thumb Code     2  stm32f1xx_it.o(i.NMI_Handler)
    OLED_HAL_Clear                           0x08003309   Thumb Code    40  oled_hal.o(i.OLED_HAL_Clear)
    OLED_HAL_Init                            0x08003335   Thumb Code   262  oled_hal.o(i.OLED_HAL_Init)
    OLED_HAL_Refresh                         0x08003441   Thumb Code    70  oled_hal.o(i.OLED_HAL_Refresh)
    OLED_HAL_WR_Byte                         0x0800348d   Thumb Code    64  oled_hal.o(i.OLED_HAL_WR_Byte)
    PWM_Limit                                0x080034d5   Thumb Code    14  control.o(i.PWM_Limit)
    PendSV_Handler                           0x080034e3   Thumb Code     2  stm32f1xx_it.o(i.PendSV_Handler)
    Read_DMP                                 0x080034e5   Thumb Code   424  mpu6050.o(i.Read_DMP)
    Read_Encoder                             0x08003695   Thumb Code    28  encoder.o(i.Read_Encoder)
    Read_Temperature                         0x080036b9   Thumb Code    68  mpu6050.o(i.Read_Temperature)
    SVC_Handler                              0x080037f5   Thumb Code     2  stm32f1xx_it.o(i.SVC_Handler)
    Set_Pwm                                  0x080037f9   Thumb Code    74  control.o(i.Set_Pwm)
    SysTick_Handler                          0x0800384d   Thumb Code     4  stm32f1xx_it.o(i.SysTick_Handler)
    SystemClock_Config                       0x08003851   Thumb Code   120  main.o(i.SystemClock_Config)
    SystemInit                               0x080038c9   Thumb Code     2  system_stm32f1xx.o(i.SystemInit)
    TIM3_IRQHandler                          0x080038cd   Thumb Code     6  stm32f1xx_it.o(i.TIM3_IRQHandler)
    TIM4_IRQHandler                          0x080038d9   Thumb Code     6  stm32f1xx_it.o(i.TIM4_IRQHandler)
    TIM_Base_SetConfig                       0x080038e5   Thumb Code   108  stm32f1xx_hal_tim.o(i.TIM_Base_SetConfig)
    TIM_CCxChannelCmd                        0x0800395d   Thumb Code    26  stm32f1xx_hal_tim.o(i.TIM_CCxChannelCmd)
    TIM_ETR_SetConfig                        0x08003977   Thumb Code    20  stm32f1xx_hal_tim.o(i.TIM_ETR_SetConfig)
    TIM_OC2_SetConfig                        0x080039ed   Thumb Code    84  stm32f1xx_hal_tim.o(i.TIM_OC2_SetConfig)
    Turn                                     0x08003b29   Thumb Code   142  control.o(i.Turn)
    Turn_Off                                 0x08003be1   Thumb Code    54  control.o(i.Turn_Off)
    UART_Start_Receive_IT                    0x08003e01   Thumb Code    54  stm32f1xx_hal_uart.o(i.UART_Start_Receive_IT)
    USART1_IRQHandler                        0x08003ea9   Thumb Code     6  stm32f1xx_it.o(i.USART1_IRQHandler)
    USART3_IRQHandler                        0x08003eb5   Thumb Code     6  stm32f1xx_it.o(i.USART3_IRQHandler)
    UsageFault_Handler                       0x08003ec1   Thumb Code     2  stm32f1xx_it.o(i.UsageFault_Handler)
    Velocity                                 0x08003ec5   Thumb Code   376  control.o(i.Velocity)
    __ARM_fpclassify                         0x080040a5   Thumb Code    40  fpclassify.o(i.__ARM_fpclassify)
    __kernel_poly                            0x080040ed   Thumb Code   170  poly.o(i.__kernel_poly)
    __mathlib_dbl_divzero                    0x08004199   Thumb Code    12  dunder.o(i.__mathlib_dbl_divzero)
    __mathlib_dbl_infnan                     0x080041a9   Thumb Code     6  dunder.o(i.__mathlib_dbl_infnan)
    __mathlib_dbl_infnan2                    0x080041af   Thumb Code     4  dunder.o(i.__mathlib_dbl_infnan2)
    __mathlib_dbl_invalid                    0x080041b3   Thumb Code    12  dunder.o(i.__mathlib_dbl_invalid)
    __mathlib_dbl_overflow                   0x080041bf   Thumb Code    14  dunder.o(i.__mathlib_dbl_overflow)
    __mathlib_dbl_underflow                  0x080041cd   Thumb Code    10  dunder.o(i.__mathlib_dbl_underflow)
    _sys_exit                                0x080041dd   Thumb Code     2  usart.o(i._sys_exit)
    asin                                     0x080041e1   Thumb Code   572  asin.o(i.asin)
    atan                                     0x08004451   Thumb Code   474  atan.o(i.atan)
    atan2                                    0x08004671   Thumb Code   374  atan2.o(i.atan2)
    delay_init                               0x0800480d   Thumb Code    26  delay.o(i.delay_init)
    delay_ms                                 0x0800482d   Thumb Code    46  delay.o(i.delay_ms)
    delay_us                                 0x08004861   Thumb Code    46  delay.o(i.delay_us)
    dmp_read_fifo                            0x08004895   Thumb Code   352  inv_mpu_dmp_motion_driver.o(i.dmp_read_fifo)
    fputc                                    0x080049f9   Thumb Code    20  usart.o(i.fputc)
    i2cRead                                  0x08004a11   Thumb Code   112  ioi2c.o(i.i2cRead)
    i2cWrite                                 0x08004a81   Thumb Code    84  ioi2c.o(i.i2cWrite)
    main                                     0x08004ad5   Thumb Code   116  main.o(i.main)
    mpu_read_fifo_stream                     0x08004b5d   Thumb Code   140  inv_mpu.o(i.mpu_read_fifo_stream)
    mpu_reset_fifo                           0x08004bed   Thumb Code   330  inv_mpu.o(i.mpu_reset_fifo)
    myabs                                    0x08004d3d   Thumb Code     8  control.o(i.myabs)
    myget_ms                                 0x08004d45   Thumb Code     2  inv_mpu.o(i.myget_ms)
    pow                                      0x08004d49   Thumb Code  2512  pow.o(i.pow)
    sqrt                                     0x08005721   Thumb Code    76  sqrt.o(i.sqrt)
    __aeabi_d2f                              0x0800576d   Thumb Code     0  d2f.o(x$fpl$d2f)
    _d2f                                     0x0800576d   Thumb Code    98  d2f.o(x$fpl$d2f)
    __aeabi_dadd                             0x080057d1   Thumb Code     0  daddsub_clz.o(x$fpl$dadd)
    _dadd                                    0x080057d1   Thumb Code   332  daddsub_clz.o(x$fpl$dadd)
    __fpl_dcheck_NaN1                        0x08005921   Thumb Code    10  dcheck1.o(x$fpl$dcheck1)
    __fpl_dcmp_Inf                           0x08005931   Thumb Code    24  dcmpi.o(x$fpl$dcmpinf)
    __aeabi_ddiv                             0x08005949   Thumb Code     0  ddiv.o(x$fpl$ddiv)
    _ddiv                                    0x08005949   Thumb Code   552  ddiv.o(x$fpl$ddiv)
    __aeabi_cdcmpeq                          0x08005bf9   Thumb Code     0  deqf.o(x$fpl$deqf)
    _dcmpeq                                  0x08005bf9   Thumb Code   120  deqf.o(x$fpl$deqf)
    __aeabi_i2d                              0x08005c71   Thumb Code     0  dflt_clz.o(x$fpl$dflt)
    _dflt                                    0x08005c71   Thumb Code    46  dflt_clz.o(x$fpl$dflt)
    __aeabi_cdcmple                          0x08005ca1   Thumb Code     0  dleqf.o(x$fpl$dleqf)
    _dcmple                                  0x08005ca1   Thumb Code   120  dleqf.o(x$fpl$dleqf)
    __fpl_dcmple_InfNaN                      0x08005d03   Thumb Code     0  dleqf.o(x$fpl$dleqf)
    __aeabi_dmul                             0x08005d19   Thumb Code     0  dmul.o(x$fpl$dmul)
    _dmul                                    0x08005d19   Thumb Code   332  dmul.o(x$fpl$dmul)
    __fpl_dnaninf                            0x08005e6d   Thumb Code   156  dnaninf.o(x$fpl$dnaninf)
    __fpl_dretinf                            0x08005f09   Thumb Code    12  dretinf.o(x$fpl$dretinf)
    __aeabi_cdrcmple                         0x08005f15   Thumb Code     0  drleqf.o(x$fpl$drleqf)
    _drcmple                                 0x08005f15   Thumb Code   108  drleqf.o(x$fpl$drleqf)
    __aeabi_drsub                            0x08005f81   Thumb Code     0  daddsub_clz.o(x$fpl$drsb)
    _drsb                                    0x08005f81   Thumb Code    22  daddsub_clz.o(x$fpl$drsb)
    _dsqrt                                   0x08005f99   Thumb Code   456  dsqrt_noumaal.o(x$fpl$dsqrt)
    __aeabi_dsub                             0x08006165   Thumb Code     0  daddsub_clz.o(x$fpl$dsub)
    _dsub                                    0x08006165   Thumb Code   464  daddsub_clz.o(x$fpl$dsub)
    __aeabi_f2d                              0x08006339   Thumb Code     0  f2d.o(x$fpl$f2d)
    _f2d                                     0x08006339   Thumb Code    86  f2d.o(x$fpl$f2d)
    __aeabi_fadd                             0x08006391   Thumb Code     0  faddsub_clz.o(x$fpl$fadd)
    _fadd                                    0x08006391   Thumb Code   196  faddsub_clz.o(x$fpl$fadd)
    __fpl_fcheck_NaN1                        0x08006455   Thumb Code     6  fcheck1.o(x$fpl$fcheck1)
    __aeabi_fdiv                             0x08006461   Thumb Code     0  fdiv.o(x$fpl$fdiv)
    _fdiv                                    0x08006461   Thumb Code   384  fdiv.o(x$fpl$fdiv)
    __aeabi_f2iz                             0x080065e5   Thumb Code     0  ffix.o(x$fpl$ffix)
    _ffix                                    0x080065e5   Thumb Code    54  ffix.o(x$fpl$ffix)
    __aeabi_i2f                              0x0800661d   Thumb Code     0  fflt_clz.o(x$fpl$fflt)
    _fflt                                    0x0800661d   Thumb Code    48  fflt_clz.o(x$fpl$fflt)
    __aeabi_ui2f                             0x0800664d   Thumb Code     0  fflt_clz.o(x$fpl$ffltu)
    _ffltu                                   0x0800664d   Thumb Code    38  fflt_clz.o(x$fpl$ffltu)
    __aeabi_fmul                             0x08006675   Thumb Code     0  fmul.o(x$fpl$fmul)
    _fmul                                    0x08006675   Thumb Code   258  fmul.o(x$fpl$fmul)
    __fpl_fnaninf                            0x08006777   Thumb Code   140  fnaninf.o(x$fpl$fnaninf)
    __fpl_fretinf                            0x08006803   Thumb Code    10  fretinf.o(x$fpl$fretinf)
    __aeabi_frsub                            0x0800680d   Thumb Code     0  faddsub_clz.o(x$fpl$frsb)
    _frsb                                    0x0800680d   Thumb Code    20  faddsub_clz.o(x$fpl$frsb)
    __aeabi_fsub                             0x08006821   Thumb Code     0  faddsub_clz.o(x$fpl$fsub)
    _fsub                                    0x08006821   Thumb Code   234  faddsub_clz.o(x$fpl$fsub)
    __fpl_return_NaN                         0x0800690b   Thumb Code   100  retnan.o(x$fpl$retnan)
    __ARM_scalbn                             0x0800696f   Thumb Code    92  scalbn.o(x$fpl$scalbn)
    __ARM_scalbnf                            0x080069cb   Thumb Code    76  scalbnf.o(x$fpl$scalbnf)
    __fpl_cmpreturn                          0x08006a17   Thumb Code    48  trapv.o(x$fpl$trapveneer)
    __I$use$fp                               0x08006a46   Number         0  usenofp.o(x$fpl$usenofp)
    AHBPrescTable                            0x08006a6a   Data          16  system_stm32f1xx.o(.constdata)
    APBPrescTable                            0x08006a7a   Data           8  system_stm32f1xx.o(.constdata)
    hw                                       0x08006a82   Data          12  inv_mpu.o(.constdata)
    reg                                      0x08006a8e   Data          27  inv_mpu.o(.constdata)
    test                                     0x08006aac   Data          40  inv_mpu.o(.constdata)
    __mathlib_zero                           0x08006c48   Data           8  qnan.o(.constdata)
    Region$$Table$$Base                      0x08006c50   Number         0  anon$$obj.o(Region$$Table)
    Region$$Table$$Limit                     0x08006c70   Number         0  anon$$obj.o(Region$$Table)
    Way_Angle                                0x20000000   Data           1  main.o(.data)
    Flag_velocity                            0x20000001   Data           1  main.o(.data)
    Flag_Stop                                0x20000002   Data           1  main.o(.data)
    Mode                                     0x20000003   Data           1  main.o(.data)
    Flag_follow                              0x20000004   Data           1  main.o(.data)
    Flag_avoid                               0x20000005   Data           1  main.o(.data)
    Balance_Kp                               0x20000008   Data           4  main.o(.data)
    Balance_Kd                               0x2000000c   Data           4  main.o(.data)
    Velocity_Kp                              0x20000010   Data           4  main.o(.data)
    Velocity_Ki                              0x20000014   Data           4  main.o(.data)
    Turn_Kp                                  0x20000018   Data           4  main.o(.data)
    Turn_Kd                                  0x2000001c   Data           4  main.o(.data)
    Flag_front                               0x20000020   Data           1  main.o(.data)
    Flag_back                                0x20000021   Data           1  main.o(.data)
    Flag_Left                                0x20000022   Data           1  main.o(.data)
    Flag_Right                               0x20000023   Data           1  main.o(.data)
    Motor_Left                               0x20000024   Data           4  main.o(.data)
    Motor_Right                              0x20000028   Data           4  main.o(.data)
    Temperature                              0x2000002c   Data           4  main.o(.data)
    Voltage                                  0x20000030   Data           4  main.o(.data)
    Middle_angle                             0x20000034   Data           4  main.o(.data)
    Angle_Balance                            0x20000038   Data           4  main.o(.data)
    Gyro_Balance                             0x2000003c   Data           4  main.o(.data)
    Gyro_Turn                                0x20000040   Data           4  main.o(.data)
    Move_X                                   0x20000044   Data           4  main.o(.data)
    Move_Z                                   0x20000048   Data           4  main.o(.data)
    Distance                                 0x2000004c   Data           4  main.o(.data)
    PID_Send                                 0x20000050   Data           1  main.o(.data)
    Acceleration_Z                           0x20000054   Data           4  main.o(.data)
    __stdout                                 0x20000058   Data           4  usart.o(.data)
    uwTickFreq                               0x2000005c   Data           1  stm32f1xx_hal.o(.data)
    uwTickPrio                               0x20000060   Data           4  stm32f1xx_hal.o(.data)
    uwTick                                   0x20000064   Data           4  stm32f1xx_hal.o(.data)
    SystemCoreClock                          0x20000068   Data           4  system_stm32f1xx.o(.data)
    Usart3_Receive_buf                       0x2000006f   Data           1  usart3.o(.data)
    Usart3_Receive                           0x20000070   Data           1  usart3.o(.data)
    dt                                       0x20000080   Data           4  filter.o(.data)
    sensors                                  0x20000128   Data           2  mpu6050.o(.data)
    q0                                       0x2000012c   Data           4  mpu6050.o(.data)
    q1                                       0x20000130   Data           4  mpu6050.o(.data)
    q2                                       0x20000134   Data           4  mpu6050.o(.data)
    q3                                       0x20000138   Data           4  mpu6050.o(.data)
    Roll                                     0x2000013c   Data           4  mpu6050.o(.data)
    Pitch                                    0x20000140   Data           4  mpu6050.o(.data)
    Yaw                                      0x20000144   Data           4  mpu6050.o(.data)
    gyro                                     0x20000148   Data           6  mpu6050.o(.data)
    accel                                    0x2000014e   Data           6  mpu6050.o(.data)
    Velocity_Left                            0x20000194   Data           4  control.o(.data)
    Velocity_Right                           0x20000198   Data           4  control.o(.data)
    hadc1                                    0x2000019c   Data          48  adc.o(.bss)
    hspi1                                    0x200001cc   Data          88  spi.o(.bss)
    htim1                                    0x20000224   Data          72  tim.o(.bss)
    htim2                                    0x2000026c   Data          72  tim.o(.bss)
    htim3                                    0x200002b4   Data          72  tim.o(.bss)
    htim4                                    0x200002fc   Data          72  tim.o(.bss)
    huart1                                   0x20000344   Data          72  usart.o(.bss)
    huart3                                   0x2000038c   Data          72  usart.o(.bss)
    OLED_GRAM                                0x200003d4   Data        1152  oled_hal.o(.bss)
    __libspace_start                         0x200008b8   Data          96  libspace.o(.bss)
    __temporary_stack_top$libspace           0x20000918   Data           0  libspace.o(.bss)



==============================================================================

Memory Map of the image

  Image Entry point : 0x080000ed

  Load Region LR_IROM1 (Base: 0x08000000, Size: 0x00006e0c, Max: 0x00010000, ABSOLUTE, COMPRESSED[0x00006cb8])

    Execution Region ER_IROM1 (Exec base: 0x08000000, Load base: 0x08000000, Size: 0x00006c70, Max: 0x00010000, ABSOLUTE)

    Exec Addr    Load Addr    Size         Type   Attr      Idx    E Section Name        Object

    0x08000000   0x08000000   0x000000ec   Data   RO            3    RESET               startup_stm32f103xb.o
    0x080000ec   0x080000ec   0x00000008   Code   RO         4820  * !!!main             c_w.l(__main.o)
    0x080000f4   0x080000f4   0x00000034   Code   RO         5161    !!!scatter          c_w.l(__scatter.o)
    0x08000128   0x08000128   0x0000005a   Code   RO         5159    !!dczerorl2         c_w.l(__dczerorl2.o)
    0x08000182   0x08000182   0x00000002   PAD
    0x08000184   0x08000184   0x0000001c   Code   RO         5163    !!handler_zi        c_w.l(__scatter_zi.o)
    0x080001a0   0x080001a0   0x00000000   Code   RO         4809    .ARM.Collect$$_printf_percent$$00000000  c_w.l(_printf_percent.o)
    0x080001a0   0x080001a0   0x00000006   Code   RO         4808    .ARM.Collect$$_printf_percent$$00000009  c_w.l(_printf_d.o)
    0x080001a6   0x080001a6   0x00000004   Code   RO         4915    .ARM.Collect$$_printf_percent$$00000017  c_w.l(_printf_percent_end.o)
    0x080001aa   0x080001aa   0x00000002   Code   RO         5026    .ARM.Collect$$libinit$$00000000  c_w.l(libinit.o)
    0x080001ac   0x080001ac   0x00000000   Code   RO         5036    .ARM.Collect$$libinit$$00000002  c_w.l(libinit2.o)
    0x080001ac   0x080001ac   0x00000000   Code   RO         5038    .ARM.Collect$$libinit$$00000004  c_w.l(libinit2.o)
    0x080001ac   0x080001ac   0x00000000   Code   RO         5041    .ARM.Collect$$libinit$$0000000A  c_w.l(libinit2.o)
    0x080001ac   0x080001ac   0x00000000   Code   RO         5043    .ARM.Collect$$libinit$$0000000C  c_w.l(libinit2.o)
    0x080001ac   0x080001ac   0x00000000   Code   RO         5045    .ARM.Collect$$libinit$$0000000E  c_w.l(libinit2.o)
    0x080001ac   0x080001ac   0x00000000   Code   RO         5048    .ARM.Collect$$libinit$$00000011  c_w.l(libinit2.o)
    0x080001ac   0x080001ac   0x00000000   Code   RO         5050    .ARM.Collect$$libinit$$00000013  c_w.l(libinit2.o)
    0x080001ac   0x080001ac   0x00000000   Code   RO         5052    .ARM.Collect$$libinit$$00000015  c_w.l(libinit2.o)
    0x080001ac   0x080001ac   0x00000000   Code   RO         5054    .ARM.Collect$$libinit$$00000017  c_w.l(libinit2.o)
    0x080001ac   0x080001ac   0x00000000   Code   RO         5056    .ARM.Collect$$libinit$$00000019  c_w.l(libinit2.o)
    0x080001ac   0x080001ac   0x00000000   Code   RO         5058    .ARM.Collect$$libinit$$0000001B  c_w.l(libinit2.o)
    0x080001ac   0x080001ac   0x00000000   Code   RO         5060    .ARM.Collect$$libinit$$0000001D  c_w.l(libinit2.o)
    0x080001ac   0x080001ac   0x00000000   Code   RO         5062    .ARM.Collect$$libinit$$0000001F  c_w.l(libinit2.o)
    0x080001ac   0x080001ac   0x00000000   Code   RO         5064    .ARM.Collect$$libinit$$00000021  c_w.l(libinit2.o)
    0x080001ac   0x080001ac   0x00000000   Code   RO         5066    .ARM.Collect$$libinit$$00000023  c_w.l(libinit2.o)
    0x080001ac   0x080001ac   0x00000000   Code   RO         5068    .ARM.Collect$$libinit$$00000025  c_w.l(libinit2.o)
    0x080001ac   0x080001ac   0x00000000   Code   RO         5072    .ARM.Collect$$libinit$$0000002C  c_w.l(libinit2.o)
    0x080001ac   0x080001ac   0x00000000   Code   RO         5074    .ARM.Collect$$libinit$$0000002E  c_w.l(libinit2.o)
    0x080001ac   0x080001ac   0x00000000   Code   RO         5076    .ARM.Collect$$libinit$$00000030  c_w.l(libinit2.o)
    0x080001ac   0x080001ac   0x00000000   Code   RO         5078    .ARM.Collect$$libinit$$00000032  c_w.l(libinit2.o)
    0x080001ac   0x080001ac   0x00000002   Code   RO         5079    .ARM.Collect$$libinit$$00000033  c_w.l(libinit2.o)
    0x080001ae   0x080001ae   0x00000002   Code   RO         5107    .ARM.Collect$$libshutdown$$00000000  c_w.l(libshutdown.o)
    0x080001b0   0x080001b0   0x00000000   Code   RO         5121    .ARM.Collect$$libshutdown$$00000002  c_w.l(libshutdown2.o)
    0x080001b0   0x080001b0   0x00000000   Code   RO         5123    .ARM.Collect$$libshutdown$$00000004  c_w.l(libshutdown2.o)
    0x080001b0   0x080001b0   0x00000000   Code   RO         5125    .ARM.Collect$$libshutdown$$00000006  c_w.l(libshutdown2.o)
    0x080001b0   0x080001b0   0x00000000   Code   RO         5128    .ARM.Collect$$libshutdown$$00000009  c_w.l(libshutdown2.o)
    0x080001b0   0x080001b0   0x00000000   Code   RO         5131    .ARM.Collect$$libshutdown$$0000000C  c_w.l(libshutdown2.o)
    0x080001b0   0x080001b0   0x00000000   Code   RO         5133    .ARM.Collect$$libshutdown$$0000000E  c_w.l(libshutdown2.o)
    0x080001b0   0x080001b0   0x00000000   Code   RO         5136    .ARM.Collect$$libshutdown$$00000011  c_w.l(libshutdown2.o)
    0x080001b0   0x080001b0   0x00000002   Code   RO         5137    .ARM.Collect$$libshutdown$$00000012  c_w.l(libshutdown2.o)
    0x080001b2   0x080001b2   0x00000000   Code   RO         4906    .ARM.Collect$$rtentry$$00000000  c_w.l(__rtentry.o)
    0x080001b2   0x080001b2   0x00000000   Code   RO         4973    .ARM.Collect$$rtentry$$00000002  c_w.l(__rtentry2.o)
    0x080001b2   0x080001b2   0x00000006   Code   RO         4985    .ARM.Collect$$rtentry$$00000004  c_w.l(__rtentry4.o)
    0x080001b8   0x080001b8   0x00000000   Code   RO         4975    .ARM.Collect$$rtentry$$00000009  c_w.l(__rtentry2.o)
    0x080001b8   0x080001b8   0x00000004   Code   RO         4976    .ARM.Collect$$rtentry$$0000000A  c_w.l(__rtentry2.o)
    0x080001bc   0x080001bc   0x00000000   Code   RO         4978    .ARM.Collect$$rtentry$$0000000C  c_w.l(__rtentry2.o)
    0x080001bc   0x080001bc   0x00000008   Code   RO         4979    .ARM.Collect$$rtentry$$0000000D  c_w.l(__rtentry2.o)
    0x080001c4   0x080001c4   0x00000002   Code   RO         5029    .ARM.Collect$$rtexit$$00000000  c_w.l(rtexit.o)
    0x080001c6   0x080001c6   0x00000000   Code   RO         5081    .ARM.Collect$$rtexit$$00000002  c_w.l(rtexit2.o)
    0x080001c6   0x080001c6   0x00000004   Code   RO         5082    .ARM.Collect$$rtexit$$00000003  c_w.l(rtexit2.o)
    0x080001ca   0x080001ca   0x00000006   Code   RO         5083    .ARM.Collect$$rtexit$$00000004  c_w.l(rtexit2.o)
    0x080001d0   0x080001d0   0x00000040   Code   RO            4    .text               startup_stm32f103xb.o
    0x08000210   0x08000210   0x00000018   Code   RO         4782    .text               c_w.l(noretval__2printf.o)
    0x08000228   0x08000228   0x00000068   Code   RO         4784    .text               c_w.l(__printf.o)
    0x08000290   0x08000290   0x00000078   Code   RO         4786    .text               c_w.l(_printf_dec.o)
    0x08000308   0x08000308   0x00000044   Code   RO         4814    .text               c_w.l(rt_memclr.o)
    0x0800034c   0x0800034c   0x0000004e   Code   RO         4816    .text               c_w.l(rt_memclr_w.o)
    0x0800039a   0x0800039a   0x00000006   Code   RO         4818    .text               c_w.l(heapauxi.o)
    0x080003a0   0x080003a0   0x00000016   Code   RO         4909    .text               c_w.l(_rserrno.o)
    0x080003b6   0x080003b6   0x000000b2   Code   RO         4911    .text               c_w.l(_printf_intcommon.o)
    0x08000468   0x08000468   0x00000024   Code   RO         4913    .text               c_w.l(_printf_char_file.o)
    0x0800048c   0x0800048c   0x00000008   Code   RO         4994    .text               c_w.l(rt_errno_addr_intlibspace.o)
    0x08000494   0x08000494   0x00000030   Code   RO         4996    .text               c_w.l(_printf_char_common.o)
    0x080004c4   0x080004c4   0x00000008   Code   RO         4998    .text               c_w.l(ferror.o)
    0x080004cc   0x080004cc   0x00000008   Code   RO         5010    .text               c_w.l(libspace.o)
    0x080004d4   0x080004d4   0x0000004a   Code   RO         5013    .text               c_w.l(sys_stackheap_outer.o)
    0x0800051e   0x0800051e   0x00000012   Code   RO         5019    .text               c_w.l(exit.o)
    0x08000530   0x08000530   0x00000056   Code   RO          699    i.ADC_ConversionStop_Disable  stm32f1xx_hal_adc.o
    0x08000586   0x08000586   0x00000002   PAD
    0x08000588   0x08000588   0x0000007c   Code   RO          703    i.ADC_Enable        stm32f1xx_hal_adc.o
    0x08000604   0x08000604   0x0000005c   Code   RO         4672    i.Balance           control.o
    0x08000660   0x08000660   0x00000002   Code   RO          533    i.BusFault_Handler  stm32f1xx_it.o
    0x08000662   0x08000662   0x00000002   PAD
    0x08000664   0x08000664   0x00000044   Code   RO         4037    i.Complementary_Filter_x  filter.o
    0x080006a8   0x080006a8   0x00000044   Code   RO         4038    i.Complementary_Filter_y  filter.o
    0x080006ec   0x080006ec   0x00000002   Code   RO          534    i.DebugMon_Handler  stm32f1xx_it.o
    0x080006ee   0x080006ee   0x00000008   Code   RO          535    i.EXTI15_10_IRQHandler  stm32f1xx_it.o
    0x080006f6   0x080006f6   0x00000004   Code   RO           13    i.Error_Handler     main.o
    0x080006fa   0x080006fa   0x00000002   PAD
    0x080006fc   0x080006fc   0x0000027c   Code   RO         4673    i.Get_Angle         control.o
    0x08000978   0x08000978   0x000000c0   Code   RO         4674    i.Get_Velocity_Form_Encoder  control.o
    0x08000a38   0x08000a38   0x000000d8   Code   RO          879    i.HAL_ADCEx_Calibration_Start  stm32f1xx_hal_adc_ex.o
    0x08000b10   0x08000b10   0x000000fc   Code   RO          705    i.HAL_ADC_ConfigChannel  stm32f1xx_hal_adc.o
    0x08000c0c   0x08000c0c   0x0000011c   Code   RO          714    i.HAL_ADC_Init      stm32f1xx_hal_adc.o
    0x08000d28   0x08000d28   0x00000058   Code   RO          294    i.HAL_ADC_MspInit   adc.o
    0x08000d80   0x08000d80   0x00000046   Code   RO         1356    i.HAL_DMA_Abort     stm32f1xx_hal_dma.o
    0x08000dc6   0x08000dc6   0x00000002   PAD
    0x08000dc8   0x08000dc8   0x00000098   Code   RO         1357    i.HAL_DMA_Abort_IT  stm32f1xx_hal_dma.o
    0x08000e60   0x08000e60   0x00000024   Code   RO          982    i.HAL_Delay         stm32f1xx_hal.o
    0x08000e84   0x08000e84   0x000000b4   Code   RO         4675    i.HAL_GPIO_EXTI_Callback  control.o
    0x08000f38   0x08000f38   0x00000018   Code   RO         1291    i.HAL_GPIO_EXTI_IRQHandler  stm32f1xx_hal_gpio.o
    0x08000f50   0x08000f50   0x000001e0   Code   RO         1292    i.HAL_GPIO_Init     stm32f1xx_hal_gpio.o
    0x08001130   0x08001130   0x00000010   Code   RO         1295    i.HAL_GPIO_TogglePin  stm32f1xx_hal_gpio.o
    0x08001140   0x08001140   0x0000000a   Code   RO         1296    i.HAL_GPIO_WritePin  stm32f1xx_hal_gpio.o
    0x0800114a   0x0800114a   0x00000002   PAD
    0x0800114c   0x0800114c   0x0000000c   Code   RO          986    i.HAL_GetTick       stm32f1xx_hal.o
    0x08001158   0x08001158   0x00000010   Code   RO          992    i.HAL_IncTick       stm32f1xx_hal.o
    0x08001168   0x08001168   0x00000024   Code   RO          993    i.HAL_Init          stm32f1xx_hal.o
    0x0800118c   0x0800118c   0x00000040   Code   RO          994    i.HAL_InitTick      stm32f1xx_hal.o
    0x080011cc   0x080011cc   0x00000044   Code   RO          639    i.HAL_MspInit       stm32f1xx_hal_msp.o
    0x08001210   0x08001210   0x0000001a   Code   RO         1452    i.HAL_NVIC_EnableIRQ  stm32f1xx_hal_cortex.o
    0x0800122a   0x0800122a   0x00000002   PAD
    0x0800122c   0x0800122c   0x00000040   Code   RO         1458    i.HAL_NVIC_SetPriority  stm32f1xx_hal_cortex.o
    0x0800126c   0x0800126c   0x00000024   Code   RO         1459    i.HAL_NVIC_SetPriorityGrouping  stm32f1xx_hal_cortex.o
    0x08001290   0x08001290   0x000000a4   Code   RO         1253    i.HAL_RCCEx_GetPeriphCLKFreq  stm32f1xx_hal_rcc_ex.o
    0x08001334   0x08001334   0x000000ec   Code   RO         1254    i.HAL_RCCEx_PeriphCLKConfig  stm32f1xx_hal_rcc_ex.o
    0x08001420   0x08001420   0x0000012c   Code   RO         1150    i.HAL_RCC_ClockConfig  stm32f1xx_hal_rcc.o
    0x0800154c   0x0800154c   0x00000020   Code   RO         1157    i.HAL_RCC_GetPCLK1Freq  stm32f1xx_hal_rcc.o
    0x0800156c   0x0800156c   0x00000020   Code   RO         1158    i.HAL_RCC_GetPCLK2Freq  stm32f1xx_hal_rcc.o
    0x0800158c   0x0800158c   0x0000004c   Code   RO         1159    i.HAL_RCC_GetSysClockFreq  stm32f1xx_hal_rcc.o
    0x080015d8   0x080015d8   0x00000320   Code   RO         1162    i.HAL_RCC_OscConfig  stm32f1xx_hal_rcc.o
    0x080018f8   0x080018f8   0x000000b2   Code   RO         1963    i.HAL_SPI_Init      stm32f1xx_hal_spi.o
    0x080019aa   0x080019aa   0x00000002   PAD
    0x080019ac   0x080019ac   0x0000005c   Code   RO          341    i.HAL_SPI_MspInit   spi.o
    0x08001a08   0x08001a08   0x00000166   Code   RO         1971    i.HAL_SPI_Transmit  stm32f1xx_hal_spi.o
    0x08001b6e   0x08001b6e   0x00000028   Code   RO         1463    i.HAL_SYSTICK_Config  stm32f1xx_hal_cortex.o
    0x08001b96   0x08001b96   0x00000002   Code   RO         2980    i.HAL_TIMEx_BreakCallback  stm32f1xx_hal_tim_ex.o
    0x08001b98   0x08001b98   0x00000002   Code   RO         2981    i.HAL_TIMEx_CommutCallback  stm32f1xx_hal_tim_ex.o
    0x08001b9a   0x08001b9a   0x00000054   Code   RO         2983    i.HAL_TIMEx_ConfigBreakDeadTime  stm32f1xx_hal_tim_ex.o
    0x08001bee   0x08001bee   0x00000002   PAD
    0x08001bf0   0x08001bf0   0x00000068   Code   RO         2999    i.HAL_TIMEx_MasterConfigSynchronization  stm32f1xx_hal_tim_ex.o
    0x08001c58   0x08001c58   0x0000005a   Code   RO         2276    i.HAL_TIM_Base_Init  stm32f1xx_hal_tim.o
    0x08001cb2   0x08001cb2   0x00000002   PAD
    0x08001cb4   0x08001cb4   0x00000028   Code   RO          383    i.HAL_TIM_Base_MspInit  tim.o
    0x08001cdc   0x08001cdc   0x000000dc   Code   RO         2285    i.HAL_TIM_ConfigClockSource  stm32f1xx_hal_tim.o
    0x08001db8   0x08001db8   0x000000a4   Code   RO         2297    i.HAL_TIM_Encoder_Init  stm32f1xx_hal_tim.o
    0x08001e5c   0x08001e5c   0x000000f4   Code   RO          385    i.HAL_TIM_Encoder_MspInit  tim.o
    0x08001f50   0x08001f50   0x0000008e   Code   RO         2300    i.HAL_TIM_Encoder_Start  stm32f1xx_hal_tim.o
    0x08001fde   0x08001fde   0x00000002   Code   RO         2310    i.HAL_TIM_IC_CaptureCallback  stm32f1xx_hal_tim.o
    0x08001fe0   0x08001fe0   0x00000130   Code   RO         2324    i.HAL_TIM_IRQHandler  stm32f1xx_hal_tim.o
    0x08002110   0x08002110   0x0000004c   Code   RO          386    i.HAL_TIM_MspPostInit  tim.o
    0x0800215c   0x0800215c   0x00000002   Code   RO         2327    i.HAL_TIM_OC_DelayElapsedCallback  stm32f1xx_hal_tim.o
    0x0800215e   0x0800215e   0x000000cc   Code   RO         2348    i.HAL_TIM_PWM_ConfigChannel  stm32f1xx_hal_tim.o
    0x0800222a   0x0800222a   0x0000005a   Code   RO         2351    i.HAL_TIM_PWM_Init  stm32f1xx_hal_tim.o
    0x08002284   0x08002284   0x00000002   Code   RO         2353    i.HAL_TIM_PWM_MspInit  stm32f1xx_hal_tim.o
    0x08002286   0x08002286   0x00000002   Code   RO         2354    i.HAL_TIM_PWM_PulseFinishedCallback  stm32f1xx_hal_tim.o
    0x08002288   0x08002288   0x0000009c   Code   RO         2356    i.HAL_TIM_PWM_Start  stm32f1xx_hal_tim.o
    0x08002324   0x08002324   0x00000002   Code   RO         2362    i.HAL_TIM_PeriodElapsedCallback  stm32f1xx_hal_tim.o
    0x08002326   0x08002326   0x00000002   Code   RO         2367    i.HAL_TIM_TriggerCallback  stm32f1xx_hal_tim.o
    0x08002328   0x08002328   0x00000002   Code   RO         3259    i.HAL_UARTEx_RxEventCallback  stm32f1xx_hal_uart.o
    0x0800232a   0x0800232a   0x00000002   Code   RO         3273    i.HAL_UART_ErrorCallback  stm32f1xx_hal_uart.o
    0x0800232c   0x0800232c   0x0000026c   Code   RO         3276    i.HAL_UART_IRQHandler  stm32f1xx_hal_uart.o
    0x08002598   0x08002598   0x00000064   Code   RO         3277    i.HAL_UART_Init     stm32f1xx_hal_uart.o
    0x080025fc   0x080025fc   0x000000dc   Code   RO          461    i.HAL_UART_MspInit  usart.o
    0x080026d8   0x080026d8   0x0000001c   Code   RO         3282    i.HAL_UART_Receive_IT  stm32f1xx_hal_uart.o
    0x080026f4   0x080026f4   0x00000208   Code   RO         3878    i.HAL_UART_RxCpltCallback  usart3.o
    0x080028fc   0x080028fc   0x000000a0   Code   RO         3285    i.HAL_UART_Transmit  stm32f1xx_hal_uart.o
    0x0800299c   0x0800299c   0x00000002   Code   RO         3288    i.HAL_UART_TxCpltCallback  stm32f1xx_hal_uart.o
    0x0800299e   0x0800299e   0x00000002   Code   RO          536    i.HardFault_Handler  stm32f1xx_it.o
    0x080029a0   0x080029a0   0x0000003e   Code   RO         3735    i.I2C_ReadOneByte   ioi2c.o
    0x080029de   0x080029de   0x00000002   PAD
    0x080029e0   0x080029e0   0x00000040   Code   RO         3736    i.IIC_Ack           ioi2c.o
    0x08002a20   0x08002a20   0x00000040   Code   RO         3737    i.IIC_NAck          ioi2c.o
    0x08002a60   0x08002a60   0x0000006c   Code   RO         3738    i.IIC_Read_Byte     ioi2c.o
    0x08002acc   0x08002acc   0x00000060   Code   RO         3739    i.IIC_Send_Byte     ioi2c.o
    0x08002b2c   0x08002b2c   0x00000050   Code   RO         3740    i.IIC_Start         ioi2c.o
    0x08002b7c   0x08002b7c   0x00000040   Code   RO         3741    i.IIC_Stop          ioi2c.o
    0x08002bbc   0x08002bbc   0x00000058   Code   RO         3742    i.IIC_Wait_Ack      ioi2c.o
    0x08002c14   0x08002c14   0x0000015c   Code   RO         4039    i.Kalman_Filter_x   filter.o
    0x08002d70   0x08002d70   0x0000015c   Code   RO         4040    i.Kalman_Filter_y   filter.o
    0x08002ecc   0x08002ecc   0x00000010   Code   RO         3913    i.LED_Toggle        led.o
    0x08002edc   0x08002edc   0x00000054   Code   RO          295    i.MX_ADC1_Init      adc.o
    0x08002f30   0x08002f30   0x000000f8   Code   RO          268    i.MX_GPIO_Init      gpio.o
    0x08003028   0x08003028   0x0000004c   Code   RO          342    i.MX_SPI1_Init      spi.o
    0x08003074   0x08003074   0x000000d8   Code   RO          387    i.MX_TIM1_Init      tim.o
    0x0800314c   0x0800314c   0x00000064   Code   RO          388    i.MX_TIM2_Init      tim.o
    0x080031b0   0x080031b0   0x0000006c   Code   RO          389    i.MX_TIM3_Init      tim.o
    0x0800321c   0x0800321c   0x0000006c   Code   RO          390    i.MX_TIM4_Init      tim.o
    0x08003288   0x08003288   0x00000038   Code   RO          462    i.MX_USART1_UART_Init  usart.o
    0x080032c0   0x080032c0   0x00000044   Code   RO          463    i.MX_USART3_UART_Init  usart.o
    0x08003304   0x08003304   0x00000002   Code   RO          537    i.MemManage_Handler  stm32f1xx_it.o
    0x08003306   0x08003306   0x00000002   Code   RO          538    i.NMI_Handler       stm32f1xx_it.o
    0x08003308   0x08003308   0x0000002c   Code   RO         3648    i.OLED_HAL_Clear    oled_hal.o
    0x08003334   0x08003334   0x0000010c   Code   RO         3652    i.OLED_HAL_Init     oled_hal.o
    0x08003440   0x08003440   0x0000004c   Code   RO         3653    i.OLED_HAL_Refresh  oled_hal.o
    0x0800348c   0x0800348c   0x00000048   Code   RO         3656    i.OLED_HAL_WR_Byte  oled_hal.o
    0x080034d4   0x080034d4   0x0000000e   Code   RO         4676    i.PWM_Limit         control.o
    0x080034e2   0x080034e2   0x00000002   Code   RO          539    i.PendSV_Handler    stm32f1xx_it.o
    0x080034e4   0x080034e4   0x000001b0   Code   RO         4568    i.Read_DMP          mpu6050.o
    0x08003694   0x08003694   0x00000024   Code   RO         3851    i.Read_Encoder      encoder.o
    0x080036b8   0x080036b8   0x00000050   Code   RO         4569    i.Read_Temperature  mpu6050.o
    0x08003708   0x08003708   0x00000034   Code   RO         2001    i.SPI_EndRxTxTransaction  stm32f1xx_hal_spi.o
    0x0800373c   0x0800373c   0x000000b8   Code   RO         2006    i.SPI_WaitFlagStateUntilTimeout  stm32f1xx_hal_spi.o
    0x080037f4   0x080037f4   0x00000002   Code   RO          540    i.SVC_Handler       stm32f1xx_it.o
    0x080037f6   0x080037f6   0x00000002   PAD
    0x080037f8   0x080037f8   0x00000054   Code   RO         4680    i.Set_Pwm           control.o
    0x0800384c   0x0800384c   0x00000004   Code   RO          541    i.SysTick_Handler   stm32f1xx_it.o
    0x08003850   0x08003850   0x00000078   Code   RO           14    i.SystemClock_Config  main.o
    0x080038c8   0x080038c8   0x00000002   Code   RO         3611    i.SystemInit        system_stm32f1xx.o
    0x080038ca   0x080038ca   0x00000002   PAD
    0x080038cc   0x080038cc   0x0000000c   Code   RO          542    i.TIM3_IRQHandler   stm32f1xx_it.o
    0x080038d8   0x080038d8   0x0000000c   Code   RO          543    i.TIM4_IRQHandler   stm32f1xx_it.o
    0x080038e4   0x080038e4   0x00000078   Code   RO         2369    i.TIM_Base_SetConfig  stm32f1xx_hal_tim.o
    0x0800395c   0x0800395c   0x0000001a   Code   RO         2370    i.TIM_CCxChannelCmd  stm32f1xx_hal_tim.o
    0x08003976   0x08003976   0x00000014   Code   RO         2380    i.TIM_ETR_SetConfig  stm32f1xx_hal_tim.o
    0x0800398a   0x0800398a   0x00000010   Code   RO         2381    i.TIM_ITRx_SetConfig  stm32f1xx_hal_tim.o
    0x0800399a   0x0800399a   0x00000002   PAD
    0x0800399c   0x0800399c   0x00000050   Code   RO         2382    i.TIM_OC1_SetConfig  stm32f1xx_hal_tim.o
    0x080039ec   0x080039ec   0x00000058   Code   RO         2383    i.TIM_OC2_SetConfig  stm32f1xx_hal_tim.o
    0x08003a44   0x08003a44   0x00000058   Code   RO         2384    i.TIM_OC3_SetConfig  stm32f1xx_hal_tim.o
    0x08003a9c   0x08003a9c   0x00000044   Code   RO         2385    i.TIM_OC4_SetConfig  stm32f1xx_hal_tim.o
    0x08003ae0   0x08003ae0   0x00000022   Code   RO         2387    i.TIM_TI1_ConfigInputStage  stm32f1xx_hal_tim.o
    0x08003b02   0x08003b02   0x00000024   Code   RO         2389    i.TIM_TI2_ConfigInputStage  stm32f1xx_hal_tim.o
    0x08003b26   0x08003b26   0x00000002   PAD
    0x08003b28   0x08003b28   0x000000b8   Code   RO         4681    i.Turn              control.o
    0x08003be0   0x08003be0   0x00000048   Code   RO         4682    i.Turn_Off          control.o
    0x08003c28   0x08003c28   0x00000010   Code   RO         3290    i.UART_DMAAbortOnError  stm32f1xx_hal_uart.o
    0x08003c38   0x08003c38   0x0000004e   Code   RO         3300    i.UART_EndRxTransfer  stm32f1xx_hal_uart.o
    0x08003c86   0x08003c86   0x000000c2   Code   RO         3302    i.UART_Receive_IT   stm32f1xx_hal_uart.o
    0x08003d48   0x08003d48   0x000000b8   Code   RO         3303    i.UART_SetConfig    stm32f1xx_hal_uart.o
    0x08003e00   0x08003e00   0x00000036   Code   RO         3305    i.UART_Start_Receive_IT  stm32f1xx_hal_uart.o
    0x08003e36   0x08003e36   0x00000072   Code   RO         3306    i.UART_WaitOnFlagUntilTimeout  stm32f1xx_hal_uart.o
    0x08003ea8   0x08003ea8   0x0000000c   Code   RO          544    i.USART1_IRQHandler  stm32f1xx_it.o
    0x08003eb4   0x08003eb4   0x0000000c   Code   RO          545    i.USART3_IRQHandler  stm32f1xx_it.o
    0x08003ec0   0x08003ec0   0x00000002   Code   RO          546    i.UsageFault_Handler  stm32f1xx_it.o
    0x08003ec2   0x08003ec2   0x00000002   PAD
    0x08003ec4   0x08003ec4   0x000001e0   Code   RO         4683    i.Velocity          control.o
    0x080040a4   0x080040a4   0x00000028   Code   RO         4959    i.__ARM_fpclassify  m_ws.l(fpclassify.o)
    0x080040cc   0x080040cc   0x00000020   Code   RO         1465    i.__NVIC_SetPriority  stm32f1xx_hal_cortex.o
    0x080040ec   0x080040ec   0x000000aa   Code   RO         4961    i.__kernel_poly     m_ws.l(poly.o)
    0x08004196   0x08004196   0x00000002   PAD
    0x08004198   0x08004198   0x00000010   Code   RO         4945    i.__mathlib_dbl_divzero  m_ws.l(dunder.o)
    0x080041a8   0x080041a8   0x00000006   Code   RO         4946    i.__mathlib_dbl_infnan  m_ws.l(dunder.o)
    0x080041ae   0x080041ae   0x00000004   Code   RO         4947    i.__mathlib_dbl_infnan2  m_ws.l(dunder.o)
    0x080041b2   0x080041b2   0x0000000c   Code   RO         4948    i.__mathlib_dbl_invalid  m_ws.l(dunder.o)
    0x080041be   0x080041be   0x0000000e   Code   RO         4949    i.__mathlib_dbl_overflow  m_ws.l(dunder.o)
    0x080041cc   0x080041cc   0x00000010   Code   RO         4951    i.__mathlib_dbl_underflow  m_ws.l(dunder.o)
    0x080041dc   0x080041dc   0x00000002   Code   RO          464    i._sys_exit         usart.o
    0x080041de   0x080041de   0x00000002   PAD
    0x080041e0   0x080041e0   0x00000270   Code   RO         4879    i.asin              m_ws.l(asin.o)
    0x08004450   0x08004450   0x00000220   Code   RO         4936    i.atan              m_ws.l(atan.o)
    0x08004670   0x08004670   0x0000019c   Code   RO         4889    i.atan2             m_ws.l(atan2.o)
    0x0800480c   0x0800480c   0x00000020   Code   RO         3972    i.delay_init        delay.o
    0x0800482c   0x0800482c   0x00000034   Code   RO         3973    i.delay_ms          delay.o
    0x08004860   0x08004860   0x00000034   Code   RO         3974    i.delay_us          delay.o
    0x08004894   0x08004894   0x00000164   Code   RO         4387    i.dmp_read_fifo     inv_mpu_dmp_motion_driver.o
    0x080049f8   0x080049f8   0x00000018   Code   RO          465    i.fputc             usart.o
    0x08004a10   0x08004a10   0x00000070   Code   RO         3749    i.i2cRead           ioi2c.o
    0x08004a80   0x08004a80   0x00000054   Code   RO         3750    i.i2cWrite          ioi2c.o
    0x08004ad4   0x08004ad4   0x00000088   Code   RO           15    i.main              main.o
    0x08004b5c   0x08004b5c   0x00000090   Code   RO         4103    i.mpu_read_fifo_stream  inv_mpu.o
    0x08004bec   0x08004bec   0x00000150   Code   RO         4107    i.mpu_reset_fifo    inv_mpu.o
    0x08004d3c   0x08004d3c   0x00000008   Code   RO         4684    i.myabs             control.o
    0x08004d44   0x08004d44   0x00000002   Code   RO         4121    i.myget_ms          inv_mpu.o
    0x08004d46   0x08004d46   0x00000002   PAD
    0x08004d48   0x08004d48   0x000009d8   Code   RO         4897    i.pow               m_ws.l(pow.o)
    0x08005720   0x08005720   0x0000004c   Code   RO         4965    i.sqrt              m_ws.l(sqrt.o)
    0x0800576c   0x0800576c   0x00000062   Code   RO         4822    x$fpl$d2f           fz_ws.l(d2f.o)
    0x080057ce   0x080057ce   0x00000002   PAD
    0x080057d0   0x080057d0   0x00000150   Code   RO         4824    x$fpl$dadd          fz_ws.l(daddsub_clz.o)
    0x08005920   0x08005920   0x00000010   Code   RO         4916    x$fpl$dcheck1       fz_ws.l(dcheck1.o)
    0x08005930   0x08005930   0x00000018   Code   RO         5002    x$fpl$dcmpinf       fz_ws.l(dcmpi.o)
    0x08005948   0x08005948   0x000002b0   Code   RO         4831    x$fpl$ddiv          fz_ws.l(ddiv.o)
    0x08005bf8   0x08005bf8   0x00000078   Code   RO         4918    x$fpl$deqf          fz_ws.l(deqf.o)
    0x08005c70   0x08005c70   0x0000002e   Code   RO         4835    x$fpl$dflt          fz_ws.l(dflt_clz.o)
    0x08005c9e   0x08005c9e   0x00000002   PAD
    0x08005ca0   0x08005ca0   0x00000078   Code   RO         5004    x$fpl$dleqf         fz_ws.l(dleqf.o)
    0x08005d18   0x08005d18   0x00000154   Code   RO         4840    x$fpl$dmul          fz_ws.l(dmul.o)
    0x08005e6c   0x08005e6c   0x0000009c   Code   RO         4920    x$fpl$dnaninf       fz_ws.l(dnaninf.o)
    0x08005f08   0x08005f08   0x0000000c   Code   RO         4922    x$fpl$dretinf       fz_ws.l(dretinf.o)
    0x08005f14   0x08005f14   0x0000006c   Code   RO         4924    x$fpl$drleqf        fz_ws.l(drleqf.o)
    0x08005f80   0x08005f80   0x00000016   Code   RO         4825    x$fpl$drsb          fz_ws.l(daddsub_clz.o)
    0x08005f96   0x08005f96   0x00000002   PAD
    0x08005f98   0x08005f98   0x000001cc   Code   RO         5006    x$fpl$dsqrt         fz_ws.l(dsqrt_noumaal.o)
    0x08006164   0x08006164   0x000001d4   Code   RO         4826    x$fpl$dsub          fz_ws.l(daddsub_clz.o)
    0x08006338   0x08006338   0x00000056   Code   RO         4842    x$fpl$f2d           fz_ws.l(f2d.o)
    0x0800638e   0x0800638e   0x00000002   PAD
    0x08006390   0x08006390   0x000000c4   Code   RO         4844    x$fpl$fadd          fz_ws.l(faddsub_clz.o)
    0x08006454   0x08006454   0x0000000c   Code   RO         4926    x$fpl$fcheck1       fz_ws.l(fcheck1.o)
    0x08006460   0x08006460   0x00000184   Code   RO         4851    x$fpl$fdiv          fz_ws.l(fdiv.o)
    0x080065e4   0x080065e4   0x00000036   Code   RO         4854    x$fpl$ffix          fz_ws.l(ffix.o)
    0x0800661a   0x0800661a   0x00000002   PAD
    0x0800661c   0x0800661c   0x00000030   Code   RO         4863    x$fpl$fflt          fz_ws.l(fflt_clz.o)
    0x0800664c   0x0800664c   0x00000026   Code   RO         4862    x$fpl$ffltu         fz_ws.l(fflt_clz.o)
    0x08006672   0x08006672   0x00000002   PAD
    0x08006674   0x08006674   0x00000102   Code   RO         4870    x$fpl$fmul          fz_ws.l(fmul.o)
    0x08006776   0x08006776   0x0000008c   Code   RO         4930    x$fpl$fnaninf       fz_ws.l(fnaninf.o)
    0x08006802   0x08006802   0x0000000a   Code   RO         4932    x$fpl$fretinf       fz_ws.l(fretinf.o)
    0x0800680c   0x0800680c   0x00000014   Code   RO         4845    x$fpl$frsb          fz_ws.l(faddsub_clz.o)
    0x08006820   0x08006820   0x000000ea   Code   RO         4846    x$fpl$fsub          fz_ws.l(faddsub_clz.o)
    0x0800690a   0x0800690a   0x00000064   Code   RO         5008    x$fpl$retnan        fz_ws.l(retnan.o)
    0x0800696e   0x0800696e   0x0000005c   Code   RO         4874    x$fpl$scalbn        fz_ws.l(scalbn.o)
    0x080069ca   0x080069ca   0x0000004c   Code   RO         4876    x$fpl$scalbnf       fz_ws.l(scalbnf.o)
    0x08006a16   0x08006a16   0x00000030   Code   RO         5027    x$fpl$trapveneer    fz_ws.l(trapv.o)
    0x08006a46   0x08006a46   0x00000000   Code   RO         4934    x$fpl$usenofp       fz_ws.l(usenofp.o)
    0x08006a46   0x08006a46   0x00000012   Data   RO         1163    .constdata          stm32f1xx_hal_rcc.o
    0x08006a58   0x08006a58   0x00000012   Data   RO         1255    .constdata          stm32f1xx_hal_rcc_ex.o
    0x08006a6a   0x08006a6a   0x00000010   Data   RO         3612    .constdata          system_stm32f1xx.o
    0x08006a7a   0x08006a7a   0x00000008   Data   RO         3613    .constdata          system_stm32f1xx.o
    0x08006a82   0x08006a82   0x0000000c   Data   RO         4123    .constdata          inv_mpu.o
    0x08006a8e   0x08006a8e   0x0000001b   Data   RO         4124    .constdata          inv_mpu.o
    0x08006aa9   0x08006aa9   0x00000003   PAD
    0x08006aac   0x08006aac   0x00000028   Data   RO         4125    .constdata          inv_mpu.o
    0x08006ad4   0x08006ad4   0x00000004   PAD
    0x08006ad8   0x08006ad8   0x00000050   Data   RO         4880    .constdata          m_ws.l(asin.o)
    0x08006b28   0x08006b28   0x00000088   Data   RO         4898    .constdata          m_ws.l(pow.o)
    0x08006bb0   0x08006bb0   0x00000098   Data   RO         4937    .constdata          m_ws.l(atan.o)
    0x08006c48   0x08006c48   0x00000008   Data   RO         4963    .constdata          m_ws.l(qnan.o)
    0x08006c50   0x08006c50   0x00000020   Data   RO         5157    Region$$Table       anon$$obj.o


    Execution Region RW_IRAM1 (Exec base: 0x20000000, Load base: 0x08006c70, Size: 0x00000f18, Max: 0x00005000, ABSOLUTE, COMPRESSED[0x00000048])

    Exec Addr    Load Addr    Size         Type   Attr      Idx    E Section Name        Object

    0x20000000   COMPRESSED   0x00000001   Data   RW           17    .data               main.o
    0x20000001   COMPRESSED   0x00000001   Data   RW           18    .data               main.o
    0x20000002   COMPRESSED   0x00000001   Data   RW           19    .data               main.o
    0x20000003   COMPRESSED   0x00000001   Data   RW           21    .data               main.o
    0x20000004   COMPRESSED   0x00000001   Data   RW           22    .data               main.o
    0x20000005   COMPRESSED   0x00000001   Data   RW           23    .data               main.o
    0x20000006   COMPRESSED   0x00000002   PAD
    0x20000008   COMPRESSED   0x00000004   Data   RW           24    .data               main.o
    0x2000000c   COMPRESSED   0x00000004   Data   RW           25    .data               main.o
    0x20000010   COMPRESSED   0x00000004   Data   RW           26    .data               main.o
    0x20000014   COMPRESSED   0x00000004   Data   RW           27    .data               main.o
    0x20000018   COMPRESSED   0x00000004   Data   RW           28    .data               main.o
    0x2000001c   COMPRESSED   0x00000004   Data   RW           29    .data               main.o
    0x20000020   COMPRESSED   0x00000001   Data   RW           30    .data               main.o
    0x20000021   COMPRESSED   0x00000001   Data   RW           31    .data               main.o
    0x20000022   COMPRESSED   0x00000001   Data   RW           32    .data               main.o
    0x20000023   COMPRESSED   0x00000001   Data   RW           33    .data               main.o
    0x20000024   COMPRESSED   0x00000004   Data   RW           34    .data               main.o
    0x20000028   COMPRESSED   0x00000004   Data   RW           35    .data               main.o
    0x2000002c   COMPRESSED   0x00000004   Data   RW           36    .data               main.o
    0x20000030   COMPRESSED   0x00000004   Data   RW           37    .data               main.o
    0x20000034   COMPRESSED   0x00000004   Data   RW           38    .data               main.o
    0x20000038   COMPRESSED   0x00000004   Data   RW           39    .data               main.o
    0x2000003c   COMPRESSED   0x00000004   Data   RW           40    .data               main.o
    0x20000040   COMPRESSED   0x00000004   Data   RW           41    .data               main.o
    0x20000044   COMPRESSED   0x00000004   Data   RW           46    .data               main.o
    0x20000048   COMPRESSED   0x00000004   Data   RW           47    .data               main.o
    0x2000004c   COMPRESSED   0x00000004   Data   RW           48    .data               main.o
    0x20000050   COMPRESSED   0x00000001   Data   RW           49    .data               main.o
    0x20000051   COMPRESSED   0x00000003   PAD
    0x20000054   COMPRESSED   0x00000004   Data   RW           50    .data               main.o
    0x20000058   COMPRESSED   0x00000004   Data   RW          467    .data               usart.o
    0x2000005c   COMPRESSED   0x0000000c   Data   RW         1000    .data               stm32f1xx_hal.o
    0x20000068   COMPRESSED   0x00000004   Data   RW         3614    .data               system_stm32f1xx.o
    0x2000006c   COMPRESSED   0x00000010   Data   RW         3880    .data               usart3.o
    0x2000007c   COMPRESSED   0x00000004   Data   RW         3975    .data               delay.o
    0x20000080   COMPRESSED   0x0000007c   Data   RW         4042    .data               filter.o
    0x200000fc   COMPRESSED   0x0000002c   Data   RW         4127    .data               inv_mpu.o
    0x20000128   COMPRESSED   0x00000035   Data   RW         4573    .data               mpu6050.o
    0x2000015d   COMPRESSED   0x00000003   PAD
    0x20000160   COMPRESSED   0x0000003c   Data   RW         4685    .data               control.o
    0x2000019c        -       0x00000030   Zero   RW          296    .bss                adc.o
    0x200001cc        -       0x00000058   Zero   RW          343    .bss                spi.o
    0x20000224        -       0x00000120   Zero   RW          391    .bss                tim.o
    0x20000344        -       0x00000090   Zero   RW          466    .bss                usart.o
    0x200003d4        -       0x00000480   Zero   RW         3657    .bss                oled_hal.o
    0x20000854        -       0x00000032   Zero   RW         3879    .bss                usart3.o
    0x20000886   COMPRESSED   0x00000002   PAD
    0x20000888        -       0x00000020   Zero   RW         4041    .bss                filter.o
    0x200008a8        -       0x00000010   Zero   RW         4405    .bss                inv_mpu_dmp_motion_driver.o
    0x200008b8        -       0x00000060   Zero   RW         5011    .bss                c_w.l(libspace.o)
    0x20000918        -       0x00000200   Zero   RW            2    HEAP                startup_stm32f103xb.o
    0x20000b18        -       0x00000400   Zero   RW            1    STACK               startup_stm32f103xb.o


==============================================================================

Image component sizes


      Code (inc. data)   RO Data    RW Data    ZI Data      Debug   Object Name

       172         22          0          0         48       1741   adc.o
      1942        312          0         60          0      10118   control.o
       136         18          0          4          0       1715   delay.o
        36          8          0          0          0        607   encoder.o
       832         60          0        124         32       3587   filter.o
       248         22          0          0          0       1043   gpio.o
       482         10         79         44          0       6761   inv_mpu.o
       356          4          0          0         16       7363   inv_mpu_dmp_motion_driver.o
       822         60          0          0          0       6869   ioi2c.o
        16          6          0          0          0        433   led.o
       260         20          0         83          0     457550   main.o
       512         20          0         53          0       3534   mpu6050.o
       460         24          0          0       1152       3691   oled_hal.o
       168         20          0          0         88       1741   spi.o
        64         26        236          0       1536        836   startup_stm32f103xb.o
       164         28          0         12          0       6093   stm32f1xx_hal.o
       746         34          0          0          0       4185   stm32f1xx_hal_adc.o
       216          6          0          0          0       1478   stm32f1xx_hal_adc_ex.o
       198         14          0          0          0      29095   stm32f1xx_hal_cortex.o
       222          4          0          0          0       1843   stm32f1xx_hal_dma.o
       530         40          0          0          0       4220   stm32f1xx_hal_gpio.o
        68         10          0          0          0        922   stm32f1xx_hal_msp.o
      1240         84         18          0          0       5256   stm32f1xx_hal_rcc.o
       400         28         18          0          0       2537   stm32f1xx_hal_rcc_ex.o
       772          4          0          0          0       4462   stm32f1xx_hal_spi.o
      1958         44          0          0          0      18489   stm32f1xx_hal_tim.o
       192         12          0          0          0       3309   stm32f1xx_hal_tim_ex.o
      1554         10          0          0          0      11292   stm32f1xx_hal_uart.o
        76         24          0          0          0       6373   stm32f1xx_it.o
         2          0         24          4          0       1191   system_stm32f1xx.o
       892         80          0          0        288       5337   tim.o
       370         48          0          4        144       4695   usart.o
       520         74          0         16         50       2020   usart3.o

    ----------------------------------------------------------------------
     16660       1176        414        412       3356     620386   Object Totals
         0          0         32          0          0          0   (incl. Generated)
        34          0          7          8          2          0   (incl. Padding)

    ----------------------------------------------------------------------

      Code (inc. data)   RO Data    RW Data    ZI Data      Debug   Library Member Name

        90          0          0          0          0          0   __dczerorl2.o
         8          0          0          0          0         68   __main.o
       104          0          0          0          0         84   __printf.o
         0          0          0          0          0          0   __rtentry.o
        12          0          0          0          0          0   __rtentry2.o
         6          0          0          0          0          0   __rtentry4.o
        52          8          0          0          0          0   __scatter.o
        28          0          0          0          0          0   __scatter_zi.o
        48          6          0          0          0         96   _printf_char_common.o
        36          4          0          0          0         80   _printf_char_file.o
         6          0          0          0          0          0   _printf_d.o
       120         16          0          0          0         92   _printf_dec.o
       178          0          0          0          0         88   _printf_intcommon.o
         0          0          0          0          0          0   _printf_percent.o
         4          0          0          0          0          0   _printf_percent_end.o
        22          0          0          0          0        100   _rserrno.o
        18          0          0          0          0         80   exit.o
         8          0          0          0          0         68   ferror.o
         6          0          0          0          0        152   heapauxi.o
         2          0          0          0          0          0   libinit.o
         2          0          0          0          0          0   libinit2.o
         2          0          0          0          0          0   libshutdown.o
         2          0          0          0          0          0   libshutdown2.o
         8          4          0          0         96         68   libspace.o
        24          4          0          0          0         84   noretval__2printf.o
         8          4          0          0          0         68   rt_errno_addr_intlibspace.o
        68          0          0          0          0         68   rt_memclr.o
        78          0          0          0          0         80   rt_memclr_w.o
         2          0          0          0          0          0   rtexit.o
        10          0          0          0          0          0   rtexit2.o
        74          0          0          0          0         80   sys_stackheap_outer.o
        98          4          0          0          0         92   d2f.o
       826         16          0          0          0        348   daddsub_clz.o
        16          4          0          0          0         68   dcheck1.o
        24          0          0          0          0         68   dcmpi.o
       688        140          0          0          0        208   ddiv.o
       120          4          0          0          0         92   deqf.o
        46          0          0          0          0         68   dflt_clz.o
       120          4          0          0          0         92   dleqf.o
       340         12          0          0          0        104   dmul.o
       156          4          0          0          0         92   dnaninf.o
        12          0          0          0          0         68   dretinf.o
       108          0          0          0          0         80   drleqf.o
       460         56          0          0          0        120   dsqrt_noumaal.o
        86          4          0          0          0         84   f2d.o
       450          8          0          0          0        236   faddsub_clz.o
        12          4          0          0          0         68   fcheck1.o
       388         76          0          0          0         96   fdiv.o
        54          4          0          0          0         84   ffix.o
        86          0          0          0          0        136   fflt_clz.o
       258          4          0          0          0         84   fmul.o
       140          4          0          0          0         84   fnaninf.o
        10          0          0          0          0         68   fretinf.o
       100          0          0          0          0         68   retnan.o
        92          0          0          0          0         68   scalbn.o
        76          0          0          0          0         68   scalbnf.o
        48          0          0          0          0         68   trapv.o
         0          0          0          0          0          0   usenofp.o
       624         52         80          0          0        168   asin.o
       544         70        152          0          0        124   atan.o
       412         38          0          0          0        144   atan2.o
        68         10          0          0          0        408   dunder.o
        40          0          0          0          0         68   fpclassify.o
       170          0          0          0          0         96   poly.o
      2520        190        136          0          0        324   pow.o
         0          0          8          0          0          0   qnan.o
        76          0          0          0          0         84   sqrt.o

    ----------------------------------------------------------------------
     10310        754        376          0         96       5484   Library Totals
        16          0          0          0          0          0   (incl. Padding)

    ----------------------------------------------------------------------

      Code (inc. data)   RO Data    RW Data    ZI Data      Debug   Library Name

      1026         46          0          0         96       1356   c_w.l
      4814        348          0          0          0       2712   fz_ws.l
      4454        360        376          0          0       1416   m_ws.l

    ----------------------------------------------------------------------
     10310        754        376          0         96       5484   Library Totals

    ----------------------------------------------------------------------

==============================================================================


      Code (inc. data)   RO Data    RW Data    ZI Data      Debug   

     26970       1930        790        412       3452     615518   Grand Totals
     26970       1930        790         72       3452     615518   ELF Image Totals (compressed)
     26970       1930        790         72          0          0   ROM Totals

==============================================================================

    Total RO  Size (Code + RO Data)                27760 (  27.11kB)
    Total RW  Size (RW Data + ZI Data)              3864 (   3.77kB)
    Total ROM Size (Code + RO Data + RW Data)      27832 (  27.18kB)

==============================================================================

